Component: ARM Compiler 5.06 update 6 (build 750) Tool: armlink [4d35ed]

==============================================================================

Section Cross References

    stm32f4xx_hal_can.o(i.CAN_Receive_IT) refers to stm32f4xx_hal_can.o(i.HAL_CAN_RxCpltCallback) for HAL_CAN_RxCpltCallback
    stm32f4xx_hal_can.o(i.HAL_CAN_DeInit) refers to stm32f4xx_hal_msp.o(i.HAL_CAN_MspDeInit) for HAL_CAN_MspDeInit
    stm32f4xx_hal_can.o(i.HAL_CAN_IRQHandler) refers to stm32f4xx_hal_can.o(i.HAL_CAN_TxCpltCallback) for HAL_CAN_TxCpltCallback
    stm32f4xx_hal_can.o(i.HAL_CAN_IRQHandler) refers to stm32f4xx_hal_can.o(i.CAN_Receive_IT) for CAN_Receive_IT
    stm32f4xx_hal_can.o(i.HAL_CAN_IRQHandler) refers to stm32f4xx_hal_can.o(i.HAL_CAN_ErrorCallback) for HAL_CAN_ErrorCallback
    stm32f4xx_hal_can.o(i.HAL_CAN_Init) refers to stm32f4xx_hal_msp.o(i.HAL_CAN_MspInit) for HAL_CAN_MspInit
    stm32f4xx_hal_can.o(i.HAL_CAN_Init) refers to stm32f4xx_hal.o(i.HAL_GetTick) for HAL_GetTick
    stm32f4xx_hal_can.o(i.HAL_CAN_Receive) refers to stm32f4xx_hal.o(i.HAL_GetTick) for HAL_GetTick
    stm32f4xx_hal_can.o(i.HAL_CAN_Sleep) refers to stm32f4xx_hal.o(i.HAL_GetTick) for HAL_GetTick
    stm32f4xx_hal_can.o(i.HAL_CAN_Transmit) refers to stm32f4xx_hal.o(i.HAL_GetTick) for HAL_GetTick
    stm32f4xx_hal_can.o(i.HAL_CAN_WakeUp) refers to stm32f4xx_hal.o(i.HAL_GetTick) for HAL_GetTick
    stm32f4xx_hal_tim.o(i.HAL_TIM_Base_DeInit) refers to stm32f4xx_hal_msp.o(i.HAL_TIM_Base_MspDeInit) for HAL_TIM_Base_MspDeInit
    stm32f4xx_hal_tim.o(i.HAL_TIM_Base_Init) refers to stm32f4xx_hal_msp.o(i.HAL_TIM_Base_MspInit) for HAL_TIM_Base_MspInit
    stm32f4xx_hal_tim.o(i.HAL_TIM_Base_Init) refers to stm32f4xx_hal_tim.o(i.TIM_Base_SetConfig) for TIM_Base_SetConfig
    stm32f4xx_hal_tim.o(i.HAL_TIM_Base_Start_DMA) refers to stm32f4xx_hal_dma.o(i.HAL_DMA_Start_IT) for HAL_DMA_Start_IT
    stm32f4xx_hal_tim.o(i.HAL_TIM_Base_Start_DMA) refers to stm32f4xx_hal_tim.o(i.TIM_DMAPeriodElapsedCplt) for TIM_DMAPeriodElapsedCplt
    stm32f4xx_hal_tim.o(i.HAL_TIM_Base_Start_DMA) refers to stm32f4xx_hal_tim.o(i.TIM_DMAError) for TIM_DMAError
    stm32f4xx_hal_tim.o(i.HAL_TIM_ConfigClockSource) refers to stm32f4xx_hal_tim.o(i.TIM_ETR_SetConfig) for TIM_ETR_SetConfig
    stm32f4xx_hal_tim.o(i.HAL_TIM_ConfigClockSource) refers to stm32f4xx_hal_tim.o(i.TIM_TI1_ConfigInputStage) for TIM_TI1_ConfigInputStage
    stm32f4xx_hal_tim.o(i.HAL_TIM_ConfigClockSource) refers to stm32f4xx_hal_tim.o(i.TIM_TI2_ConfigInputStage) for TIM_TI2_ConfigInputStage
    stm32f4xx_hal_tim.o(i.HAL_TIM_ConfigClockSource) refers to stm32f4xx_hal_tim.o(i.TIM_ITRx_SetConfig) for TIM_ITRx_SetConfig
    stm32f4xx_hal_tim.o(i.HAL_TIM_ConfigOCrefClear) refers to stm32f4xx_hal_tim.o(i.TIM_ETR_SetConfig) for TIM_ETR_SetConfig
    stm32f4xx_hal_tim.o(i.HAL_TIM_DMABurst_ReadStart) refers to stm32f4xx_hal_dma.o(i.HAL_DMA_Start_IT) for HAL_DMA_Start_IT
    stm32f4xx_hal_tim.o(i.HAL_TIM_DMABurst_ReadStart) refers to stm32f4xx_hal_tim.o(i.TIM_DMAError) for TIM_DMAError
    stm32f4xx_hal_tim.o(i.HAL_TIM_DMABurst_ReadStart) refers to stm32f4xx_hal_tim.o(i.TIM_DMACaptureCplt) for TIM_DMACaptureCplt
    stm32f4xx_hal_tim.o(i.HAL_TIM_DMABurst_ReadStart) refers to stm32f4xx_hal_tim.o(i.TIM_DMAPeriodElapsedCplt) for TIM_DMAPeriodElapsedCplt
    stm32f4xx_hal_tim.o(i.HAL_TIM_DMABurst_ReadStart) refers to stm32f4xx_hal_tim_ex.o(i.TIMEx_DMACommutationCplt) for TIMEx_DMACommutationCplt
    stm32f4xx_hal_tim.o(i.HAL_TIM_DMABurst_ReadStart) refers to stm32f4xx_hal_tim.o(i.TIM_DMATriggerCplt) for TIM_DMATriggerCplt
    stm32f4xx_hal_tim.o(i.HAL_TIM_DMABurst_ReadStop) refers to stm32f4xx_hal_dma.o(i.HAL_DMA_Abort) for HAL_DMA_Abort
    stm32f4xx_hal_tim.o(i.HAL_TIM_DMABurst_WriteStart) refers to stm32f4xx_hal_dma.o(i.HAL_DMA_Start_IT) for HAL_DMA_Start_IT
    stm32f4xx_hal_tim.o(i.HAL_TIM_DMABurst_WriteStart) refers to stm32f4xx_hal_tim.o(i.TIM_DMAError) for TIM_DMAError
    stm32f4xx_hal_tim.o(i.HAL_TIM_DMABurst_WriteStart) refers to stm32f4xx_hal_tim.o(i.TIM_DMADelayPulseCplt) for TIM_DMADelayPulseCplt
    stm32f4xx_hal_tim.o(i.HAL_TIM_DMABurst_WriteStart) refers to stm32f4xx_hal_tim.o(i.TIM_DMAPeriodElapsedCplt) for TIM_DMAPeriodElapsedCplt
    stm32f4xx_hal_tim.o(i.HAL_TIM_DMABurst_WriteStart) refers to stm32f4xx_hal_tim_ex.o(i.TIMEx_DMACommutationCplt) for TIMEx_DMACommutationCplt
    stm32f4xx_hal_tim.o(i.HAL_TIM_DMABurst_WriteStart) refers to stm32f4xx_hal_tim.o(i.TIM_DMATriggerCplt) for TIM_DMATriggerCplt
    stm32f4xx_hal_tim.o(i.HAL_TIM_DMABurst_WriteStop) refers to stm32f4xx_hal_dma.o(i.HAL_DMA_Abort) for HAL_DMA_Abort
    stm32f4xx_hal_tim.o(i.HAL_TIM_Encoder_DeInit) refers to stm32f4xx_hal_tim.o(i.HAL_TIM_Encoder_MspDeInit) for HAL_TIM_Encoder_MspDeInit
    stm32f4xx_hal_tim.o(i.HAL_TIM_Encoder_Init) refers to stm32f4xx_hal_tim.o(i.HAL_TIM_Encoder_MspInit) for HAL_TIM_Encoder_MspInit
[...]
    TAMP_STAMP_IRQHandler                    0x080001b7   Thumb Code     0  startup_stm32f405xx.o(.text)
    TIM1_BRK_TIM9_IRQHandler                 0x080001b7   Thumb Code     0  startup_stm32f405xx.o(.text)
    TIM1_CC_IRQHandler                       0x080001b7   Thumb Code     0  startup_stm32f405xx.o(.text)
    TIM1_TRG_COM_TIM11_IRQHandler            0x080001b7   Thumb Code     0  startup_stm32f405xx.o(.text)
    TIM1_UP_TIM10_IRQHandler                 0x080001b7   Thumb Code     0  startup_stm32f405xx.o(.text)
    TIM6_DAC_IRQHandler                      0x080001b7   Thumb Code     0  startup_stm32f405xx.o(.text)
    TIM7_IRQHandler                          0x080001b7   Thumb Code     0  startup_stm32f405xx.o(.text)
    TIM8_BRK_TIM12_IRQHandler                0x080001b7   Thumb Code     0  startup_stm32f405xx.o(.text)
    TIM8_CC_IRQHandler                       0x080001b7   Thumb Code     0  startup_stm32f405xx.o(.text)
    TIM8_TRG_COM_TIM14_IRQHandler            0x080001b7   Thumb Code     0  startup_stm32f405xx.o(.text)
    TIM8_UP_TIM13_IRQHandler                 0x080001b7   Thumb Code     0  startup_stm32f405xx.o(.text)
    UART4_IRQHandler                         0x080001b7   Thumb Code     0  startup_stm32f405xx.o(.text)
    UART5_IRQHandler                         0x080001b7   Thumb Code     0  startup_stm32f405xx.o(.text)
    USART1_IRQHandler                        0x080001b7   Thumb Code     0  startup_stm32f405xx.o(.text)
    USART2_IRQHandler                        0x080001b7   Thumb Code     0  startup_stm32f405xx.o(.text)
    USART3_IRQHandler                        0x080001b7   Thumb Code     0  startup_stm32f405xx.o(.text)
    USART6_IRQHandler                        0x080001b7   Thumb Code     0  startup_stm32f405xx.o(.text)
    WWDG_IRQHandler                          0x080001b7   Thumb Code     0  startup_stm32f405xx.o(.text)
    __aeabi_memcpy                           0x080001c1   Thumb Code    36  memcpya.o(.text)
    __aeabi_memcpy4                          0x080001c1   Thumb Code     0  memcpya.o(.text)
    __aeabi_memcpy8                          0x080001c1   Thumb Code     0  memcpya.o(.text)
    __aeabi_dmul                             0x080001e5   Thumb Code   228  dmul.o(.text)
    __aeabi_ddiv                             0x080002c9   Thumb Code   222  ddiv.o(.text)
    __aeabi_i2d                              0x080003a7   Thumb Code    34  dflti.o(.text)
    __aeabi_ui2d                             0x080003c9   Thumb Code    26  dfltui.o(.text)
    __aeabi_d2iz                             0x080003e3   Thumb Code    62  dfixi.o(.text)
    __aeabi_d2uiz                            0x08000421   Thumb Code    50  dfixui.o(.text)
    __aeabi_f2d                              0x08000453   Thumb Code    38  f2d.o(.text)
    __aeabi_d2f                              0x08000479   Thumb Code    56  d2f.o(.text)
    __aeabi_llsr                             0x080004b1   Thumb Code    32  llushr.o(.text)
    _ll_ushift_r                             0x080004b1   Thumb Code     0  llushr.o(.text)
    __I$use$fp                               0x080004d1   Thumb Code     0  iusefp.o(.text)
    _float_round                             0x080004d1   Thumb Code    18  fepilogue.o(.text)
    _float_epilogue                          0x080004e3   Thumb Code    92  fepilogue.o(.text)
    _double_round                            0x0800053f   Thumb Code    30  depilogue.o(.text)
    _double_epilogue                         0x0800055d   Thumb Code   156  depilogue.o(.text)
    __scatterload                            0x080005f9   Thumb Code    28  init.o(.text)
    __scatterload_rt2                        0x080005f9   Thumb Code     0  init.o(.text)
    __aeabi_llsl                             0x0800061d   Thumb Code    30  llshl.o(.text)
    _ll_shift_l                              0x0800061d   Thumb Code     0  llshl.o(.text)
    __decompress                             0x0800063b   Thumb Code     0  __dczerorl2.o(.text)
    __decompress1                            0x0800063b   Thumb Code    86  __dczerorl2.o(.text)
    BusFault_Handler                         0x08000691   Thumb Code     2  stm32f4xx_it.o(i.BusFault_Handler)
    CAN1_RX0_IRQHandler                      0x08000695   Thumb Code   122  stm32f4xx_it.o(i.CAN1_RX0_IRQHandler)
    CAN1_TX_IRQHandler                       0x08000741   Thumb Code     6  stm32f4xx_it.o(i.CAN1_TX_IRQHandler)
    Can_WriteData                            0x08000875   Thumb Code    40  moshicanshu.o(i.Can_WriteData)
    DATDDP                                   0x080008a9   Thumb Code    76  stm32f4xx_hal_msp.o(i.DATDDP)
    DMA2_Stream0_IRQHandler                  0x080008f9   Thumb Code   164  stm32f4xx_it.o(i.DMA2_Stream0_IRQHandler)
    DMA2_Stream3_IRQHandler                  0x080009e5   Thumb Code     6  stm32f4xx_it.o(i.DMA2_Stream3_IRQHandler)
    DebugMon_Handler                         0x08000a95   Thumb Code     2  stm32f4xx_it.o(i.DebugMon_Handler)
    EXTI15_10_IRQHandler                     0x08000a99   Thumb Code   800  stm32f4xx_it.o(i.EXTI15_10_IRQHandler)
    EXTI3_IRQHandler                         0x08000e41   Thumb Code   184  stm32f4xx_it.o(i.EXTI3_IRQHandler)
    EXTI4_IRQHandler                         0x08000f35   Thumb Code    16  stm32f4xx_it.o(i.EXTI4_IRQHandler)
    FW_Fixed_Exec                            0x08000f49   Thumb Code   288  moshicanshu.o(i.FW_Fixed_Exec)
    HAL_CAN_ConfigFilter                     0x08001081   Thumb Code   244  stm32f4xx_hal_can.o(i.HAL_CAN_ConfigFilter)
    HAL_CAN_ErrorCallback                    0x08001179   Thumb Code     2  stm32f4xx_hal_can.o(i.HAL_CAN_ErrorCallback)
    HAL_CAN_IRQHandler                       0x0800117d   Thumb Code   548  stm32f4xx_hal_can.o(i.HAL_CAN_IRQHandler)
    HAL_CAN_Init                             0x080013b1   Thumb Code   328  stm32f4xx_hal_can.o(i.HAL_CAN_Init)
    HAL_CAN_MspInit                          0x080014f9   Thumb Code   220  stm32f4xx_hal_msp.o(i.HAL_CAN_MspInit)
    HAL_CAN_Receive_IT                       0x08001609   Thumb Code   180  stm32f4xx_hal_can.o(i.HAL_CAN_Receive_IT)
    HAL_CAN_RxCpltCallback                   0x080016bd   Thumb Code     2  stm32f4xx_hal_can.o(i.HAL_CAN_RxCpltCallback)
    HAL_CAN_Transmit_IT                      0x080016bf   Thumb Code   292  stm32f4xx_hal_can.o(i.HAL_CAN_Transmit_IT)
    HAL_CAN_TxCpltCallback                   0x080017e3   Thumb Code     2  stm32f4xx_hal_can.o(i.HAL_CAN_TxCpltCallback)
    HAL_DMA_DeInit                           0x080017e5   Thumb Code    86  stm32f4xx_hal_dma.o(i.HAL_DMA_DeInit)
    HAL_DMA_IRQHandler                       0x0800183d   Thumb Code   414  stm32f4xx_hal_dma.o(i.HAL_DMA_IRQHandler)
    HAL_DMA_Init                             0x080019e5   Thumb Code   206  stm32f4xx_hal_dma.o(i.HAL_DMA_Init)
    HAL_DMA_Start_IT                         0x08001ab9   Thumb Code   120  stm32f4xx_hal_dma.o(i.HAL_DMA_Start_IT)
    HAL_GPIO_DeInit                          0x08001b31   Thumb Code   288  stm32f4xx_hal_gpio.o(i.HAL_GPIO_DeInit)
    HAL_GPIO_EXTI_Callback                   0x08001c79   Thumb Code     2  stm32f4xx_hal_gpio.o(i.HAL_GPIO_EXTI_Callback)
    HAL_GPIO_EXTI_IRQHandler                 0x08001c7d   Thumb Code    18  stm32f4xx_hal_gpio.o(i.HAL_GPIO_EXTI_IRQHandler)
    HAL_GPIO_Init                            0x08001c95   Thumb Code   388  stm32f4xx_hal_gpio.o(i.HAL_GPIO_Init)
    HAL_GPIO_ReadPin                         0x08001e45   Thumb Code    10  stm32f4xx_hal_gpio.o(i.HAL_GPIO_ReadPin)
    HAL_GPIO_WritePin                        0x08001e4f   Thumb Code    10  stm32f4xx_hal_gpio.o(i.HAL_GPIO_WritePin)
    HAL_GetTick                              0x08001e59   Thumb Code     6  stm32f4xx_hal.o(i.HAL_GetTick)
    HAL_I2C_GetError                         0x08001e65   Thumb Code     4  stm32f4xx_hal_i2c.o(i.HAL_I2C_GetError)
    HAL_I2C_Init                             0x08001e69   Thumb Code   254  stm32f4xx_hal_i2c.o(i.HAL_I2C_Init)
    HAL_I2C_Mem_Read                         0x08001f71   Thumb Code   496  stm32f4xx_hal_i2c.o(i.HAL_I2C_Mem_Read)
    HAL_I2C_Mem_Write                        0x0800216d   Thumb Code   306  stm32f4xx_hal_i2c.o(i.HAL_I2C_Mem_Write)
    HAL_I2C_MspInit                          0x080022a9   Thumb Code    64  stm32f4xx_hal_msp.o(i.HAL_I2C_MspInit)
    HAL_IncTick                              0x080022f5   Thumb Code    10  stm32f4xx_hal.o(i.HAL_IncTick)
    HAL_Init                                 0x08002305   Thumb Code    48  stm32f4xx_hal.o(i.HAL_Init)
    HAL_InitTick                             0x08002339   Thumb Code    34  stm32f4xx_hal.o(i.HAL_InitTick)
    HAL_MspInit                              0x08002361   Thumb Code    88  stm32f4xx_hal_msp.o(i.HAL_MspInit)
    HAL_NVIC_EnableIRQ                       0x080023b9   Thumb Code    22  stm32f4xx_hal_cortex.o(i.HAL_NVIC_EnableIRQ)
    HAL_NVIC_SetPriority                     0x080023d1   Thumb Code    60  stm32f4xx_hal_cortex.o(i.HAL_NVIC_SetPriority)
    HAL_NVIC_SetPriorityGrouping             0x08002411   Thumb Code    26  stm32f4xx_hal_cortex.o(i.HAL_NVIC_SetPriorityGrouping)
    HAL_RCC_ClockConfig                      0x08002435   Thumb Code   364  stm32f4xx_hal_rcc.o(i.HAL_RCC_ClockConfig)
    HAL_RCC_GetHCLKFreq                      0x080025b1   Thumb Code     6  stm32f4xx_hal_rcc.o(i.HAL_RCC_GetHCLKFreq)
    HAL_RCC_GetPCLK1Freq                     0x080025bd   Thumb Code    34  stm32f4xx_hal_rcc.o(i.HAL_RCC_GetPCLK1Freq)
    HAL_RCC_GetSysClockFreq                  0x080025ed   Thumb Code   104  stm32f4xx_hal_rcc.o(i.HAL_RCC_GetSysClockFreq)
    HAL_RCC_OscConfig                        0x0800265d   Thumb Code   770  stm32f4xx_hal_rcc.o(i.HAL_RCC_OscConfig)
    HAL_SPI_DeInit                           0x08002971   Thumb Code    46  stm32f4xx_hal_spi.o(i.HAL_SPI_DeInit)
    HAL_SPI_ErrorCallback                    0x0800299f   Thumb Code     2  stm32f4xx_hal_spi.o(i.HAL_SPI_ErrorCallback)
    HAL_SPI_Init                             0x080029a1   Thumb Code   128  stm32f4xx_hal_spi.o(i.HAL_SPI_Init)
    HAL_SPI_MspDeInit                        0x08002a21   Thumb Code    48  stm32f4xx_hal_msp.o(i.HAL_SPI_MspDeInit)
    HAL_SPI_MspInit                          0x08002a5d   Thumb Code   176  stm32f4xx_hal_msp.o(i.HAL_SPI_MspInit)
    HAL_SPI_RxCpltCallback                   0x08002b41   Thumb Code     2  stm32f4xx_hal_spi.o(i.HAL_SPI_RxCpltCallback)
    HAL_SPI_RxHalfCpltCallback               0x08002b43   Thumb Code     2  stm32f4xx_hal_spi.o(i.HAL_SPI_RxHalfCpltCallback)
    HAL_SPI_TransmitReceive_DMA              0x08002b45   Thumb Code   242  stm32f4xx_hal_spi.o(i.HAL_SPI_TransmitReceive_DMA)
    HAL_SPI_TxRxCpltCallback                 0x08002c4d   Thumb Code     2  stm32f4xx_hal_spi.o(i.HAL_SPI_TxRxCpltCallback)
    HAL_SPI_TxRxHalfCpltCallback             0x08002c4f   Thumb Code     2  stm32f4xx_hal_spi.o(i.HAL_SPI_TxRxHalfCpltCallback)
    HAL_SYSTICK_CLKSourceConfig              0x08002c51   Thumb Code    24  stm32f4xx_hal_cortex.o(i.HAL_SYSTICK_CLKSourceConfig)
    HAL_SYSTICK_Callback                     0x08002c69   Thumb Code     2  stm32f4xx_hal_cortex.o(i.HAL_SYSTICK_Callback)
    HAL_SYSTICK_Config                       0x08002c6b   Thumb Code    40  stm32f4xx_hal_cortex.o(i.HAL_SYSTICK_Config)
    HAL_SYSTICK_IRQHandler                   0x08002c93   Thumb Code     8  stm32f4xx_hal_cortex.o(i.HAL_SYSTICK_IRQHandler)
    HAL_TIMEx_BreakCallback                  0x08002c9b   Thumb Code     2  stm32f4xx_hal_tim_ex.o(i.HAL_TIMEx_BreakCallback)
    HAL_TIMEx_CommutationCallback            0x08002c9d   Thumb Code     2  stm32f4xx_hal_tim_ex.o(i.HAL_TIMEx_CommutationCallback)
    HAL_TIMEx_MasterConfigSynchronization    0x08002c9f   Thumb Code    80  stm32f4xx_hal_tim_ex.o(i.HAL_TIMEx_MasterConfigSynchronization)
    HAL_TIM_Base_Init                        0x08002cef   Thumb Code    54  stm32f4xx_hal_tim.o(i.HAL_TIM_Base_Init)
    HAL_TIM_Base_MspInit                     0x08002d25   Thumb Code    96  stm32f4xx_hal_msp.o(i.HAL_TIM_Base_MspInit)
    HAL_TIM_Base_Start_IT                    0x08002d95   Thumb Code    24  stm32f4xx_hal_tim.o(i.HAL_TIM_Base_Start_IT)
    HAL_TIM_ConfigClockSource                0x08002dad   Thumb Code   242  stm32f4xx_hal_tim.o(i.HAL_TIM_ConfigClockSource)
    HAL_TIM_IC_CaptureCallback               0x08002e9f   Thumb Code     2  stm32f4xx_hal_tim.o(i.HAL_TIM_IC_CaptureCallback)
    HAL_TIM_IRQHandler                       0x08002ea1   Thumb Code   358  stm32f4xx_hal_tim.o(i.HAL_TIM_IRQHandler)
    HAL_TIM_OC_DelayElapsedCallback          0x08003007   Thumb Code     2  stm32f4xx_hal_tim.o(i.HAL_TIM_OC_DelayElapsedCallback)
    HAL_TIM_PWM_PulseFinishedCallback        0x08003009   Thumb Code     2  stm32f4xx_hal_tim.o(i.HAL_TIM_PWM_PulseFinishedCallback)
    HAL_TIM_PeriodElapsedCallback            0x0800300b   Thumb Code     2  stm32f4xx_hal_tim.o(i.HAL_TIM_PeriodElapsedCallback)
    HAL_TIM_TriggerCallback                  0x0800300d   Thumb Code     2  stm32f4xx_hal_tim.o(i.HAL_TIM_TriggerCallback)
    HX530_Senddata                           0x08003011   Thumb Code   254  stm32f4xx_hal_msp.o(i.HX530_Senddata)
    HX530_readdata                           0x08003115   Thumb Code   224  stm32f4xx_hal_msp.o(i.HX530_readdata)
    H_Xy_fan                                 0x08003205   Thumb Code    74  moshicanshu.o(i.H_Xy_fan)
    HardFault_Handler                        0x08003281   Thumb Code     2  stm32f4xx_it.o(i.HardFault_Handler)
    HuanFan                                  0x08003285   Thumb Code   132  stm32f4xx_it.o(i.HuanFan)
    MX_TIM2_SET                              0x080039d5   Thumb Code    30  main.o(i.MX_TIM2_SET)
    MX_TIM3_SET                              0x08003a4d   Thumb Code    28  main.o(i.MX_TIM3_SET)
    MX_TIM4_SET                              0x08003ac5   Thumb Code    28  main.o(i.MX_TIM4_SET)
    MX_TIM5_SET                              0x08003b41   Thumb Code    28  main.o(i.MX_TIM5_SET)
    MemManage_Handler                        0x08003b65   Thumb Code     2  stm32f4xx_it.o(i.MemManage_Handler)
    NMI_Handler                              0x08003b67   Thumb Code     2  stm32f4xx_it.o(i.NMI_Handler)
    PendSV_Handler                           0x08003b89   Thumb Code     2  stm32f4xx_it.o(i.PendSV_Handler)
    RD_AM8192                                0x08003b8d   Thumb Code    70  stm32f4xx_it.o(i.RD_AM8192)
    Read1_AM8192                             0x08003be5   Thumb Code    80  stm32f4xx_it.o(i.Read1_AM8192)
    Read_AM8192                              0x08003c39   Thumb Code    86  stm32f4xx_it.o(i.Read_AM8192)
    SVC_Handler                              0x08003e23   Thumb Code     2  stm32f4xx_it.o(i.SVC_Handler)
    SysTick_Handler                          0x08003e25   Thumb Code  4542  stm32f4xx_it.o(i.SysTick_Handler)
    SystemClock_Config                       0x0800508d   Thumb Code   148  main.o(i.SystemClock_Config)
    SystemInit                               0x08005129   Thumb Code    66  system_stm32f4xx.o(i.SystemInit)
    TIM2_IRQHandler                          0x0800517d   Thumb Code   616  stm32f4xx_it.o(i.TIM2_IRQHandler)
    TIM3_IRQHandler                          0x08005459   Thumb Code   160  stm32f4xx_it.o(i.TIM3_IRQHandler)
    TIM4_IRQHandler                          0x08005525   Thumb Code   144  stm32f4xx_it.o(i.TIM4_IRQHandler)
    TIM5_IRQHandler                          0x080055d1   Thumb Code    90  stm32f4xx_it.o(i.TIM5_IRQHandler)
    TIM_Base_SetConfig                       0x08005641   Thumb Code   148  stm32f4xx_hal_tim.o(i.TIM_Base_SetConfig)
    UsageFault_Handler                       0x0800576b   Thumb Code     2  stm32f4xx_it.o(i.UsageFault_Handler)
    XJ_ext                                   0x0800576d   Thumb Code    32  stm32f4xx_it.o(i.XJ_ext)
    Z_H_SaoMiao                              0x08005795   Thumb Code   228  stm32f4xx_it.o(i.Z_H_SaoMiao)
    _Error_Handler                           0x08005899   Thumb Code     2  main.o(i._Error_Handler)
    __scatterload_copy                       0x0800589b   Thumb Code    14  handlers.o(i.__scatterload_copy)
    __scatterload_null                       0x080058a9   Thumb Code     2  handlers.o(i.__scatterload_null)
    __scatterload_zeroinit                   0x080058ab   Thumb Code    14  handlers.o(i.__scatterload_zeroinit)
    allfwei                                  0x080058b9   Thumb Code   162  stm32f4xx_it.o(i.allfwei)
    chk_kuaifan_24                           0x08005961   Thumb Code    52  stm32f4xx_it.o(i.chk_kuaifan_24)
    chk_mowan                                0x0800599d   Thumb Code    52  stm32f4xx_it.o(i.chk_mowan)
    clr_8192_RD                              0x080059d9   Thumb Code    38  moshicanshu.o(i.clr_8192_RD)
    clr_f8                                   0x08005a05   Thumb Code    60  moshicanshu.o(i.clr_f8)
    dpdatclr                                 0x08005a45   Thumb Code    76  moshicanshu.o(i.dpdatclr)
    excfanwei_STOP                           0x08005a95   Thumb Code   138  moshicanshu.o(i.excfanwei_STOP)
    excomm_QJkz                              0x08005b5d   Thumb Code    18  moshicanshu.o(i.excomm_QJkz)
    exczsfanwei_BJ                           0x08005b79   Thumb Code    32  moshicanshu.o(i.exczsfanwei_BJ)
    exczsfanwei_ST                           0x08005ba9   Thumb Code    22  moshicanshu.o(i.exczsfanwei_ST)
    exppfw                                   0x08005bc9   Thumb Code   164  moshicanshu.o(i.exppfw)
    fanchafanweixiabiao                      0x08005cad   Thumb Code    24  moshicanshu.o(i.fanchafanweixiabiao)
    fweipandin                               0x08005cc9   Thumb Code    14  moshicanshu.o(i.fweipandin)
    jsfxwz                                   0x08005cdd   Thumb Code    46  moshicanshu.o(i.jsfxwz)
    main                                     0x08005d0d   Thumb Code  3742  main.o(i.main)
    setfanwei                                0x08006bcd   Thumb Code    30  main.o(i.setfanwei)
    smypfwei                                 0x08006bf1   Thumb Code   296  stm32f4xx_it.o(i.smypfwei)
    AHBPrescTable                            0x08006d2c   Data          16  system_stm32f4xx.o(.constdata)
    APBPrescTable                            0x08006d3c   Data           8  system_stm32f4xx.o(.constdata)
    pm4p1                                    0x08006d44   Data          17  moshicanshu.o(.constdata)
    fan_wei_24                               0x08006d56   Data          50  moshicanshu.o(.constdata)
    p401                                     0x08006d88   Data           8  moshicanshu.o(.constdata)
    p402                                     0x08006d90   Data           8  moshicanshu.o(.constdata)
    p403                                     0x08006d98   Data           8  moshicanshu.o(.constdata)
    p404                                     0x08006da0   Data           8  moshicanshu.o(.constdata)
    p405                                     0x08006da8   Data           8  moshicanshu.o(.constdata)
    p406                                     0x08006db0   Data           8  moshicanshu.o(.constdata)
    p407                                     0x08006db8   Data           8  moshicanshu.o(.constdata)
    p408                                     0x08006dc0   Data           8  moshicanshu.o(.constdata)
    p409                                     0x08006dc8   Data           8  moshicanshu.o(.constdata)
    p410                                     0x08006dd0   Data           8  moshicanshu.o(.constdata)
    p411                                     0x08006dd8   Data           8  moshicanshu.o(.constdata)
    p412                                     0x08006de0   Data           8  moshicanshu.o(.constdata)
    p413                                     0x08006de8   Data           8  moshicanshu.o(.constdata)
    p414                                     0x08006df0   Data           8  moshicanshu.o(.constdata)
    p415                                     0x08006df8   Data           8  moshicanshu.o(.constdata)
    p416                                     0x08006e00   Data           8  moshicanshu.o(.constdata)
    p4101                                    0x08006e08   Data           5  moshicanshu.o(.constdata)
    p4102                                    0x08006e0d   Data           5  moshicanshu.o(.constdata)
    p4103                                    0x08006e12   Data           6  moshicanshu.o(.constdata)
    p4104                                    0x08006e18   Data           5  moshicanshu.o(.constdata)
    p4105                                    0x08006e1d   Data           6  moshicanshu.o(.constdata)
    p4106                                    0x08006e23   Data           5  moshicanshu.o(.constdata)
    p4107                                    0x08006e28   Data           5  moshicanshu.o(.constdata)
    p4108                                    0x08006e2d   Data           6  moshicanshu.o(.constdata)
    p4109                                    0x08006e33   Data           6  moshicanshu.o(.constdata)
    p4110                                    0x08006e39   Data           5  moshicanshu.o(.constdata)
    p4111                                    0x08006e3e   Data           6  moshicanshu.o(.constdata)
    p4112                                    0x08006e44   Data           5  moshicanshu.o(.constdata)
    p4113                                    0x08006e49   Data           5  moshicanshu.o(.constdata)
    p4114                                    0x08006e4e   Data           5  moshicanshu.o(.constdata)
    p4115                                    0x08006e53   Data           5  moshicanshu.o(.constdata)
    p4116                                    0x08006e58   Data           6  moshicanshu.o(.constdata)
    p4201                                    0x08006e5e   Data           5  moshicanshu.o(.constdata)
    p4202                                    0x08006e63   Data           5  moshicanshu.o(.constdata)
    p4203                                    0x08006e68   Data           5  moshicanshu.o(.constdata)
    p4204                                    0x08006e6d   Data           5  moshicanshu.o(.constdata)
    p4205                                    0x08006e72   Data           5  moshicanshu.o(.constdata)
    p4206                                    0x08006e77   Data           6  moshicanshu.o(.constdata)
    p4207                                    0x08006e7d   Data           6  moshicanshu.o(.constdata)
    p4208                                    0x08006e83   Data           6  moshicanshu.o(.constdata)
    p4209                                    0x08006e89   Data           6  moshicanshu.o(.constdata)
    p4210                                    0x08006e8f   Data           6  moshicanshu.o(.constdata)
    p4211                                    0x08006e95   Data           6  moshicanshu.o(.constdata)
    p4212                                    0x08006e9b   Data           5  moshicanshu.o(.constdata)
    p4213                                    0x08006ea0   Data           5  moshicanshu.o(.constdata)
    p4214                                    0x08006ea5   Data           5  moshicanshu.o(.constdata)
    p4215                                    0x08006eaa   Data           5  moshicanshu.o(.constdata)
    p4216                                    0x08006eaf   Data           6  moshicanshu.o(.constdata)
    p4301                                    0x08006eb5   Data           5  moshicanshu.o(.constdata)
    p4302                                    0x08006eba   Data           5  moshicanshu.o(.constdata)
    p4303                                    0x08006ebf   Data           6  moshicanshu.o(.constdata)
    p4304                                    0x08006ec5   Data           6  moshicanshu.o(.constdata)
    p4305                                    0x08006ecb   Data           6  moshicanshu.o(.constdata)
    p4306                                    0x08006ed1   Data           6  moshicanshu.o(.constdata)
    p4307                                    0x08006ed7   Data           6  moshicanshu.o(.constdata)
    p4308                                    0x08006edd   Data           5  moshicanshu.o(.constdata)
    p4309                                    0x08006ee2   Data           5  moshicanshu.o(.constdata)
    p4310                                    0x08006ee7   Data           5  moshicanshu.o(.constdata)
    p4311                                    0x08006eec   Data           5  moshicanshu.o(.constdata)
    p4312                                    0x08006ef1   Data           5  moshicanshu.o(.constdata)
    p4313                                    0x08006ef6   Data           5  moshicanshu.o(.constdata)
    p4314                                    0x08006efb   Data           5  moshicanshu.o(.constdata)
    p4315                                    0x08006f00   Data           5  moshicanshu.o(.constdata)
    p4316                                    0x08006f05   Data           5  moshicanshu.o(.constdata)
    p201                                     0x08006f0a   Data           9  moshicanshu.o(.constdata)
    p202                                     0x08006f13   Data           9  moshicanshu.o(.constdata)
    p203                                     0x08006f1c   Data           9  moshicanshu.o(.constdata)
    p204                                     0x08006f25   Data           9  moshicanshu.o(.constdata)
    p205                                     0x08006f2e   Data           9  moshicanshu.o(.constdata)
    p206                                     0x08006f37   Data           9  moshicanshu.o(.constdata)
    p207                                     0x08006f40   Data           9  moshicanshu.o(.constdata)
    p208                                     0x08006f49   Data           9  moshicanshu.o(.constdata)
    p209                                     0x08006f52   Data           9  moshicanshu.o(.constdata)
    p210                                     0x08006f5b   Data           9  moshicanshu.o(.constdata)
    p211                                     0x08006f64   Data           9  moshicanshu.o(.constdata)
    p212                                     0x08006f6d   Data           9  moshicanshu.o(.constdata)
    p213                                     0x08006f76   Data           9  moshicanshu.o(.constdata)
    p214                                     0x08006f7f   Data           9  moshicanshu.o(.constdata)
    p215                                     0x08006f88   Data           9  moshicanshu.o(.constdata)
    p216                                     0x08006f91   Data           9  moshicanshu.o(.constdata)
    p2101                                    0x08006f9a   Data           9  moshicanshu.o(.constdata)
    p2102                                    0x08006fa3   Data           9  moshicanshu.o(.constdata)
    p2103                                    0x08006fac   Data           9  moshicanshu.o(.constdata)
    p2104                                    0x08006fb5   Data           9  moshicanshu.o(.constdata)
    p2105                                    0x08006fbe   Data           9  moshicanshu.o(.constdata)
    p2106                                    0x08006fc7   Data           9  moshicanshu.o(.constdata)
    p2107                                    0x08006fd0   Data           9  moshicanshu.o(.constdata)
    p2108                                    0x08006fd9   Data           9  moshicanshu.o(.constdata)
    p2109                                    0x08006fe2   Data           9  moshicanshu.o(.constdata)
    p2110                                    0x08006feb   Data           9  moshicanshu.o(.constdata)
    p2111                                    0x08006ff4   Data           9  moshicanshu.o(.constdata)
    p2112                                    0x08006ffd   Data           9  moshicanshu.o(.constdata)
    p2113                                    0x08007006   Data           9  moshicanshu.o(.constdata)
    p2114                                    0x0800700f   Data           9  moshicanshu.o(.constdata)
    p2115                                    0x08007018   Data           9  moshicanshu.o(.constdata)
    p2116                                    0x08007021   Data           9  moshicanshu.o(.constdata)
    p301                                     0x0800702a   Data           3  moshicanshu.o(.constdata)
    p302                                     0x0800702d   Data           3  moshicanshu.o(.constdata)
    p303                                     0x08007030   Data           9  moshicanshu.o(.constdata)
    p304                                     0x08007039   Data           9  moshicanshu.o(.constdata)
    p305                                     0x08007042   Data           3  moshicanshu.o(.constdata)
    p306                                     0x08007045   Data           3  moshicanshu.o(.constdata)
    p307                                     0x08007048   Data           3  moshicanshu.o(.constdata)
    p308                                     0x0800704b   Data           9  moshicanshu.o(.constdata)
    p309                                     0x08007054   Data           9  moshicanshu.o(.constdata)
    p310                                     0x0800705d   Data           3  moshicanshu.o(.constdata)
    p311                                     0x08007060   Data           3  moshicanshu.o(.constdata)
    p312                                     0x08007063   Data           3  moshicanshu.o(.constdata)
    p313                                     0x08007066   Data           9  moshicanshu.o(.constdata)
    p314                                     0x0800706f   Data           9  moshicanshu.o(.constdata)
    p315                                     0x08007078   Data           3  moshicanshu.o(.constdata)
    p316                                     0x0800707b   Data           3  moshicanshu.o(.constdata)
    Region$$Table$$Base                      0x08007080   Number         0  anon$$obj.o(Region$$Table)
    Region$$Table$$Limit                     0x080070a0   Number         0  anon$$obj.o(Region$$Table)
    uwTick                                   0x20000000   Data           4  stm32f4xx_hal.o(.data)
    SystemCoreClock                          0x20000004   Data           4  system_stm32f4xx.o(.data)
    dchuli_sw                                0x20000008   Data           1  main.o(.data)
    QJJX_sw                                  0x20000009   Data           1  main.o(.data)
    QJ_STAR                                  0x2000000a   Data           1  main.o(.data)
    Run_MS                                   0x2000000c   Data           1  main.o(.data)
    Run_fanwei                               0x2000000d   Data           1  main.o(.data)
    DMA_RES                                  0x2000000e   Data           1  main.o(.data)
    BD_IN_OUT                                0x2000000f   Data           1  main.o(.data)
    AM8192_WD                                0x20000010   Data           1  main.o(.data)
    TaoTong_JC                               0x20000011   Data           1  main.o(.data)
    RUN_ST                                   0x20000012   Data           1  main.o(.data)
    RUN_out                                  0x20000013   Data           1  main.o(.data)
    Run_KeyCMD                               0x20000014   Data           1  main.o(.data)
    DMA_Key_EN                               0x20000015   Data           1  main.o(.data)
    Key_one                                  0x20000016   Data           1  main.o(.data)
    XJ_setp                                  0x20000017   Data           1  main.o(.data)
    XJ_stop                                  0x20000018   Data           1  main.o(.data)
    PG_JG_sw                                 0x20000019   Data           1  main.o(.data)
    EP_HOME                                  0x2000001a   Data           1  main.o(.data)
    EP_ense                                  0x2000001b   Data           1  main.o(.data)
    EP_stop                                  0x2000001c   Data           1  main.o(.data)
    XT_reset                                 0x2000001d   Data           1  main.o(.data)
    TS_SP_zt                                 0x2000001e   Data           1  main.o(.data)
    TS_RD_en                                 0x2000001f   Data           1  main.o(.data)
    SET_BDen                                 0x20000020   Data           1  main.o(.data)
    BD_en                                    0x20000021   Data           1  main.o(.data)
    EP_en                                    0x20000022   Data           1  main.o(.data)
    shitouleixin                             0x20000023   Data           1  main.o(.data)
    TiaoFan_en                               0x20000024   Data           1  main.o(.data)
    MF_ST                                    0x20000025   Data           1  main.o(.data)
    MF_mode                                  0x20000026   Data           1  main.o(.data)
    GD_DW_mode                               0x20000027   Data           1  main.o(.data)
    DW_fanshu                                0x20000028   Data           1  main.o(.data)
    SET_PX                                   0x20000029   Data           1  main.o(.data)
    ZSFW_dp                                  0x2000002a   Data           1  main.o(.data)
    FanWei_XB                                0x2000002b   Data           1  main.o(.data)
    f8_f16                                   0x2000002c   Data           1  main.o(.data)
    en_8f                                    0x2000002d   Data           1  main.o(.data)
    en_16f                                   0x2000002e   Data           1  main.o(.data)
    DP_tim_sw                                0x2000002f   Data           1  main.o(.data)
    CHF_DDP_ERROR                            0x20000030   Data           1  main.o(.data)
    FW_XiaBiao                               0x20000031   Data           1  main.o(.data)
    SW_JG_PG_mode                            0x20000032   Data           1  main.o(.data)
    xs_sw                                    0x20000033   Data           1  main.o(.data)
    BD_Maxsetp                               0x20000034   Data           2  main.o(.data)
    BD_spu                                   0x20000036   Data           2  main.o(.data)
    BD_Minsetp                               0x20000038   Data           2  main.o(.data)
    BD_SHC                                   0x2000003a   Data           2  main.o(.data)
    XJ_equ                                   0x2000003c   Data           2  main.o(.data)
    EP_equ                                   0x2000003e   Data           2  main.o(.data)
    XJ_YL_kz                                 0x20000040   Data           2  main.o(.data)
    START_JD                                 0x20000042   Data           2  main.o(.data)
    bushu_dat                                0x20000044   Data           4  main.o(.data)
    js_mc                                    0x20000048   Data           4  main.o(.data)
    GD_cankao                                0x2000004c   Data           4  main.o(.data)
    XJ_bjdat                                 0x20000050   Data           4  main.o(.data)
    EP_bjdat                                 0x20000054   Data           4  main.o(.data)
    EP_JS_dat                                0x20000058   Data           4  main.o(.data)
    EP_GD_dat                                0x2000005c   Data           4  main.o(.data)
    BD_bjdat                                 0x20000060   Data           4  main.o(.data)
    DP_HMS_dat                               0x20000064   Data           4  main.o(.data)
    BD_JS_dat                                0x20000068   Data           4  main.o(.data)
    BD_RUN                                   0x2000006c   Data           4  main.o(.data)
    BD_JS_DATT                               0x20000070   Data           4  main.o(.data)
    RD_SD_dat                                0x20000074   Data           6  main.o(.data)
    CAN_RX                                   0x2000007c   Data           8  main.o(.data)
    CAN_TX                                   0x20000084   Data           8  main.o(.data)
    AM8192_UM                                0x2000008c   Data           6  main.o(.data)
    AM8192_CP                                0x20000092   Data           2  main.o(.data)
    AM8192_DAT                               0x20000094   Data           4  main.o(.data)
    AM8192_STOP                              0x20000098   Data           4  main.o(.data)
    H_F_STOP_GD                              0x2000009c   Data           4  main.o(.data)
    AM8192_CS                                0x200000a0   Data           1  main.o(.data)
    BD_cnc                                   0x200000a1   Data           1  main.o(.data)
    H_F_check                                0x200000a2   Data           1  main.o(.data)
    XJ_en                                    0x200000a3   Data           1  main.o(.data)
    GD_CHA_IN                                0x200000a4   Data           4  main.o(.data)
    GD_CHA_OUT                               0x200000a8   Data           4  main.o(.data)
    START                                    0x200000ac   Data           1  main.o(.data)
    FW_Fixed                                 0x200000ad   Data           1  main.o(.data)
    FW_setp                                  0x200000ae   Data           1  main.o(.data)
    FW_stop                                  0x200000af   Data           1  main.o(.data)
    TS_RD_wz                                 0x200000b0   Data           1  main.o(.data)
    BD_setp                                  0x200000b1   Data           1  main.o(.data)
    BD_stop                                  0x200000b2   Data           1  main.o(.data)
    CF_tim                                   0x200000b3   Data           1  main.o(.data)
    DF_tim_en                                0x200000b4   Data           1  main.o(.data)
    EP_offset                                0x200000b5   Data           1  main.o(.data)
    auto_YL_ts                               0x200000b6   Data           1  main.o(.data)
    KS_XJ_en                                 0x200000b7   Data           1  main.o(.data)
    MS_Auto                                  0x200000b8   Data           1  main.o(.data)
    COMM_CF                                  0x200000b9   Data           1  main.o(.data)
    tiaofan_enp                              0x200000ba   Data           1  main.o(.data)
    f16_end                                  0x200000bb   Data           1  main.o(.data)
    f8_end                                   0x200000bc   Data           1  main.o(.data)
    Stop_en                                  0x200000bd   Data           1  main.o(.data)
    FW_equ                                   0x200000be   Data           2  main.o(.data)
    BD_equ                                   0x200000c0   Data           2  main.o(.data)
    CF_time                                  0x200000c2   Data           2  main.o(.data)
    tx_fanwei_tim                            0x200000c4   Data           2  main.o(.data)
    YL_dat                                   0x200000c8   Data           4  main.o(.data)
    YL_tnp                                   0x200000cc   Data           4  main.o(.data)
    XJ_js_dat                                0x200000d0   Data           4  main.o(.data)
    YL_max                                   0x200000d4   Data           4  main.o(.data)
    YL_min                                   0x200000d8   Data           4  main.o(.data)
    XJ_bjs                                   0x200000dc   Data           4  main.o(.data)
    Read_buj_um                              0x200000e0   Data           2  main.o(.data)
    QJ_data                                  0x200000e2   Data           2  main.o(.data)
    offset_shangwei                          0x200000e4   Data           2  main.o(.data)
    offset_xiawei                            0x200000e6   Data           2  main.o(.data)
    XJ_Read_dat                              0x200000e8   Data           4  main.o(.data)
    DP_DMS_dat                               0x200000ec   Data           4  main.o(.data)
    FW_bjdat                                 0x200000f0   Data           4  main.o(.data)
    min_SD_dat                               0x200000f4   Data           2  main.o(.data)
    FW_tracking                              0x200000f6   Data           1  main.o(.data)
    FW_tracking_STOP                         0x200000f7   Data           1  main.o(.data)
    F_W_AM8192_DAT                           0x200000f8   Data           2  main.o(.data)
    F_W_AM8192_SET                           0x200000fa   Data           2  main.o(.data)
    Read_dat_en                              0x200000fc   Data           1  main.o(.data)
    TS_tx_en                                 0x200000fd   Data           1  main.o(.data)
    RD_ens                                   0x200000fe   Data           1  main.o(.data)
    TMP1                                     0x200000ff   Data           1  main.o(.data)
    CF_int_js                                0x20000100   Data           1  main.o(.data)
    shangwei_BZ                              0x20000101   Data           1  main.o(.data)
    xiawei_BZ                                0x20000102   Data           1  main.o(.data)
    BD_OPD                                   0x20000104   Data           2  main.o(.data)
    BD_home                                  0x20000106   Data           1  main.o(.data)
    ylcunwz                                  0x20000108   Data           1  stm32f4xx_hal_msp.o(.data)
    tmpp                                     0x2000010c   Data           4  stm32f4xx_hal_msp.o(.data)
    tenp                                     0x20000110   Data           1  stm32f4xx_it.o(.data)
    tmpd                                     0x20000111   Data           1  stm32f4xx_it.o(.data)
    tmpc                                     0x20000112   Data           1  stm32f4xx_it.o(.data)
    XT_IncTick                               0x20000113   Data           1  stm32f4xx_it.o(.data)
    AM8192_RD_time                           0x20000114   Data           1  stm32f4xx_it.o(.data)
    QT_SD_tim                                0x20000115   Data           1  stm32f4xx_it.o(.data)
    Run_tim                                  0x20000116   Data           1  stm32f4xx_it.o(.data)
    RD_jshu                                  0x20000117   Data           1  stm32f4xx_it.o(.data)
    EP_one                                   0x20000118   Data           1  stm32f4xx_it.o(.data)
    tx_tim                                   0x20000119   Data           1  stm32f4xx_it.o(.data)
    TaoTong_JC_js                            0x2000011a   Data           1  stm32f4xx_it.o(.data)
    Read_tim                                 0x2000011c   Data           2  stm32f4xx_it.o(.data)
    cpmm                                     0x2000011e   Data           2  stm32f4xx_it.o(.data)
    yli_dat                                  0x20000120   Data           4  stm32f4xx_it.o(.data)
    P41                                      0x20000124   Data          64  moshicanshu.o(.data)
    P42                                      0x20000164   Data          64  moshicanshu.o(.data)
    P43                                      0x200001a4   Data          64  moshicanshu.o(.data)
    P44                                      0x200001e4   Data          64  moshicanshu.o(.data)
    P21                                      0x20000224   Data          64  moshicanshu.o(.data)
    P22                                      0x20000264   Data          64  moshicanshu.o(.data)
    P31                                      0x200002a4   Data          64  moshicanshu.o(.data)
    P32                                      0x200002e4   Data          64  moshicanshu.o(.data)
    PS                                       0x20000324   Data          32  moshicanshu.o(.data)
    ROM_Data                                 0x20000344   Data         128  main.o(.bss)
    DMA_TX                                   0x200003c4   Data         512  main.o(.bss)
    DMA_RX                                   0x200005c4   Data         510  main.o(.bss)
    hcan1                                    0x200007c4   Data          68  main.o(.bss)
    hi2c2                                    0x20000808   Data          84  main.o(.bss)
    hspi1                                    0x2000085c   Data          88  main.o(.bss)
    htim2                                    0x200008b4   Data          60  main.o(.bss)
    htim3                                    0x200008f0   Data          60  main.o(.bss)
    htim4                                    0x2000092c   Data          60  main.o(.bss)
    htim5                                    0x20000968   Data          60  main.o(.bss)
    Fan_Set                                  0x200009a4   Data          16  main.o(.bss)
    AM8192_R                                 0x200009b4   Data         384  main.o(.bss)
    fanwei_data                              0x20000b34   Data        3648  main.o(.bss)
    hdma_spi1_rx                             0x20001974   Data          96  main.o(.bss)
    hdma_spi1_tx                             0x200019d4   Data          96  main.o(.bss)
    TxMessage                                0x20001a34   Data          28  main.o(.bss)
    RxMessage                                0x20001a50   Data          36  main.o(.bss)
    ts_shupin                                0x20001a74   Data          48  main.o(.bss)
    yldat                                    0x20001aa4   Data          40  stm32f4xx_hal_msp.o(.bss)
    __initial_sp                             0x200021d0   Data           0  startup_stm32f405xx.o(STACK)



==============================================================================

Memory Map of the image

  Image Entry point : 0x08000189

  Load Region LR_IROM1 (Base: 0x08000000, Size: 0x000073e4, Max: 0x00100000, ABSOLUTE, COMPRESSED[0x0000721c])

    Execution Region ER_IROM1 (Exec base: 0x08000000, Load base: 0x08000000, Size: 0x000070a0, Max: 0x00100000, ABSOLUTE)

    Exec Addr    Load Addr    Size         Type   Attr      Idx    E Section Name        Object

    0x08000000   0x08000000   0x00000188   Data   RO         2889    RESET               startup_stm32f405xx.o
    0x08000188   0x08000188   0x00000000   Code   RO         3873  * .ARM.Collect$$$$00000000  mc_w.l(entry.o)
    0x08000188   0x08000188   0x00000004   Code   RO         3896    .ARM.Collect$$$$00000001  mc_w.l(entry2.o)
    0x0800018c   0x0800018c   0x00000004   Code   RO         3899    .ARM.Collect$$$$00000004  mc_w.l(entry5.o)
    0x08000190   0x08000190   0x00000000   Code   RO         3901    .ARM.Collect$$$$00000008  mc_w.l(entry7b.o)
    0x08000190   0x08000190   0x00000000   Code   RO         3903    .ARM.Collect$$$$0000000A  mc_w.l(entry8b.o)
    0x08000190   0x08000190   0x00000008   Code   RO         3904    .ARM.Collect$$$$0000000B  mc_w.l(entry9a.o)
    0x08000198   0x08000198   0x00000000   Code   RO         3906    .ARM.Collect$$$$0000000D  mc_w.l(entry10a.o)
    0x08000198   0x08000198   0x00000000   Code   RO         3908    .ARM.Collect$$$$0000000F  mc_w.l(entry11a.o)
    0x08000198   0x08000198   0x00000004   Code   RO         3897    .ARM.Collect$$$$00002712  mc_w.l(entry2.o)
    0x0800019c   0x0800019c   0x00000024   Code   RO         2890    .text               startup_stm32f405xx.o
    0x080001c0   0x080001c0   0x00000024   Code   RO         3876    .text               mc_w.l(memcpya.o)
    0x080001e4   0x080001e4   0x000000e4   Code   RO         3880    .text               mf_w.l(dmul.o)
    0x080002c8   0x080002c8   0x000000de   Code   RO         3882    .text               mf_w.l(ddiv.o)
    0x080003a6   0x080003a6   0x00000022   Code   RO         3884    .text               mf_w.l(dflti.o)
    0x080003c8   0x080003c8   0x0000001a   Code   RO         3886    .text               mf_w.l(dfltui.o)
    0x080003e2   0x080003e2   0x0000003e   Code   RO         3888    .text               mf_w.l(dfixi.o)
    0x08000420   0x08000420   0x00000032   Code   RO         3890    .text               mf_w.l(dfixui.o)
    0x08000452   0x08000452   0x00000026   Code   RO         3892    .text               mf_w.l(f2d.o)
    0x08000478   0x08000478   0x00000038   Code   RO         3894    .text               mf_w.l(d2f.o)
    0x080004b0   0x080004b0   0x00000020   Code   RO         3910    .text               mc_w.l(llushr.o)
    0x080004d0   0x080004d0   0x00000000   Code   RO         3912    .text               mc_w.l(iusefp.o)
    0x080004d0   0x080004d0   0x0000006e   Code   RO         3913    .text               mf_w.l(fepilogue.o)
    0x0800053e   0x0800053e   0x000000ba   Code   RO         3915    .text               mf_w.l(depilogue.o)
    0x080005f8   0x080005f8   0x00000024   Code   RO         3917    .text               mc_w.l(init.o)
    0x0800061c   0x0800061c   0x0000001e   Code   RO         3919    .text               mc_w.l(llshl.o)
    0x0800063a   0x0800063a   0x00000056   Code   RO         3929    .text               mc_w.l(__dczerorl2.o)
    0x08000690   0x08000690   0x00000002   Code   RO         3268    i.BusFault_Handler  stm32f4xx_it.o
    0x08000692   0x08000692   0x00000002   PAD
    0x08000694   0x08000694   0x000000ac   Code   RO         3269    i.CAN1_RX0_IRQHandler  stm32f4xx_it.o
    0x08000740   0x08000740   0x0000000c   Code   RO         3270    i.CAN1_TX_IRQHandler  stm32f4xx_it.o
    0x0800074c   0x0800074c   0x00000126   Code   RO            4    i.CAN_Receive_IT    stm32f4xx_hal_can.o
    0x08000872   0x08000872   0x00000002   PAD
    0x08000874   0x08000874   0x00000034   Code   RO         3496    i.Can_WriteData     moshicanshu.o
    0x080008a8   0x080008a8   0x00000050   Code   RO         3164    i.DATDDP            stm32f4xx_hal_msp.o
    0x080008f8   0x080008f8   0x000000ec   Code   RO         3271    i.DMA2_Stream0_IRQHandler  stm32f4xx_it.o
    0x080009e4   0x080009e4   0x0000000c   Code   RO         3272    i.DMA2_Stream3_IRQHandler  stm32f4xx_it.o
    0x080009f0   0x080009f0   0x00000028   Code   RO         2746    i.DMA_CalcBaseAndBitshift  stm32f4xx_hal_dma.o
    0x08000a18   0x08000a18   0x00000054   Code   RO         2747    i.DMA_CheckFifoParam  stm32f4xx_hal_dma.o
    0x08000a6c   0x08000a6c   0x00000028   Code   RO         2748    i.DMA_SetConfig     stm32f4xx_hal_dma.o
    0x08000a94   0x08000a94   0x00000002   Code   RO         3273    i.DebugMon_Handler  stm32f4xx_it.o
    0x08000a96   0x08000a96   0x00000002   PAD
    0x08000a98   0x08000a98   0x000003a8   Code   RO         3274    i.EXTI15_10_IRQHandler  stm32f4xx_it.o
    0x08000e40   0x08000e40   0x000000f4   Code   RO         3275    i.EXTI3_IRQHandler  stm32f4xx_it.o
    0x08000f34   0x08000f34   0x00000014   Code   RO         3276    i.EXTI4_IRQHandler  stm32f4xx_it.o
    0x08000f48   0x08000f48   0x00000138   Code   RO         3497    i.FW_Fixed_Exec     moshicanshu.o
    0x08001080   0x08001080   0x000000f8   Code   RO            5    i.HAL_CAN_ConfigFilter  stm32f4xx_hal_can.o
    0x08001178   0x08001178   0x00000002   Code   RO            7    i.HAL_CAN_ErrorCallback  stm32f4xx_hal_can.o
    0x0800117a   0x0800117a   0x00000002   PAD
    0x0800117c   0x0800117c   0x00000234   Code   RO           10    i.HAL_CAN_IRQHandler  stm32f4xx_hal_can.o
    0x080013b0   0x080013b0   0x00000148   Code   RO           11    i.HAL_CAN_Init      stm32f4xx_hal_can.o
    0x080014f8   0x080014f8   0x00000110   Code   RO         3166    i.HAL_CAN_MspInit   stm32f4xx_hal_msp.o
    0x08001608   0x08001608   0x000000b4   Code   RO           15    i.HAL_CAN_Receive_IT  stm32f4xx_hal_can.o
    0x080016bc   0x080016bc   0x00000002   Code   RO           16    i.HAL_CAN_RxCpltCallback  stm32f4xx_hal_can.o
    0x080016be   0x080016be   0x00000124   Code   RO           19    i.HAL_CAN_Transmit_IT  stm32f4xx_hal_can.o
    0x080017e2   0x080017e2   0x00000002   Code   RO           20    i.HAL_CAN_TxCpltCallback  stm32f4xx_hal_can.o
    0x080017e4   0x080017e4   0x00000056   Code   RO         2751    i.HAL_DMA_DeInit    stm32f4xx_hal_dma.o
    0x0800183a   0x0800183a   0x00000002   PAD
    0x0800183c   0x0800183c   0x000001a8   Code   RO         2754    i.HAL_DMA_IRQHandler  stm32f4xx_hal_dma.o
    0x080019e4   0x080019e4   0x000000d4   Code   RO         2755    i.HAL_DMA_Init      stm32f4xx_hal_dma.o
    0x08001ab8   0x08001ab8   0x00000078   Code   RO         2759    i.HAL_DMA_Start_IT  stm32f4xx_hal_dma.o
    0x08001b30   0x08001b30   0x00000148   Code   RO         1437    i.HAL_GPIO_DeInit   stm32f4xx_hal_gpio.o
    0x08001c78   0x08001c78   0x00000002   Code   RO         1438    i.HAL_GPIO_EXTI_Callback  stm32f4xx_hal_gpio.o
    0x08001c7a   0x08001c7a   0x00000002   PAD
    0x08001c7c   0x08001c7c   0x00000018   Code   RO         1439    i.HAL_GPIO_EXTI_IRQHandler  stm32f4xx_hal_gpio.o
    0x08001c94   0x08001c94   0x000001b0   Code   RO         1440    i.HAL_GPIO_Init     stm32f4xx_hal_gpio.o
    0x08001e44   0x08001e44   0x0000000a   Code   RO         1442    i.HAL_GPIO_ReadPin  stm32f4xx_hal_gpio.o
    0x08001e4e   0x08001e4e   0x0000000a   Code   RO         1444    i.HAL_GPIO_WritePin  stm32f4xx_hal_gpio.o
    0x08001e58   0x08001e58   0x0000000c   Code   RO         1117    i.HAL_GetTick       stm32f4xx_hal.o
    0x08001e64   0x08001e64   0x00000004   Code   RO         2338    i.HAL_I2C_GetError  stm32f4xx_hal_i2c.o
    0x08001e68   0x08001e68   0x00000108   Code   RO         2341    i.HAL_I2C_Init      stm32f4xx_hal_i2c.o
    0x08001f70   0x08001f70   0x000001fc   Code   RO         2357    i.HAL_I2C_Mem_Read  stm32f4xx_hal_i2c.o
    0x0800216c   0x0800216c   0x0000013c   Code   RO         2360    i.HAL_I2C_Mem_Write  stm32f4xx_hal_i2c.o
    0x080022a8   0x080022a8   0x0000004c   Code   RO         3168    i.HAL_I2C_MspInit   stm32f4xx_hal_msp.o
    0x080022f4   0x080022f4   0x00000010   Code   RO         1119    i.HAL_IncTick       stm32f4xx_hal.o
    0x08002304   0x08002304   0x00000034   Code   RO         1120    i.HAL_Init          stm32f4xx_hal.o
    0x08002338   0x08002338   0x00000028   Code   RO         1121    i.HAL_InitTick      stm32f4xx_hal.o
    0x08002360   0x08002360   0x00000058   Code   RO         3169    i.HAL_MspInit       stm32f4xx_hal_msp.o
    0x080023b8   0x080023b8   0x00000016   Code   RO         1628    i.HAL_NVIC_EnableIRQ  stm32f4xx_hal_cortex.o
    0x080023ce   0x080023ce   0x00000002   PAD
    0x080023d0   0x080023d0   0x00000040   Code   RO         1634    i.HAL_NVIC_SetPriority  stm32f4xx_hal_cortex.o
    0x08002410   0x08002410   0x00000024   Code   RO         1635    i.HAL_NVIC_SetPriorityGrouping  stm32f4xx_hal_cortex.o
    0x08002434   0x08002434   0x0000017c   Code   RO         1258    i.HAL_RCC_ClockConfig  stm32f4xx_hal_rcc.o
    0x080025b0   0x080025b0   0x0000000c   Code   RO         1263    i.HAL_RCC_GetHCLKFreq  stm32f4xx_hal_rcc.o
    0x080025bc   0x080025bc   0x00000030   Code   RO         1265    i.HAL_RCC_GetPCLK1Freq  stm32f4xx_hal_rcc.o
    0x080025ec   0x080025ec   0x00000070   Code   RO         1267    i.HAL_RCC_GetSysClockFreq  stm32f4xx_hal_rcc.o
    0x0800265c   0x0800265c   0x00000314   Code   RO         1270    i.HAL_RCC_OscConfig  stm32f4xx_hal_rcc.o
    0x08002970   0x08002970   0x0000002e   Code   RO         1924    i.HAL_SPI_DeInit    stm32f4xx_hal_spi.o
    0x0800299e   0x0800299e   0x00000002   Code   RO         1925    i.HAL_SPI_ErrorCallback  stm32f4xx_hal_spi.o
    0x080029a0   0x080029a0   0x00000080   Code   RO         1929    i.HAL_SPI_Init      stm32f4xx_hal_spi.o
    0x08002a20   0x08002a20   0x0000003c   Code   RO         3170    i.HAL_SPI_MspDeInit  stm32f4xx_hal_msp.o
    0x08002a5c   0x08002a5c   0x000000e4   Code   RO         3171    i.HAL_SPI_MspInit   stm32f4xx_hal_msp.o
    0x08002b40   0x08002b40   0x00000002   Code   RO         1935    i.HAL_SPI_RxCpltCallback  stm32f4xx_hal_spi.o
    0x08002b42   0x08002b42   0x00000002   Code   RO         1936    i.HAL_SPI_RxHalfCpltCallback  stm32f4xx_hal_spi.o
    0x08002b44   0x08002b44   0x00000108   Code   RO         1939    i.HAL_SPI_TransmitReceive_DMA  stm32f4xx_hal_spi.o
    0x08002c4c   0x08002c4c   0x00000002   Code   RO         1945    i.HAL_SPI_TxRxCpltCallback  stm32f4xx_hal_spi.o
    0x08002c4e   0x08002c4e   0x00000002   Code   RO         1946    i.HAL_SPI_TxRxHalfCpltCallback  stm32f4xx_hal_spi.o
    0x08002c50   0x08002c50   0x00000018   Code   RO         1637    i.HAL_SYSTICK_CLKSourceConfig  stm32f4xx_hal_cortex.o
    0x08002c68   0x08002c68   0x00000002   Code   RO         1638    i.HAL_SYSTICK_Callback  stm32f4xx_hal_cortex.o
    0x08002c6a   0x08002c6a   0x00000028   Code   RO         1639    i.HAL_SYSTICK_Config  stm32f4xx_hal_cortex.o
    0x08002c92   0x08002c92   0x00000008   Code   RO         1640    i.HAL_SYSTICK_IRQHandler  stm32f4xx_hal_cortex.o
    0x08002c9a   0x08002c9a   0x00000002   Code   RO          865    i.HAL_TIMEx_BreakCallback  stm32f4xx_hal_tim_ex.o
    0x08002c9c   0x08002c9c   0x00000002   Code   RO          866    i.HAL_TIMEx_CommutationCallback  stm32f4xx_hal_tim_ex.o
    0x08002c9e   0x08002c9e   0x00000050   Code   RO          882    i.HAL_TIMEx_MasterConfigSynchronization  stm32f4xx_hal_tim_ex.o
    0x08002cee   0x08002cee   0x00000036   Code   RO          236    i.HAL_TIM_Base_Init  stm32f4xx_hal_tim.o
    0x08002d24   0x08002d24   0x00000070   Code   RO         3173    i.HAL_TIM_Base_MspInit  stm32f4xx_hal_msp.o
    0x08002d94   0x08002d94   0x00000018   Code   RO          241    i.HAL_TIM_Base_Start_IT  stm32f4xx_hal_tim.o
    0x08002dac   0x08002dac   0x000000f2   Code   RO          245    i.HAL_TIM_ConfigClockSource  stm32f4xx_hal_tim.o
    0x08002e9e   0x08002e9e   0x00000002   Code   RO          265    i.HAL_TIM_IC_CaptureCallback  stm32f4xx_hal_tim.o
    0x08002ea0   0x08002ea0   0x00000166   Code   RO          278    i.HAL_TIM_IRQHandler  stm32f4xx_hal_tim.o
    0x08003006   0x08003006   0x00000002   Code   RO          281    i.HAL_TIM_OC_DelayElapsedCallback  stm32f4xx_hal_tim.o
    0x08003008   0x08003008   0x00000002   Code   RO          308    i.HAL_TIM_PWM_PulseFinishedCallback  stm32f4xx_hal_tim.o
    0x0800300a   0x0800300a   0x00000002   Code   RO          315    i.HAL_TIM_PeriodElapsedCallback  stm32f4xx_hal_tim.o
    0x0800300c   0x0800300c   0x00000002   Code   RO          319    i.HAL_TIM_TriggerCallback  stm32f4xx_hal_tim.o
    0x0800300e   0x0800300e   0x00000002   PAD
    0x08003010   0x08003010   0x00000104   Code   RO         3174    i.HX530_Senddata    stm32f4xx_hal_msp.o
    0x08003114   0x08003114   0x000000f0   Code   RO         3175    i.HX530_readdata    stm32f4xx_hal_msp.o
    0x08003204   0x08003204   0x0000007c   Code   RO         3498    i.H_Xy_fan          moshicanshu.o
    0x08003280   0x08003280   0x00000002   Code   RO         3277    i.HardFault_Handler  stm32f4xx_it.o
    0x08003282   0x08003282   0x00000002   PAD
    0x08003284   0x08003284   0x00000090   Code   RO         3278    i.HuanFan           stm32f4xx_it.o
    0x08003314   0x08003314   0x00000028   Code   RO         2379    i.I2C_IsAcknowledgeFailed  stm32f4xx_hal_i2c.o
    0x0800333c   0x0800333c   0x000000f0   Code   RO         2388    i.I2C_RequestMemoryRead  stm32f4xx_hal_i2c.o
    0x0800342c   0x0800342c   0x000000a0   Code   RO         2389    i.I2C_RequestMemoryWrite  stm32f4xx_hal_i2c.o
    0x080034cc   0x080034cc   0x0000004e   Code   RO         2392    i.I2C_WaitOnBTFFlagUntilTimeout  stm32f4xx_hal_i2c.o
    0x0800351a   0x0800351a   0x00000060   Code   RO         2393    i.I2C_WaitOnFlagUntilTimeout  stm32f4xx_hal_i2c.o
    0x0800357a   0x0800357a   0x00000002   PAD
    0x0800357c   0x0800357c   0x00000088   Code   RO         2394    i.I2C_WaitOnMasterAddressFlagUntilTimeout  stm32f4xx_hal_i2c.o
    0x08003604   0x08003604   0x00000062   Code   RO         2395    i.I2C_WaitOnRXNEFlagUntilTimeout  stm32f4xx_hal_i2c.o
    0x08003666   0x08003666   0x0000004e   Code   RO         2396    i.I2C_WaitOnTXEFlagUntilTimeout  stm32f4xx_hal_i2c.o
    0x080036b4   0x080036b4   0x00000040   Code   RO         2897    i.MX_CAN1_Init      main.o
    0x080036f4   0x080036f4   0x00000164   Code   RO         2898    i.MX_GPIO_Init      main.o
    0x08003858   0x08003858   0x00000038   Code   RO         2899    i.MX_I2C2_Init      main.o
    0x08003890   0x08003890   0x000000b6   Code   RO         2900    i.MX_NVIC_Init      main.o
    0x08003946   0x08003946   0x00000002   PAD
    0x08003948   0x08003948   0x0000003c   Code   RO         2901    i.MX_SPI1_Init      main.o
    0x08003984   0x08003984   0x00000050   Code   RO         2902    i.MX_TIM2_Init      main.o
    0x080039d4   0x080039d4   0x00000024   Code   RO         2903    i.MX_TIM2_SET       main.o
    0x080039f8   0x080039f8   0x00000054   Code   RO         2904    i.MX_TIM3_Init      main.o
    0x08003a4c   0x08003a4c   0x00000024   Code   RO         2905    i.MX_TIM3_SET       main.o
    0x08003a70   0x08003a70   0x00000054   Code   RO         2906    i.MX_TIM4_Init      main.o
    0x08003ac4   0x08003ac4   0x00000024   Code   RO         2907    i.MX_TIM4_SET       main.o
    0x08003ae8   0x08003ae8   0x00000058   Code   RO         2908    i.MX_TIM5_Init      main.o
    0x08003b40   0x08003b40   0x00000024   Code   RO         2909    i.MX_TIM5_SET       main.o
    0x08003b64   0x08003b64   0x00000002   Code   RO         3279    i.MemManage_Handler  stm32f4xx_it.o
    0x08003b66   0x08003b66   0x00000002   Code   RO         3280    i.NMI_Handler       stm32f4xx_it.o
    0x08003b68   0x08003b68   0x00000020   Code   RO         1641    i.NVIC_SetPriority  stm32f4xx_hal_cortex.o
    0x08003b88   0x08003b88   0x00000002   Code   RO         3281    i.PendSV_Handler    stm32f4xx_it.o
    0x08003b8a   0x08003b8a   0x00000002   PAD
    0x08003b8c   0x08003b8c   0x00000058   Code   RO         3282    i.RD_AM8192         stm32f4xx_it.o
    0x08003be4   0x08003be4   0x00000054   Code   RO         3283    i.Read1_AM8192      stm32f4xx_it.o
    0x08003c38   0x08003c38   0x0000005c   Code   RO         3284    i.Read_AM8192       stm32f4xx_it.o
    0x08003c94   0x08003c94   0x00000020   Code   RO         1953    i.SPI_CheckFlag_BSY  stm32f4xx_hal_spi.o
    0x08003cb4   0x08003cb4   0x00000022   Code   RO         1958    i.SPI_DMAError      stm32f4xx_hal_spi.o
    0x08003cd6   0x08003cd6   0x0000000a   Code   RO         1959    i.SPI_DMAHalfReceiveCplt  stm32f4xx_hal_spi.o
    0x08003ce0   0x08003ce0   0x0000000a   Code   RO         1961    i.SPI_DMAHalfTransmitReceiveCplt  stm32f4xx_hal_spi.o
    0x08003cea   0x08003cea   0x00000052   Code   RO         1962    i.SPI_DMAReceiveCplt  stm32f4xx_hal_spi.o
    0x08003d3c   0x08003d3c   0x00000050   Code   RO         1965    i.SPI_DMATransmitReceiveCplt  stm32f4xx_hal_spi.o
    0x08003d8c   0x08003d8c   0x00000096   Code   RO         1971    i.SPI_WaitFlagStateUntilTimeout  stm32f4xx_hal_spi.o
    0x08003e22   0x08003e22   0x00000002   Code   RO         3285    i.SVC_Handler       stm32f4xx_it.o
    0x08003e24   0x08003e24   0x00001268   Code   RO         3288    i.SysTick_Handler   stm32f4xx_it.o
    0x0800508c   0x0800508c   0x0000009c   Code   RO         2910    i.SystemClock_Config  main.o
    0x08005128   0x08005128   0x00000054   Code   RO         2853    i.SystemInit        system_stm32f4xx.o
    0x0800517c   0x0800517c   0x000002dc   Code   RO         3289    i.TIM2_IRQHandler   stm32f4xx_it.o
    0x08005458   0x08005458   0x000000cc   Code   RO         3290    i.TIM3_IRQHandler   stm32f4xx_it.o
    0x08005524   0x08005524   0x000000ac   Code   RO         3291    i.TIM4_IRQHandler   stm32f4xx_it.o
    0x080055d0   0x080055d0   0x00000070   Code   RO         3292    i.TIM5_IRQHandler   stm32f4xx_it.o
    0x08005640   0x08005640   0x000000c0   Code   RO          320    i.TIM_Base_SetConfig  stm32f4xx_hal_tim.o
    0x08005700   0x08005700   0x00000014   Code   RO          327    i.TIM_ETR_SetConfig  stm32f4xx_hal_tim.o
    0x08005714   0x08005714   0x00000010   Code   RO          328    i.TIM_ITRx_SetConfig  stm32f4xx_hal_tim.o
    0x08005724   0x08005724   0x00000022   Code   RO          334    i.TIM_TI1_ConfigInputStage  stm32f4xx_hal_tim.o
    0x08005746   0x08005746   0x00000024   Code   RO          336    i.TIM_TI2_ConfigInputStage  stm32f4xx_hal_tim.o
    0x0800576a   0x0800576a   0x00000002   Code   RO         3293    i.UsageFault_Handler  stm32f4xx_it.o
    0x0800576c   0x0800576c   0x00000028   Code   RO         3294    i.XJ_ext            stm32f4xx_it.o
    0x08005794   0x08005794   0x00000104   Code   RO         3295    i.Z_H_SaoMiao       stm32f4xx_it.o
    0x08005898   0x08005898   0x00000002   Code   RO         2911    i._Error_Handler    main.o
    0x0800589a   0x0800589a   0x0000000e   Code   RO         3923    i.__scatterload_copy  mc_w.l(handlers.o)
    0x080058a8   0x080058a8   0x00000002   Code   RO         3924    i.__scatterload_null  mc_w.l(handlers.o)
    0x080058aa   0x080058aa   0x0000000e   Code   RO         3925    i.__scatterload_zeroinit  mc_w.l(handlers.o)
    0x080058b8   0x080058b8   0x000000a8   Code   RO         3296    i.allfwei           stm32f4xx_it.o
    0x08005960   0x08005960   0x0000003c   Code   RO         3297    i.chk_kuaifan_24    stm32f4xx_it.o
    0x0800599c   0x0800599c   0x0000003c   Code   RO         3298    i.chk_mowan         stm32f4xx_it.o
    0x080059d8   0x080059d8   0x0000002c   Code   RO         3499    i.clr_8192_RD       moshicanshu.o
    0x08005a04   0x08005a04   0x00000040   Code   RO         3501    i.clr_f8            moshicanshu.o
    0x08005a44   0x08005a44   0x00000050   Code   RO         3502    i.dpdatclr          moshicanshu.o
    0x08005a94   0x08005a94   0x000000c8   Code   RO         3503    i.excfanwei_STOP    moshicanshu.o
    0x08005b5c   0x08005b5c   0x0000001c   Code   RO         3504    i.excomm_QJkz       moshicanshu.o
    0x08005b78   0x08005b78   0x00000030   Code   RO         3505    i.exczsfanwei_BJ    moshicanshu.o
    0x08005ba8   0x08005ba8   0x00000020   Code   RO         3506    i.exczsfanwei_ST    moshicanshu.o
    0x08005bc8   0x08005bc8   0x000000e4   Code   RO         3507    i.exppfw            moshicanshu.o
    0x08005cac   0x08005cac   0x0000001c   Code   RO         3508    i.fanchafanweixiabiao  moshicanshu.o
    0x08005cc8   0x08005cc8   0x00000014   Code   RO         3509    i.fweipandin        moshicanshu.o
    0x08005cdc   0x08005cdc   0x0000002e   Code   RO         3511    i.jsfxwz            moshicanshu.o
    0x08005d0a   0x08005d0a   0x00000002   PAD
    0x08005d0c   0x08005d0c   0x00000ec0   Code   RO         2912    i.main              main.o
    0x08006bcc   0x08006bcc   0x00000024   Code   RO         2913    i.setfanwei         main.o
    0x08006bf0   0x08006bf0   0x00000134   Code   RO         3300    i.smypfwei          stm32f4xx_it.o
    0x08006d24   0x08006d24   0x00000008   Data   RO         2761    .constdata          stm32f4xx_hal_dma.o
    0x08006d2c   0x08006d2c   0x00000010   Data   RO         2854    .constdata          system_stm32f4xx.o
    0x08006d3c   0x08006d3c   0x00000008   Data   RO         2855    .constdata          system_stm32f4xx.o
    0x08006d44   0x08006d44   0x00000044   Data   RO         3512    .constdata          moshicanshu.o
    0x08006d88   0x08006d88   0x00000008   Data   RO         3516    .constdata          moshicanshu.o
    0x08006d90   0x08006d90   0x00000008   Data   RO         3517    .constdata          moshicanshu.o
    0x08006d98   0x08006d98   0x00000008   Data   RO         3518    .constdata          moshicanshu.o
    0x08006da0   0x08006da0   0x00000008   Data   RO         3519    .constdata          moshicanshu.o
    0x08006da8   0x08006da8   0x00000008   Data   RO         3520    .constdata          moshicanshu.o
    0x08006db0   0x08006db0   0x00000008   Data   RO         3521    .constdata          moshicanshu.o
    0x08006db8   0x08006db8   0x00000008   Data   RO         3522    .constdata          moshicanshu.o
    0x08006dc0   0x08006dc0   0x00000008   Data   RO         3523    .constdata          moshicanshu.o
    0x08006dc8   0x08006dc8   0x00000008   Data   RO         3524    .constdata          moshicanshu.o
    0x08006dd0   0x08006dd0   0x00000008   Data   RO         3525    .constdata          moshicanshu.o
    0x08006dd8   0x08006dd8   0x00000008   Data   RO         3526    .constdata          moshicanshu.o
    0x08006de0   0x08006de0   0x00000008   Data   RO         3527    .constdata          moshicanshu.o
    0x08006de8   0x08006de8   0x00000008   Data   RO         3528    .constdata          moshicanshu.o
    0x08006df0   0x08006df0   0x00000008   Data   RO         3529    .constdata          moshicanshu.o
    0x08006df8   0x08006df8   0x00000008   Data   RO         3530    .constdata          moshicanshu.o
    0x08006e00   0x08006e00   0x00000008   Data   RO         3531    .constdata          moshicanshu.o
    0x08006e08   0x08006e08   0x00000005   Data   RO         3532    .constdata          moshicanshu.o
    0x08006e0d   0x08006e0d   0x00000005   Data   RO         3533    .constdata          moshicanshu.o
    0x08006e12   0x08006e12   0x00000006   Data   RO         3534    .constdata          moshicanshu.o
    0x08006e18   0x08006e18   0x00000005   Data   RO         3535    .constdata          moshicanshu.o
    0x08006e1d   0x08006e1d   0x00000006   Data   RO         3536    .constdata          moshicanshu.o
    0x08006e23   0x08006e23   0x00000005   Data   RO         3537    .constdata          moshicanshu.o
    0x08006e28   0x08006e28   0x00000005   Data   RO         3538    .constdata          moshicanshu.o
    0x08006e2d   0x08006e2d   0x00000006   Data   RO         3539    .constdata          moshicanshu.o
    0x08006e33   0x08006e33   0x00000006   Data   RO         3540    .constdata          moshicanshu.o
    0x08006e39   0x08006e39   0x00000005   Data   RO         3541    .constdata          moshicanshu.o
    0x08006e3e   0x08006e3e   0x00000006   Data   RO         3542    .constdata          moshicanshu.o
    0x08006e44   0x08006e44   0x00000005   Data   RO         3543    .constdata          moshicanshu.o
    0x08006e49   0x08006e49   0x00000005   Data   RO         3544    .constdata          moshicanshu.o
    0x08006e4e   0x08006e4e   0x00000005   Data   RO         3545    .constdata          moshicanshu.o
    0x08006e53   0x08006e53   0x00000005   Data   RO         3546    .constdata          moshicanshu.o
    0x08006e58   0x08006e58   0x00000006   Data   RO         3547    .constdata          moshicanshu.o
    0x08006e5e   0x08006e5e   0x00000005   Data   RO         3548    .constdata          moshicanshu.o
    0x08006e63   0x08006e63   0x00000005   Data   RO         3549    .constdata          moshicanshu.o
    0x08006e68   0x08006e68   0x00000005   Data   RO         3550    .constdata          moshicanshu.o
    0x08006e6d   0x08006e6d   0x00000005   Data   RO         3551    .constdata          moshicanshu.o
    0x08006e72   0x08006e72   0x00000005   Data   RO         3552    .constdata          moshicanshu.o
    0x08006e77   0x08006e77   0x00000006   Data   RO         3553    .constdata          moshicanshu.o
    0x08006e7d   0x08006e7d   0x00000006   Data   RO         3554    .constdata          moshicanshu.o
    0x08006e83   0x08006e83   0x00000006   Data   RO         3555    .constdata          moshicanshu.o
    0x08006e89   0x08006e89   0x00000006   Data   RO         3556    .constdata          moshicanshu.o
    0x08006e8f   0x08006e8f   0x00000006   Data   RO         3557    .constdata          moshicanshu.o
    0x08006e95   0x08006e95   0x00000006   Data   RO         3558    .constdata          moshicanshu.o
    0x08006e9b   0x08006e9b   0x00000005   Data   RO         3559    .constdata          moshicanshu.o
    0x08006ea0   0x08006ea0   0x00000005   Data   RO         3560    .constdata          moshicanshu.o
    0x08006ea5   0x08006ea5   0x00000005   Data   RO         3561    .constdata          moshicanshu.o
    0x08006eaa   0x08006eaa   0x00000005   Data   RO         3562    .constdata          moshicanshu.o
    0x08006eaf   0x08006eaf   0x00000006   Data   RO         3563    .constdata          moshicanshu.o
    0x08006eb5   0x08006eb5   0x00000005   Data   RO         3564    .constdata          moshicanshu.o
    0x08006eba   0x08006eba   0x00000005   Data   RO         3565    .constdata          moshicanshu.o
    0x08006ebf   0x08006ebf   0x00000006   Data   RO         3566    .constdata          moshicanshu.o
    0x08006ec5   0x08006ec5   0x00000006   Data   RO         3567    .constdata          moshicanshu.o
    0x08006ecb   0x08006ecb   0x00000006   Data   RO         3568    .constdata          moshicanshu.o
    0x08006ed1   0x08006ed1   0x00000006   Data   RO         3569    .constdata          moshicanshu.o
    0x08006ed7   0x08006ed7   0x00000006   Data   RO         3570    .constdata          moshicanshu.o
    0x08006edd   0x08006edd   0x00000005   Data   RO         3571    .constdata          moshicanshu.o
    0x08006ee2   0x08006ee2   0x00000005   Data   RO         3572    .constdata          moshicanshu.o
    0x08006ee7   0x08006ee7   0x00000005   Data   RO         3573    .constdata          moshicanshu.o
    0x08006eec   0x08006eec   0x00000005   Data   RO         3574    .constdata          moshicanshu.o
    0x08006ef1   0x08006ef1   0x00000005   Data   RO         3575    .constdata          moshicanshu.o
    0x08006ef6   0x08006ef6   0x00000005   Data   RO         3576    .constdata          moshicanshu.o
    0x08006efb   0x08006efb   0x00000005   Data   RO         3577    .constdata          moshicanshu.o
    0x08006f00   0x08006f00   0x00000005   Data   RO         3578    .constdata          moshicanshu.o
    0x08006f05   0x08006f05   0x00000005   Data   RO         3579    .constdata          moshicanshu.o
    0x08006f0a   0x08006f0a   0x00000009   Data   RO         3580    .constdata          moshicanshu.o
    0x08006f13   0x08006f13   0x00000009   Data   RO         3581    .constdata          moshicanshu.o
    0x08006f1c   0x08006f1c   0x00000009   Data   RO         3582    .constdata          moshicanshu.o
    0x08006f25   0x08006f25   0x00000009   Data   RO         3583    .constdata          moshicanshu.o
    0x08006f2e   0x08006f2e   0x00000009   Data   RO         3584    .constdata          moshicanshu.o
    0x08006f37   0x08006f37   0x00000009   Data   RO         3585    .constdata          moshicanshu.o
    0x08006f40   0x08006f40   0x00000009   Data   RO         3586    .constdata          moshicanshu.o
    0x08006f49   0x08006f49   0x00000009   Data   RO         3587    .constdata          moshicanshu.o
    0x08006f52   0x08006f52   0x00000009   Data   RO         3588    .constdata          moshicanshu.o
    0x08006f5b   0x08006f5b   0x00000009   Data   RO         3589    .constdata          moshicanshu.o
    0x08006f64   0x08006f64   0x00000009   Data   RO         3590    .constdata          moshicanshu.o
    0x08006f6d   0x08006f6d   0x00000009   Data   RO         3591    .constdata          moshicanshu.o
    0x08006f76   0x08006f76   0x00000009   Data   RO         3592    .constdata          moshicanshu.o
    0x08006f7f   0x08006f7f   0x00000009   Data   RO         3593    .constdata          moshicanshu.o
    0x08006f88   0x08006f88   0x00000009   Data   RO         3594    .constdata          moshicanshu.o
    0x08006f91   0x08006f91   0x00000009   Data   RO         3595    .constdata          moshicanshu.o
    0x08006f9a   0x08006f9a   0x00000009   Data   RO         3596    .constdata          moshicanshu.o
    0x08006fa3   0x08006fa3   0x00000009   Data   RO         3597    .constdata          moshicanshu.o
    0x08006fac   0x08006fac   0x00000009   Data   RO         3598    .constdata          moshicanshu.o
    0x08006fb5   0x08006fb5   0x00000009   Data   RO         3599    .constdata          moshicanshu.o
    0x08006fbe   0x08006fbe   0x00000009   Data   RO         3600    .constdata          moshicanshu.o
    0x08006fc7   0x08006fc7   0x00000009   Data   RO         3601    .constdata          moshicanshu.o
    0x08006fd0   0x08006fd0   0x00000009   Data   RO         3602    .constdata          moshicanshu.o
    0x08006fd9   0x08006fd9   0x00000009   Data   RO         3603    .constdata          moshicanshu.o
    0x08006fe2   0x08006fe2   0x00000009   Data   RO         3604    .constdata          moshicanshu.o
    0x08006feb   0x08006feb   0x00000009   Data   RO         3605    .constdata          moshicanshu.o
    0x08006ff4   0x08006ff4   0x00000009   Data   RO         3606    .constdata          moshicanshu.o
    0x08006ffd   0x08006ffd   0x00000009   Data   RO         3607    .constdata          moshicanshu.o
    0x08007006   0x08007006   0x00000009   Data   RO         3608    .constdata          moshicanshu.o
    0x0800700f   0x0800700f   0x00000009   Data   RO         3609    .constdata          moshicanshu.o
    0x08007018   0x08007018   0x00000009   Data   RO         3610    .constdata          moshicanshu.o
    0x08007021   0x08007021   0x00000009   Data   RO         3611    .constdata          moshicanshu.o
    0x0800702a   0x0800702a   0x00000003   Data   RO         3612    .constdata          moshicanshu.o
    0x0800702d   0x0800702d   0x00000003   Data   RO         3613    .constdata          moshicanshu.o
    0x08007030   0x08007030   0x00000009   Data   RO         3614    .constdata          moshicanshu.o
    0x08007039   0x08007039   0x00000009   Data   RO         3615    .constdata          moshicanshu.o
    0x08007042   0x08007042   0x00000003   Data   RO         3616    .constdata          moshicanshu.o
    0x08007045   0x08007045   0x00000003   Data   RO         3617    .constdata          moshicanshu.o
    0x08007048   0x08007048   0x00000003   Data   RO         3618    .constdata          moshicanshu.o
    0x0800704b   0x0800704b   0x00000009   Data   RO         3619    .constdata          moshicanshu.o
    0x08007054   0x08007054   0x00000009   Data   RO         3620    .constdata          moshicanshu.o
    0x0800705d   0x0800705d   0x00000003   Data   RO         3621    .constdata          moshicanshu.o
    0x08007060   0x08007060   0x00000003   Data   RO         3622    .constdata          moshicanshu.o
    0x08007063   0x08007063   0x00000003   Data   RO         3623    .constdata          moshicanshu.o
    0x08007066   0x08007066   0x00000009   Data   RO         3624    .constdata          moshicanshu.o
    0x0800706f   0x0800706f   0x00000009   Data   RO         3625    .constdata          moshicanshu.o
    0x08007078   0x08007078   0x00000003   Data   RO         3626    .constdata          moshicanshu.o
    0x0800707b   0x0800707b   0x00000003   Data   RO         3627    .constdata          moshicanshu.o
    0x0800707e   0x0800707e   0x00000002   PAD
    0x08007080   0x08007080   0x00000020   Data   RO         3921    Region$$Table       anon$$obj.o


    Execution Region RW_IRAM1 (Exec base: 0x20000000, Load base: 0x080070a0, Size: 0x000021d0, Max: 0x00020000, ABSOLUTE, COMPRESSED[0x0000017c])

    Exec Addr    Load Addr    Size         Type   Attr      Idx    E Section Name        Object

    0x20000000   COMPRESSED   0x00000004   Data   RW         1126    .data               stm32f4xx_hal.o
    0x20000004   COMPRESSED   0x00000004   Data   RW         2856    .data               system_stm32f4xx.o
    0x20000008   COMPRESSED   0x00000001   Data   RW         2922    .data               main.o
    0x20000009   COMPRESSED   0x00000001   Data   RW         2923    .data               main.o
    0x2000000a   COMPRESSED   0x00000001   Data   RW         2924    .data               main.o
    0x2000000b   COMPRESSED   0x00000001   PAD
    0x2000000c   COMPRESSED   0x0000006e   Data   RW         2925    .data               main.o
    0x2000007a   COMPRESSED   0x00000002   PAD
    0x2000007c   COMPRESSED   0x00000008   Data   RW         2927    .data               main.o
    0x20000084   COMPRESSED   0x00000008   Data   RW         2928    .data               main.o
    0x2000008c   COMPRESSED   0x00000006   Data   RW         2929    .data               main.o
    0x20000092   COMPRESSED   0x00000002   Data   RW         2930    .data               main.o
    0x20000094   COMPRESSED   0x00000004   Data   RW         2931    .data               main.o
    0x20000098   COMPRESSED   0x00000004   Data   RW         2932    .data               main.o
    0x2000009c   COMPRESSED   0x00000004   Data   RW         2933    .data               main.o
    0x200000a0   COMPRESSED   0x00000001   Data   RW         2938    .data               main.o
    0x200000a1   COMPRESSED   0x00000001   Data   RW         2939    .data               main.o
    0x200000a2   COMPRESSED   0x00000001   Data   RW         2940    .data               main.o
    0x200000a3   COMPRESSED   0x00000001   Data   RW         2941    .data               main.o
    0x200000a4   COMPRESSED   0x00000004   Data   RW         2942    .data               main.o
    0x200000a8   COMPRESSED   0x00000004   Data   RW         2943    .data               main.o
    0x200000ac   COMPRESSED   0x00000001   Data   RW         2945    .data               main.o
    0x200000ad   COMPRESSED   0x00000001   Data   RW         2947    .data               main.o
    0x200000ae   COMPRESSED   0x00000001   Data   RW         2950    .data               main.o
    0x200000af   COMPRESSED   0x00000001   Data   RW         2951    .data               main.o
    0x200000b0   COMPRESSED   0x00000001   Data   RW         2954    .data               main.o
    0x200000b1   COMPRESSED   0x00000001   Data   RW         2958    .data               main.o
    0x200000b2   COMPRESSED   0x00000001   Data   RW         2959    .data               main.o
    0x200000b3   COMPRESSED   0x00000001   Data   RW         2961    .data               main.o
    0x200000b4   COMPRESSED   0x00000001   Data   RW         2962    .data               main.o
    0x200000b5   COMPRESSED   0x00000001   Data   RW         2963    .data               main.o
    0x200000b6   COMPRESSED   0x00000001   Data   RW         2972    .data               main.o
    0x200000b7   COMPRESSED   0x00000001   Data   RW         2973    .data               main.o
    0x200000b8   COMPRESSED   0x00000001   Data   RW         2974    .data               main.o
    0x200000b9   COMPRESSED   0x00000001   Data   RW         2976    .data               main.o
    0x200000ba   COMPRESSED   0x00000001   Data   RW         2977    .data               main.o
    0x200000bb   COMPRESSED   0x00000001   Data   RW         2981    .data               main.o
    0x200000bc   COMPRESSED   0x00000001   Data   RW         2982    .data               main.o
    0x200000bd   COMPRESSED   0x00000001   Data   RW         2983    .data               main.o
    0x200000be   COMPRESSED   0x00000002   Data   RW         2986    .data               main.o
    0x200000c0   COMPRESSED   0x00000002   Data   RW         2987    .data               main.o
    0x200000c2   COMPRESSED   0x00000002   Data   RW         2990    .data               main.o
    0x200000c4   COMPRESSED   0x00000002   Data   RW         2991    .data               main.o
    0x200000c6   COMPRESSED   0x00000002   PAD
    0x200000c8   COMPRESSED   0x00000004   Data   RW         2992    .data               main.o
    0x200000cc   COMPRESSED   0x00000004   Data   RW         2994    .data               main.o
    0x200000d0   COMPRESSED   0x00000004   Data   RW         2997    .data               main.o
    0x200000d4   COMPRESSED   0x00000004   Data   RW         2998    .data               main.o
    0x200000d8   COMPRESSED   0x00000004   Data   RW         2999    .data               main.o
    0x200000dc   COMPRESSED   0x00000004   Data   RW         3001    .data               main.o
    0x200000e0   COMPRESSED   0x00000002   Data   RW         3002    .data               main.o
    0x200000e2   COMPRESSED   0x00000002   Data   RW         3004    .data               main.o
    0x200000e4   COMPRESSED   0x00000002   Data   RW         3005    .data               main.o
    0x200000e6   COMPRESSED   0x00000002   Data   RW         3006    .data               main.o
    0x200000e8   COMPRESSED   0x00000004   Data   RW         3009    .data               main.o
    0x200000ec   COMPRESSED   0x00000004   Data   RW         3012    .data               main.o
    0x200000f0   COMPRESSED   0x00000004   Data   RW         3015    .data               main.o
    0x200000f4   COMPRESSED   0x00000002   Data   RW         3018    .data               main.o
    0x200000f6   COMPRESSED   0x00000001   Data   RW         3020    .data               main.o
    0x200000f7   COMPRESSED   0x00000001   Data   RW         3021    .data               main.o
    0x200000f8   COMPRESSED   0x00000002   Data   RW         3022    .data               main.o
    0x200000fa   COMPRESSED   0x00000002   Data   RW         3023    .data               main.o
    0x200000fc   COMPRESSED   0x00000001   Data   RW         3032    .data               main.o
    0x200000fd   COMPRESSED   0x00000001   Data   RW         3034    .data               main.o
    0x200000fe   COMPRESSED   0x00000001   Data   RW         3035    .data               main.o
    0x200000ff   COMPRESSED   0x00000001   Data   RW         3038    .data               main.o
    0x20000100   COMPRESSED   0x00000001   Data   RW         3040    .data               main.o
    0x20000101   COMPRESSED   0x00000001   Data   RW         3041    .data               main.o
    0x20000102   COMPRESSED   0x00000001   Data   RW         3042    .data               main.o
    0x20000103   COMPRESSED   0x00000001   PAD
    0x20000104   COMPRESSED   0x00000002   Data   RW         3046    .data               main.o
    0x20000106   COMPRESSED   0x00000001   Data   RW         3048    .data               main.o
    0x20000107   COMPRESSED   0x00000001   PAD
    0x20000108   COMPRESSED   0x00000008   Data   RW         3178    .data               stm32f4xx_hal_msp.o
    0x20000110   COMPRESSED   0x00000014   Data   RW         3301    .data               stm32f4xx_it.o
    0x20000124   COMPRESSED   0x00000040   Data   RW         3751    .data               moshicanshu.o
    0x20000164   COMPRESSED   0x00000040   Data   RW         3752    .data               moshicanshu.o
    0x200001a4   COMPRESSED   0x00000040   Data   RW         3753    .data               moshicanshu.o
    0x200001e4   COMPRESSED   0x00000040   Data   RW         3754    .data               moshicanshu.o
    0x20000224   COMPRESSED   0x00000040   Data   RW         3755    .data               moshicanshu.o
    0x20000264   COMPRESSED   0x00000040   Data   RW         3756    .data               moshicanshu.o
    0x200002a4   COMPRESSED   0x00000040   Data   RW         3757    .data               moshicanshu.o
    0x200002e4   COMPRESSED   0x00000040   Data   RW         3758    .data               moshicanshu.o
    0x20000324   COMPRESSED   0x00000020   Data   RW         3759    .data               moshicanshu.o
    0x20000344        -       0x00001630   Zero   RW         2914    .bss                main.o
    0x20001974        -       0x00000060   Zero   RW         2915    .bss                main.o
    0x200019d4        -       0x00000060   Zero   RW         2916    .bss                main.o
    0x20001a34        -       0x0000001c   Zero   RW         2917    .bss                main.o
    0x20001a50        -       0x00000024   Zero   RW         2918    .bss                main.o
    0x20001a74        -       0x00000030   Zero   RW         2921    .bss                main.o
    0x20001aa4        -       0x00000028   Zero   RW         3177    .bss                stm32f4xx_hal_msp.o
    0x20001acc   COMPRESSED   0x00000004   PAD
    0x20001ad0        -       0x00000700   Zero   RW         2887    STACK               startup_stm32f405xx.o


==============================================================================

Image component sizes


      Code (inc. data)   RO Data    RW Data    ZI Data      Debug   Object Name

      5168        340          0        249       5984      29755   main.o
      1306        272        826        544          0      19841   moshicanshu.o
        36          8        392          0       1792        840   startup_stm32f405xx.o
       120         22          0          4          0       4119   stm32f4xx_hal.o
      1912         20          0          0          0     654552   stm32f4xx_hal_can.o
       228         14          0          0          0      32593   stm32f4xx_hal_cortex.o
      1006         22          8          0          0       6956   stm32f4xx_hal_dma.o
       806         90          0          0          0       5553   stm32f4xx_hal_gpio.o
      2018         36          0          0          0      14165   stm32f4xx_hal_i2c.o
      1416        170          0          8         40       8541   stm32f4xx_hal_msp.o
      1340         62          0          0          0       5365   stm32f4xx_hal_rcc.o
       846         22          0          0          0      11242   stm32f4xx_hal_spi.o
       986         44          0          0          0      11187   stm32f4xx_hal_tim.o
        84          0          0          0          0       2614   stm32f4xx_hal_tim_ex.o
      8884       1328          0         20          0      25208   stm32f4xx_it.o
        84         18         24          4          0       1303   system_stm32f4xx.o

    ----------------------------------------------------------------------
     26266       2468       1284        836       7820     833834   Object Totals
         0          0         32          0          0          0   (incl. Generated)
        26          0          2          7          4          0   (incl. Padding)

    ----------------------------------------------------------------------

      Code (inc. data)   RO Data    RW Data    ZI Data      Debug   Library Member Name

        86          0          0          0          0          0   __dczerorl2.o
         0          0          0          0          0          0   entry.o
         0          0          0          0          0          0   entry10a.o
         0          0          0          0          0          0   entry11a.o
         8          4          0          0          0          0   entry2.o
         4          0          0          0          0          0   entry5.o
         0          0          0          0          0          0   entry7b.o
         0          0          0          0          0          0   entry8b.o
         8          4          0          0          0          0   entry9a.o
        30          0          0          0          0          0   handlers.o
        36          8          0          0          0         68   init.o
         0          0          0          0          0          0   iusefp.o
        30          0          0          0          0         68   llshl.o
        32          0          0          0          0         68   llushr.o
        36          0          0          0          0         68   memcpya.o
        56          0          0          0          0         88   d2f.o
       222          0          0          0          0        100   ddiv.o
       186          0          0          0          0        176   depilogue.o
        62          0          0          0          0         80   dfixi.o
        50          0          0          0          0         76   dfixui.o
        34          0          0          0          0         76   dflti.o
        26          0          0          0          0         76   dfltui.o
       228          0          0          0          0         96   dmul.o
        38          0          0          0          0         68   f2d.o
       110          0          0          0          0        168   fepilogue.o

    ----------------------------------------------------------------------
      1282         16          0          0          0       1276   Library Totals
         0          0          0          0          0          0   (incl. Padding)

    ----------------------------------------------------------------------

      Code (inc. data)   RO Data    RW Data    ZI Data      Debug   Library Name

       270         16          0          0          0        272   mc_w.l
      1012          0          0          0          0       1004   mf_w.l

    ----------------------------------------------------------------------
      1282         16          0          0          0       1276   Library Totals

    ----------------------------------------------------------------------

==============================================================================


      Code (inc. data)   RO Data    RW Data    ZI Data      Debug   

     27548       2484       1284        836       7820     820122   Grand Totals
     27548       2484       1284        380       7820     820122   ELF Image Totals (compressed)
     27548       2484       1284        380          0          0   ROM Totals

==============================================================================

    Total RO  Size (Code + RO Data)                28832 (  28.16kB)
    Total RW  Size (RW Data + ZI Data)              8656 (   8.45kB)
    Total ROM Size (Code + RO Data + RW Data)      29212 (  28.53kB)

==============================================================================

