Component: ARM Compiler 5.06 update 4 (build 422) Tool: armlink [4d35d2]

==============================================================================

Section Cross References

    stm32f4xx_hal_can.o(i.CAN_Receive_IT) refers to stm32f4xx_hal_can.o(i.HAL_CAN_RxCpltCallback) for HAL_CAN_RxCpltCallback
    stm32f4xx_hal_can.o(i.HAL_CAN_DeInit) refers to stm32f4xx_hal_msp.o(i.HAL_CAN_MspDeInit) for HAL_CAN_MspDeInit
    stm32f4xx_hal_can.o(i.HAL_CAN_IRQHandler) refers to stm32f4xx_hal_can.o(i.HAL_CAN_TxCpltCallback) for HAL_CAN_TxCpltCallback
    stm32f4xx_hal_can.o(i.HAL_CAN_IRQHandler) refers to stm32f4xx_hal_can.o(i.CAN_Receive_IT) for CAN_Receive_IT
    stm32f4xx_hal_can.o(i.HAL_CAN_IRQHandler) refers to stm32f4xx_hal_can.o(i.HAL_CAN_ErrorCallback) for HAL_CAN_ErrorCallback
    stm32f4xx_hal_can.o(i.HAL_CAN_Init) refers to stm32f4xx_hal_msp.o(i.HAL_CAN_MspInit) for HAL_CAN_MspInit
    stm32f4xx_hal_can.o(i.HAL_CAN_Init) refers to stm32f4xx_hal.o(i.HAL_GetTick) for HAL_GetTick
    stm32f4xx_hal_can.o(i.HAL_CAN_Receive) refers to stm32f4xx_hal.o(i.HAL_GetTick) for HAL_GetTick
    stm32f4xx_hal_can.o(i.HAL_CAN_Sleep) refers to stm32f4xx_hal.o(i.HAL_GetTick) for HAL_GetTick
    stm32f4xx_hal_can.o(i.HAL_CAN_Transmit) refers to stm32f4xx_hal.o(i.HAL_GetTick) for HAL_GetTick
    stm32f4xx_hal_can.o(i.HAL_CAN_WakeUp) refers to stm32f4xx_hal.o(i.HAL_GetTick) for HAL_GetTick
    stm32f4xx_hal_tim.o(i.HAL_TIM_Base_DeInit) refers to stm32f4xx_hal_msp.o(i.HAL_TIM_Base_MspDeInit) for HAL_TIM_Base_MspDeInit
    stm32f4xx_hal_tim.o(i.HAL_TIM_Base_Init) refers to stm32f4xx_hal_msp.o(i.HAL_TIM_Base_MspInit) for HAL_TIM_Base_MspInit
    stm32f4xx_hal_tim.o(i.HAL_TIM_Base_Init) refers to stm32f4xx_hal_tim.o(i.TIM_Base_SetConfig) for TIM_Base_SetConfig
    stm32f4xx_hal_tim.o(i.HAL_TIM_Base_Start_DMA) refers to stm32f4xx_hal_dma.o(i.HAL_DMA_Start_IT) for HAL_DMA_Start_IT
    stm32f4xx_hal_tim.o(i.HAL_TIM_Base_Start_DMA) refers to stm32f4xx_hal_tim.o(i.TIM_DMAPeriodElapsedCplt) for TIM_DMAPeriodElapsedCplt
    stm32f4xx_hal_tim.o(i.HAL_TIM_Base_Start_DMA) refers to stm32f4xx_hal_tim.o(i.TIM_DMAError) for TIM_DMAError
    stm32f4xx_hal_tim.o(i.HAL_TIM_ConfigClockSource) refers to stm32f4xx_hal_tim.o(i.TIM_ETR_SetConfig) for TIM_ETR_SetConfig
    stm32f4xx_hal_tim.o(i.HAL_TIM_ConfigClockSource) refers to stm32f4xx_hal_tim.o(i.TIM_TI1_ConfigInputStage) for TIM_TI1_ConfigInputStage
    stm32f4xx_hal_tim.o(i.HAL_TIM_ConfigClockSource) refers to stm32f4xx_hal_tim.o(i.TIM_TI2_ConfigInputStage) for TIM_TI2_ConfigInputStage
    stm32f4xx_hal_tim.o(i.HAL_TIM_ConfigClockSource) refers to stm32f4xx_hal_tim.o(i.TIM_ITRx_SetConfig) for TIM_ITRx_SetConfig
    stm32f4xx_hal_tim.o(i.HAL_TIM_ConfigOCrefClear) refers to stm32f4xx_hal_tim.o(i.TIM_ETR_SetConfig) for TIM_ETR_SetConfig
    stm32f4xx_hal_tim.o(i.HAL_TIM_DMABurst_ReadStart) refers to stm32f4xx_hal_dma.o(i.HAL_DMA_Start_IT) for HAL_DMA_Start_IT
    stm32f4xx_hal_tim.o(i.HAL_TIM_DMABurst_ReadStart) refers to stm32f4xx_hal_tim.o(i.TIM_DMAError) for TIM_DMAError
    stm32f4xx_hal_tim.o(i.HAL_TIM_DMABurst_ReadStart) refers to stm32f4xx_hal_tim.o(i.TIM_DMACaptureCplt) for TIM_DMACaptureCplt
    stm32f4xx_hal_tim.o(i.HAL_TIM_DMABurst_ReadStart) refers to stm32f4xx_hal_tim.o(i.TIM_DMAPeriodElapsedCplt) for TIM_DMAPeriodElapsedCplt
    stm32f4xx_hal_tim.o(i.HAL_TIM_DMABurst_ReadStart) refers to stm32f4xx_hal_tim_ex.o(i.TIMEx_DMACommutationCplt) for TIMEx_DMACommutationCplt
    stm32f4xx_hal_tim.o(i.HAL_TIM_DMABurst_ReadStart) refers to stm32f4xx_hal_tim.o(i.TIM_DMATriggerCplt) for TIM_DMATriggerCplt
    stm32f4xx_hal_tim.o(i.HAL_TIM_DMABurst_ReadStop) refers to stm32f4xx_hal_dma.o(i.HAL_DMA_Abort) for HAL_DMA_Abort
    stm32f4xx_hal_tim.o(i.HAL_TIM_DMABurst_WriteStart) refers to stm32f4xx_hal_dma.o(i.HAL_DMA_Start_IT) for HAL_DMA_Start_IT
    stm32f4xx_hal_tim.o(i.HAL_TIM_DMABurst_WriteStart) refers to stm32f4xx_hal_tim.o(i.TIM_DMAError) for TIM_DMAError
    stm32f4xx_hal_tim.o(i.HAL_TIM_DMABurst_WriteStart) refers to stm32f4xx_hal_tim.o(i.TIM_DMADelayPulseCplt) for TIM_DMADelayPulseCplt
    stm32f4xx_hal_tim.o(i.HAL_TIM_DMABurst_WriteStart) refers to stm32f4xx_hal_tim.o(i.TIM_DMAPeriodElapsedCplt) for TIM_DMAPeriodElapsedCplt
    stm32f4xx_hal_tim.o(i.HAL_TIM_DMABurst_WriteStart) refers to stm32f4xx_hal_tim_ex.o(i.TIMEx_DMACommutationCplt) for TIMEx_DMACommutationCplt
    stm32f4xx_hal_tim.o(i.HAL_TIM_DMABurst_WriteStart) refers to stm32f4xx_hal_tim.o(i.TIM_DMATriggerCplt) for TIM_DMATriggerCplt
    stm32f4xx_hal_tim.o(i.HAL_TIM_DMABurst_WriteStop) refers to stm32f4xx_hal_dma.o(i.HAL_DMA_Abort) for HAL_DMA_Abort
    stm32f4xx_hal_tim.o(i.HAL_TIM_Encoder_DeInit) refers to stm32f4xx_hal_tim.o(i.HAL_TIM_Encoder_MspDeInit) for HAL_TIM_Encoder_MspDeInit
    stm32f4xx_hal_tim.o(i.HAL_TIM_Encoder_Init) refers to stm32f4xx_hal_tim.o(i.HAL_TIM_Encoder_MspInit) for HAL_TIM_Encoder_MspInit
[...]
    STACK                                    0x20001a88   Section     1792  startup_stm32f405xx.o(STACK)

    Global Symbols

    Symbol Name                              Value     Ov Type        Size  Object(Section)

    BuildAttributes$$THM_ISAv4$E$P$D$K$B$S$7EM$VFPi3$EXTD16$VFPS$VFMA$PE$A:L22UL41UL21$X:L11$S22US41US21$IEEE1$IW$USESV6$~STKCKD$USESV7$~SHL$OTIME$ROPI$EBA8$MICROLIB$REQ8$PRES8$EABIv2 0x00000000   Number         0  anon$$obj.o ABSOLUTE
    __ARM_use_no_argv                        0x00000000   Number         0  main.o ABSOLUTE
    __cpp_initialize__aeabi_                  - Undefined Weak Reference
    __cxa_finalize                            - Undefined Weak Reference
    _clock_init                               - Undefined Weak Reference
    _microlib_exit                            - Undefined Weak Reference
    __Vectors_Size                           0x00000188   Number         0  startup_stm32f405xx.o ABSOLUTE
    __Vectors                                0x08000000   Data           4  startup_stm32f405xx.o(RESET)
    __Vectors_End                            0x08000188   Data           0  startup_stm32f405xx.o(RESET)
    __main                                   0x08000189   Thumb Code     0  entry.o(.ARM.Collect$$$$00000000)
    _main_stk                                0x08000189   Thumb Code     0  entry2.o(.ARM.Collect$$$$00000001)
    _main_scatterload                        0x0800018d   Thumb Code     0  entry5.o(.ARM.Collect$$$$00000004)
    __main_after_scatterload                 0x08000191   Thumb Code     0  entry5.o(.ARM.Collect$$$$00000004)
    _main_clock                              0x08000191   Thumb Code     0  entry7b.o(.ARM.Collect$$$$00000008)
    _main_cpp_init                           0x08000191   Thumb Code     0  entry8b.o(.ARM.Collect$$$$0000000A)
    _main_init                               0x08000191   Thumb Code     0  entry9a.o(.ARM.Collect$$$$0000000B)
    __rt_final_cpp                           0x08000199   Thumb Code     0  entry10a.o(.ARM.Collect$$$$0000000D)
    __rt_final_exit                          0x08000199   Thumb Code     0  entry11a.o(.ARM.Collect$$$$0000000F)
    Reset_Handler                            0x0800019d   Thumb Code     8  startup_stm32f405xx.o(.text)
    ADC_IRQHandler                           0x080001b7   Thumb Code     0  startup_stm32f405xx.o(.text)
    CAN1_RX1_IRQHandler                      0x080001b7   Thumb Code     0  startup_stm32f405xx.o(.text)
    CAN1_SCE_IRQHandler                      0x080001b7   Thumb Code     0  startup_stm32f405xx.o(.text)
    CAN2_RX0_IRQHandler                      0x080001b7   Thumb Code     0  startup_stm32f405xx.o(.text)
    CAN2_RX1_IRQHandler                      0x080001b7   Thumb Code     0  startup_stm32f405xx.o(.text)
    CAN2_SCE_IRQHandler                      0x080001b7   Thumb Code     0  startup_stm32f405xx.o(.text)
    CAN2_TX_IRQHandler                       0x080001b7   Thumb Code     0  startup_stm32f405xx.o(.text)
    DMA1_Stream0_IRQHandler                  0x080001b7   Thumb Code     0  startup_stm32f405xx.o(.text)
    DMA1_Stream1_IRQHandler                  0x080001b7   Thumb Code     0  startup_stm32f405xx.o(.text)
    DMA1_Stream2_IRQHandler                  0x080001b7   Thumb Code     0  startup_stm32f405xx.o(.text)
    DMA1_Stream3_IRQHandler                  0x080001b7   Thumb Code     0  startup_stm32f405xx.o(.text)
    DMA1_Stream4_IRQHandler                  0x080001b7   Thumb Code     0  startup_stm32f405xx.o(.text)
    DMA1_Stream5_IRQHandler                  0x080001b7   Thumb Code     0  startup_stm32f405xx.o(.text)
    DMA1_Stream6_IRQHandler                  0x080001b7   Thumb Code     0  startup_stm32f405xx.o(.text)
    DMA1_Stream7_IRQHandler                  0x080001b7   Thumb Code     0  startup_stm32f405xx.o(.text)
    DMA2_Stream1_IRQHandler                  0x080001b7   Thumb Code     0  startup_stm32f405xx.o(.text)
    DMA2_Stream2_IRQHandler                  0x080001b7   Thumb Code     0  startup_stm32f405xx.o(.text)
    DMA2_Stream4_IRQHandler                  0x080001b7   Thumb Code     0  startup_stm32f405xx.o(.text)
    DMA2_Stream5_IRQHandler                  0x080001b7   Thumb Code     0  startup_stm32f405xx.o(.text)
    DMA2_Stream6_IRQHandler                  0x080001b7   Thumb Code     0  startup_stm32f405xx.o(.text)
    DMA2_Stream7_IRQHandler                  0x080001b7   Thumb Code     0  startup_stm32f405xx.o(.text)
    EXTI0_IRQHandler                         0x080001b7   Thumb Code     0  startup_stm32f405xx.o(.text)
    EXTI1_IRQHandler                         0x080001b7   Thumb Code     0  startup_stm32f405xx.o(.text)
    EXTI2_IRQHandler                         0x080001b7   Thumb Code     0  startup_stm32f405xx.o(.text)
    EXTI9_5_IRQHandler                       0x080001b7   Thumb Code     0  startup_stm32f405xx.o(.text)
    FLASH_IRQHandler                         0x080001b7   Thumb Code     0  startup_stm32f405xx.o(.text)
    FMC_IRQHandler                           0x080001b7   Thumb Code     0  startup_stm32f405xx.o(.text)
    FPU_IRQHandler                           0x080001b7   Thumb Code     0  startup_stm32f405xx.o(.text)
    HASH_RNG_IRQHandler                      0x080001b7   Thumb Code     0  startup_stm32f405xx.o(.text)
    I2C1_ER_IRQHandler                       0x080001b7   Thumb Code     0  startup_stm32f405xx.o(.text)
    I2C1_EV_IRQHandler                       0x080001b7   Thumb Code     0  startup_stm32f405xx.o(.text)
    I2C2_ER_IRQHandler                       0x080001b7   Thumb Code     0  startup_stm32f405xx.o(.text)
    I2C2_EV_IRQHandler                       0x080001b7   Thumb Code     0  startup_stm32f405xx.o(.text)
    I2C3_ER_IRQHandler                       0x080001b7   Thumb Code     0  startup_stm32f405xx.o(.text)
    I2C3_EV_IRQHandler                       0x080001b7   Thumb Code     0  startup_stm32f405xx.o(.text)
    OTG_FS_IRQHandler                        0x080001b7   Thumb Code     0  startup_stm32f405xx.o(.text)
    OTG_FS_WKUP_IRQHandler                   0x080001b7   Thumb Code     0  startup_stm32f405xx.o(.text)
    OTG_HS_EP1_IN_IRQHandler                 0x080001b7   Thumb Code     0  startup_stm32f405xx.o(.text)
    OTG_HS_EP1_OUT_IRQHandler                0x080001b7   Thumb Code     0  startup_stm32f405xx.o(.text)
    OTG_HS_IRQHandler                        0x080001b7   Thumb Code     0  startup_stm32f405xx.o(.text)
    OTG_HS_WKUP_IRQHandler                   0x080001b7   Thumb Code     0  startup_stm32f405xx.o(.text)
    PVD_IRQHandler                           0x080001b7   Thumb Code     0  startup_stm32f405xx.o(.text)
    RCC_IRQHandler                           0x080001b7   Thumb Code     0  startup_stm32f405xx.o(.text)
    RTC_Alarm_IRQHandler                     0x080001b7   Thumb Code     0  startup_stm32f405xx.o(.text)
    RTC_WKUP_IRQHandler                      0x080001b7   Thumb Code     0  startup_stm32f405xx.o(.text)
    SDIO_IRQHandler                          0x080001b7   Thumb Code     0  startup_stm32f405xx.o(.text)
    SPI1_IRQHandler                          0x080001b7   Thumb Code     0  startup_stm32f405xx.o(.text)
    SPI2_IRQHandler                          0x080001b7   Thumb Code     0  startup_stm32f405xx.o(.text)
    SPI3_IRQHandler                          0x080001b7   Thumb Code     0  startup_stm32f405xx.o(.text)
    TAMP_STAMP_IRQHandler                    0x080001b7   Thumb Code     0  startup_stm32f405xx.o(.text)
    TIM1_BRK_TIM9_IRQHandler                 0x080001b7   Thumb Code     0  startup_stm32f405xx.o(.text)
    TIM1_CC_IRQHandler                       0x080001b7   Thumb Code     0  startup_stm32f405xx.o(.text)
    TIM1_TRG_COM_TIM11_IRQHandler            0x080001b7   Thumb Code     0  startup_stm32f405xx.o(.text)
    TIM1_UP_TIM10_IRQHandler                 0x080001b7   Thumb Code     0  startup_stm32f405xx.o(.text)
    TIM5_IRQHandler                          0x080001b7   Thumb Code     0  startup_stm32f405xx.o(.text)
    TIM6_DAC_IRQHandler                      0x080001b7   Thumb Code     0  startup_stm32f405xx.o(.text)
    TIM7_IRQHandler                          0x080001b7   Thumb Code     0  startup_stm32f405xx.o(.text)
    TIM8_BRK_TIM12_IRQHandler                0x080001b7   Thumb Code     0  startup_stm32f405xx.o(.text)
    TIM8_CC_IRQHandler                       0x080001b7   Thumb Code     0  startup_stm32f405xx.o(.text)
    TIM8_TRG_COM_TIM14_IRQHandler            0x080001b7   Thumb Code     0  startup_stm32f405xx.o(.text)
    TIM8_UP_TIM13_IRQHandler                 0x080001b7   Thumb Code     0  startup_stm32f405xx.o(.text)
    UART4_IRQHandler                         0x080001b7   Thumb Code     0  startup_stm32f405xx.o(.text)
    UART5_IRQHandler                         0x080001b7   Thumb Code     0  startup_stm32f405xx.o(.text)
    USART1_IRQHandler                        0x080001b7   Thumb Code     0  startup_stm32f405xx.o(.text)
    USART2_IRQHandler                        0x080001b7   Thumb Code     0  startup_stm32f405xx.o(.text)
    USART3_IRQHandler                        0x080001b7   Thumb Code     0  startup_stm32f405xx.o(.text)
    USART6_IRQHandler                        0x080001b7   Thumb Code     0  startup_stm32f405xx.o(.text)
    WWDG_IRQHandler                          0x080001b7   Thumb Code     0  startup_stm32f405xx.o(.text)
    __aeabi_memcpy                           0x080001c1   Thumb Code    36  memcpya.o(.text)
    __aeabi_memcpy4                          0x080001c1   Thumb Code     0  memcpya.o(.text)
    __aeabi_memcpy8                          0x080001c1   Thumb Code     0  memcpya.o(.text)
    __aeabi_dmul                             0x080001e5   Thumb Code   228  dmul.o(.text)
    __aeabi_ddiv                             0x080002c9   Thumb Code   222  ddiv.o(.text)
    __aeabi_i2d                              0x080003a7   Thumb Code    34  dflti.o(.text)
    __aeabi_ui2d                             0x080003c9   Thumb Code    26  dfltui.o(.text)
    __aeabi_d2iz                             0x080003e3   Thumb Code    62  dfixi.o(.text)
    __aeabi_d2uiz                            0x08000421   Thumb Code    50  dfixui.o(.text)
    __aeabi_f2d                              0x08000453   Thumb Code    38  f2d.o(.text)
    __aeabi_d2f                              0x08000479   Thumb Code    56  d2f.o(.text)
    __aeabi_llsr                             0x080004b1   Thumb Code    32  llushr.o(.text)
    _ll_ushift_r                             0x080004b1   Thumb Code     0  llushr.o(.text)
    __I$use$fp                               0x080004d1   Thumb Code     0  iusefp.o(.text)
    _float_round                             0x080004d1   Thumb Code    18  fepilogue.o(.text)
    _float_epilogue                          0x080004e3   Thumb Code    92  fepilogue.o(.text)
    _double_round                            0x0800053f   Thumb Code    30  depilogue.o(.text)
    _double_epilogue                         0x0800055d   Thumb Code   156  depilogue.o(.text)
    __scatterload                            0x080005f9   Thumb Code    28  init.o(.text)
    __scatterload_rt2                        0x080005f9   Thumb Code     0  init.o(.text)
    __aeabi_llsl                             0x0800061d   Thumb Code    30  llshl.o(.text)
    _ll_shift_l                              0x0800061d   Thumb Code     0  llshl.o(.text)
    __decompress                             0x0800063b   Thumb Code     0  __dczerorl2.o(.text)
    __decompress1                            0x0800063b   Thumb Code    86  __dczerorl2.o(.text)
    BusFault_Handler                         0x08000691   Thumb Code     2  stm32f4xx_it.o(i.BusFault_Handler)
    CAN1_RX0_IRQHandler                      0x08000695   Thumb Code   192  stm32f4xx_it.o(i.CAN1_RX0_IRQHandler)
    CAN1_TX_IRQHandler                       0x08000799   Thumb Code     6  stm32f4xx_it.o(i.CAN1_TX_IRQHandler)
    Can_WriteData                            0x080008cd   Thumb Code    40  moshicanshu.o(i.Can_WriteData)
    DATDDP                                   0x08000901   Thumb Code    76  stm32f4xx_hal_msp.o(i.DATDDP)
    DMA2_Stream0_IRQHandler                  0x08000951   Thumb Code   164  stm32f4xx_it.o(i.DMA2_Stream0_IRQHandler)
    DMA2_Stream3_IRQHandler                  0x08000a3d   Thumb Code     6  stm32f4xx_it.o(i.DMA2_Stream3_IRQHandler)
    DebugMon_Handler                         0x08000aed   Thumb Code     2  stm32f4xx_it.o(i.DebugMon_Handler)
    EXTI15_10_IRQHandler                     0x08000af1   Thumb Code   774  stm32f4xx_it.o(i.EXTI15_10_IRQHandler)
    EXTI3_IRQHandler                         0x08000e7d   Thumb Code   184  stm32f4xx_it.o(i.EXTI3_IRQHandler)
    EXTI4_IRQHandler                         0x08000f71   Thumb Code    16  stm32f4xx_it.o(i.EXTI4_IRQHandler)
    FW_Fixed_Exec                            0x08000f85   Thumb Code   288  moshicanshu.o(i.FW_Fixed_Exec)
    HAL_CAN_ConfigFilter                     0x080010bd   Thumb Code   244  stm32f4xx_hal_can.o(i.HAL_CAN_ConfigFilter)
    HAL_CAN_ErrorCallback                    0x080011b5   Thumb Code     2  stm32f4xx_hal_can.o(i.HAL_CAN_ErrorCallback)
    HAL_CAN_IRQHandler                       0x080011b9   Thumb Code   548  stm32f4xx_hal_can.o(i.HAL_CAN_IRQHandler)
    HAL_CAN_Init                             0x080013ed   Thumb Code   328  stm32f4xx_hal_can.o(i.HAL_CAN_Init)
    HAL_CAN_MspInit                          0x08001535   Thumb Code   220  stm32f4xx_hal_msp.o(i.HAL_CAN_MspInit)
    HAL_CAN_Receive_IT                       0x08001645   Thumb Code   180  stm32f4xx_hal_can.o(i.HAL_CAN_Receive_IT)
    HAL_CAN_RxCpltCallback                   0x080016f9   Thumb Code     2  stm32f4xx_hal_can.o(i.HAL_CAN_RxCpltCallback)
    HAL_CAN_Transmit_IT                      0x080016fb   Thumb Code   292  stm32f4xx_hal_can.o(i.HAL_CAN_Transmit_IT)
    HAL_CAN_TxCpltCallback                   0x0800181f   Thumb Code     2  stm32f4xx_hal_can.o(i.HAL_CAN_TxCpltCallback)
    HAL_DMA_DeInit                           0x08001821   Thumb Code    86  stm32f4xx_hal_dma.o(i.HAL_DMA_DeInit)
    HAL_DMA_IRQHandler                       0x08001879   Thumb Code   414  stm32f4xx_hal_dma.o(i.HAL_DMA_IRQHandler)
    HAL_DMA_Init                             0x08001a21   Thumb Code   206  stm32f4xx_hal_dma.o(i.HAL_DMA_Init)
    HAL_DMA_Start_IT                         0x08001af5   Thumb Code   120  stm32f4xx_hal_dma.o(i.HAL_DMA_Start_IT)
    HAL_GPIO_DeInit                          0x08001b6d   Thumb Code   288  stm32f4xx_hal_gpio.o(i.HAL_GPIO_DeInit)
    HAL_GPIO_EXTI_Callback                   0x08001cb5   Thumb Code     2  stm32f4xx_hal_gpio.o(i.HAL_GPIO_EXTI_Callback)
    HAL_GPIO_EXTI_IRQHandler                 0x08001cb9   Thumb Code    18  stm32f4xx_hal_gpio.o(i.HAL_GPIO_EXTI_IRQHandler)
    HAL_GPIO_Init                            0x08001cd1   Thumb Code   388  stm32f4xx_hal_gpio.o(i.HAL_GPIO_Init)
    HAL_GPIO_ReadPin                         0x08001e81   Thumb Code    10  stm32f4xx_hal_gpio.o(i.HAL_GPIO_ReadPin)
    HAL_GPIO_WritePin                        0x08001e8b   Thumb Code    10  stm32f4xx_hal_gpio.o(i.HAL_GPIO_WritePin)
    HAL_GetTick                              0x08001e95   Thumb Code     6  stm32f4xx_hal.o(i.HAL_GetTick)
    HAL_I2C_GetError                         0x08001ea1   Thumb Code     4  stm32f4xx_hal_i2c.o(i.HAL_I2C_GetError)
    HAL_I2C_Init                             0x08001ea5   Thumb Code   254  stm32f4xx_hal_i2c.o(i.HAL_I2C_Init)
    HAL_I2C_Mem_Read                         0x08001fad   Thumb Code   496  stm32f4xx_hal_i2c.o(i.HAL_I2C_Mem_Read)
    HAL_I2C_Mem_Write                        0x080021a9   Thumb Code   306  stm32f4xx_hal_i2c.o(i.HAL_I2C_Mem_Write)
    HAL_I2C_MspInit                          0x080022e5   Thumb Code    64  stm32f4xx_hal_msp.o(i.HAL_I2C_MspInit)
    HAL_IncTick                              0x08002331   Thumb Code    10  stm32f4xx_hal.o(i.HAL_IncTick)
    HAL_Init                                 0x08002341   Thumb Code    48  stm32f4xx_hal.o(i.HAL_Init)
    HAL_InitTick                             0x08002375   Thumb Code    34  stm32f4xx_hal.o(i.HAL_InitTick)
    HAL_MspInit                              0x0800239d   Thumb Code    88  stm32f4xx_hal_msp.o(i.HAL_MspInit)
    HAL_NVIC_EnableIRQ                       0x080023f5   Thumb Code    22  stm32f4xx_hal_cortex.o(i.HAL_NVIC_EnableIRQ)
    HAL_NVIC_SetPriority                     0x0800240d   Thumb Code    60  stm32f4xx_hal_cortex.o(i.HAL_NVIC_SetPriority)
    HAL_NVIC_SetPriorityGrouping             0x0800244d   Thumb Code    26  stm32f4xx_hal_cortex.o(i.HAL_NVIC_SetPriorityGrouping)
    HAL_RCC_ClockConfig                      0x08002471   Thumb Code   364  stm32f4xx_hal_rcc.o(i.HAL_RCC_ClockConfig)
    HAL_RCC_GetHCLKFreq                      0x080025ed   Thumb Code     6  stm32f4xx_hal_rcc.o(i.HAL_RCC_GetHCLKFreq)
    HAL_RCC_GetPCLK1Freq                     0x080025f9   Thumb Code    34  stm32f4xx_hal_rcc.o(i.HAL_RCC_GetPCLK1Freq)
    HAL_RCC_GetSysClockFreq                  0x08002629   Thumb Code   104  stm32f4xx_hal_rcc.o(i.HAL_RCC_GetSysClockFreq)
    HAL_RCC_OscConfig                        0x08002699   Thumb Code   770  stm32f4xx_hal_rcc.o(i.HAL_RCC_OscConfig)
    HAL_SPI_DeInit                           0x080029ad   Thumb Code    46  stm32f4xx_hal_spi.o(i.HAL_SPI_DeInit)
    HAL_SPI_ErrorCallback                    0x080029db   Thumb Code     2  stm32f4xx_hal_spi.o(i.HAL_SPI_ErrorCallback)
    HAL_SPI_Init                             0x080029dd   Thumb Code   128  stm32f4xx_hal_spi.o(i.HAL_SPI_Init)
    HAL_SPI_MspDeInit                        0x08002a5d   Thumb Code    48  stm32f4xx_hal_msp.o(i.HAL_SPI_MspDeInit)
    HAL_SPI_MspInit                          0x08002a99   Thumb Code   176  stm32f4xx_hal_msp.o(i.HAL_SPI_MspInit)
    HAL_SPI_RxCpltCallback                   0x08002b7d   Thumb Code     2  stm32f4xx_hal_spi.o(i.HAL_SPI_RxCpltCallback)
    HAL_SPI_RxHalfCpltCallback               0x08002b7f   Thumb Code     2  stm32f4xx_hal_spi.o(i.HAL_SPI_RxHalfCpltCallback)
    HAL_SPI_TransmitReceive_DMA              0x08002b81   Thumb Code   242  stm32f4xx_hal_spi.o(i.HAL_SPI_TransmitReceive_DMA)
    HAL_SPI_TxRxCpltCallback                 0x08002c89   Thumb Code     2  stm32f4xx_hal_spi.o(i.HAL_SPI_TxRxCpltCallback)
    HAL_SPI_TxRxHalfCpltCallback             0x08002c8b   Thumb Code     2  stm32f4xx_hal_spi.o(i.HAL_SPI_TxRxHalfCpltCallback)
    HAL_SYSTICK_CLKSourceConfig              0x08002c8d   Thumb Code    24  stm32f4xx_hal_cortex.o(i.HAL_SYSTICK_CLKSourceConfig)
    HAL_SYSTICK_Callback                     0x08002ca5   Thumb Code     2  stm32f4xx_hal_cortex.o(i.HAL_SYSTICK_Callback)
    HAL_SYSTICK_Config                       0x08002ca7   Thumb Code    40  stm32f4xx_hal_cortex.o(i.HAL_SYSTICK_Config)
    HAL_SYSTICK_IRQHandler                   0x08002ccf   Thumb Code     8  stm32f4xx_hal_cortex.o(i.HAL_SYSTICK_IRQHandler)
    HAL_TIMEx_BreakCallback                  0x08002cd7   Thumb Code     2  stm32f4xx_hal_tim_ex.o(i.HAL_TIMEx_BreakCallback)
    HAL_TIMEx_CommutationCallback            0x08002cd9   Thumb Code     2  stm32f4xx_hal_tim_ex.o(i.HAL_TIMEx_CommutationCallback)
    HAL_TIMEx_MasterConfigSynchronization    0x08002cdb   Thumb Code    80  stm32f4xx_hal_tim_ex.o(i.HAL_TIMEx_MasterConfigSynchronization)
    HAL_TIM_Base_Init                        0x08002d2b   Thumb Code    54  stm32f4xx_hal_tim.o(i.HAL_TIM_Base_Init)
    HAL_TIM_Base_MspInit                     0x08002d61   Thumb Code    74  stm32f4xx_hal_msp.o(i.HAL_TIM_Base_MspInit)
    HAL_TIM_Base_Start_IT                    0x08002db9   Thumb Code    24  stm32f4xx_hal_tim.o(i.HAL_TIM_Base_Start_IT)
    HAL_TIM_ConfigClockSource                0x08002dd1   Thumb Code   242  stm32f4xx_hal_tim.o(i.HAL_TIM_ConfigClockSource)
    HAL_TIM_IC_CaptureCallback               0x08002ec3   Thumb Code     2  stm32f4xx_hal_tim.o(i.HAL_TIM_IC_CaptureCallback)
    HAL_TIM_IRQHandler                       0x08002ec5   Thumb Code   358  stm32f4xx_hal_tim.o(i.HAL_TIM_IRQHandler)
    HAL_TIM_OC_DelayElapsedCallback          0x0800302b   Thumb Code     2  stm32f4xx_hal_tim.o(i.HAL_TIM_OC_DelayElapsedCallback)
    HAL_TIM_PWM_PulseFinishedCallback        0x0800302d   Thumb Code     2  stm32f4xx_hal_tim.o(i.HAL_TIM_PWM_PulseFinishedCallback)
    HAL_TIM_PeriodElapsedCallback            0x0800302f   Thumb Code     2  stm32f4xx_hal_tim.o(i.HAL_TIM_PeriodElapsedCallback)
    HAL_TIM_TriggerCallback                  0x08003031   Thumb Code     2  stm32f4xx_hal_tim.o(i.HAL_TIM_TriggerCallback)
    HX530_Senddata                           0x08003035   Thumb Code   254  stm32f4xx_hal_msp.o(i.HX530_Senddata)
    HX530_readdata                           0x08003139   Thumb Code   224  stm32f4xx_hal_msp.o(i.HX530_readdata)
    H_Xy_fan                                 0x08003229   Thumb Code    74  moshicanshu.o(i.H_Xy_fan)
    HardFault_Handler                        0x080032a5   Thumb Code     2  stm32f4xx_it.o(i.HardFault_Handler)
    HuanFan                                  0x080032a9   Thumb Code   132  stm32f4xx_it.o(i.HuanFan)
    MX_TIM2_SET                              0x080039e9   Thumb Code    30  main.o(i.MX_TIM2_SET)
    MX_TIM3_SET                              0x08003a61   Thumb Code    28  main.o(i.MX_TIM3_SET)
    MX_TIM4_SET                              0x08003ad9   Thumb Code    28  main.o(i.MX_TIM4_SET)
    MemManage_Handler                        0x08003afd   Thumb Code     2  stm32f4xx_it.o(i.MemManage_Handler)
    NMI_Handler                              0x08003aff   Thumb Code     2  stm32f4xx_it.o(i.NMI_Handler)
    PendSV_Handler                           0x08003b21   Thumb Code     2  stm32f4xx_it.o(i.PendSV_Handler)
    RD_AM8192                                0x08003b25   Thumb Code    70  stm32f4xx_it.o(i.RD_AM8192)
    Read_AM8192                              0x08003b7d   Thumb Code    86  stm32f4xx_it.o(i.Read_AM8192)
    SVC_Handler                              0x08003d67   Thumb Code     2  stm32f4xx_it.o(i.SVC_Handler)
    SysTick_Handler                          0x08003d69   Thumb Code  3912  stm32f4xx_it.o(i.SysTick_Handler)
    SystemClock_Config                       0x08004d19   Thumb Code   148  main.o(i.SystemClock_Config)
    SystemInit                               0x08004db5   Thumb Code    66  system_stm32f4xx.o(i.SystemInit)
    TIM2_IRQHandler                          0x08004e09   Thumb Code   616  stm32f4xx_it.o(i.TIM2_IRQHandler)
    TIM3_IRQHandler                          0x080050e5   Thumb Code   140  stm32f4xx_it.o(i.TIM3_IRQHandler)
    TIM4_IRQHandler                          0x08005195   Thumb Code   144  stm32f4xx_it.o(i.TIM4_IRQHandler)
    TIM_Base_SetConfig                       0x08005241   Thumb Code   148  stm32f4xx_hal_tim.o(i.TIM_Base_SetConfig)
    UsageFault_Handler                       0x0800536b   Thumb Code     2  stm32f4xx_it.o(i.UsageFault_Handler)
    XJ_ext                                   0x0800536d   Thumb Code    32  stm32f4xx_it.o(i.XJ_ext)
    Z_H_SaoMiao                              0x08005395   Thumb Code   228  stm32f4xx_it.o(i.Z_H_SaoMiao)
    _Error_Handler                           0x08005499   Thumb Code     2  main.o(i._Error_Handler)
    __scatterload_copy                       0x0800549b   Thumb Code    14  handlers.o(i.__scatterload_copy)
    __scatterload_null                       0x080054a9   Thumb Code     2  handlers.o(i.__scatterload_null)
    __scatterload_zeroinit                   0x080054ab   Thumb Code    14  handlers.o(i.__scatterload_zeroinit)
    allfwei                                  0x080054b9   Thumb Code   162  stm32f4xx_it.o(i.allfwei)
    chk_kuaifan_24                           0x08005561   Thumb Code    52  stm32f4xx_it.o(i.chk_kuaifan_24)
    chk_mowan                                0x0800559d   Thumb Code    52  stm32f4xx_it.o(i.chk_mowan)
    clr_8192_RD                              0x080055d9   Thumb Code    38  moshicanshu.o(i.clr_8192_RD)
    clr_f8                                   0x08005605   Thumb Code    60  moshicanshu.o(i.clr_f8)
    dpdatclr                                 0x08005645   Thumb Code    76  moshicanshu.o(i.dpdatclr)
    excfanwei                                0x08005695   Thumb Code    46  moshicanshu.o(i.excfanwei)
    excfanwei_STOP                           0x080056d1   Thumb Code    46  moshicanshu.o(i.excfanwei_STOP)
    excomm_QJkz                              0x0800570d   Thumb Code    18  moshicanshu.o(i.excomm_QJkz)
    exczsfanwei_BJ                           0x08005729   Thumb Code    32  moshicanshu.o(i.exczsfanwei_BJ)
    exczsfanwei_ST                           0x08005759   Thumb Code    22  moshicanshu.o(i.exczsfanwei_ST)
    exppfw                                   0x08005779   Thumb Code    78  moshicanshu.o(i.exppfw)
    fanchafanweixiabiao                      0x080057dd   Thumb Code    24  moshicanshu.o(i.fanchafanweixiabiao)
    fweipandin                               0x080057f9   Thumb Code    14  moshicanshu.o(i.fweipandin)
    main                                     0x0800580d   Thumb Code  3466  main.o(i.main)
    setfanwei                                0x080065b5   Thumb Code    30  main.o(i.setfanwei)
    smypfwei                                 0x080065d9   Thumb Code   296  stm32f4xx_it.o(i.smypfwei)
    AHBPrescTable                            0x08006714   Data          16  system_stm32f4xx.o(.constdata)
    APBPrescTable                            0x08006724   Data           8  system_stm32f4xx.o(.constdata)
    pm4p1                                    0x0800672c   Data          17  moshicanshu.o(.constdata)
    fan_wei_24                               0x0800673e   Data          50  moshicanshu.o(.constdata)
    p401                                     0x08006770   Data           8  moshicanshu.o(.constdata)
    p402                                     0x08006778   Data           8  moshicanshu.o(.constdata)
    p403                                     0x08006780   Data           8  moshicanshu.o(.constdata)
    p404                                     0x08006788   Data           8  moshicanshu.o(.constdata)
    p405                                     0x08006790   Data           8  moshicanshu.o(.constdata)
    p406                                     0x08006798   Data           8  moshicanshu.o(.constdata)
    p407                                     0x080067a0   Data           8  moshicanshu.o(.constdata)
    p408                                     0x080067a8   Data           8  moshicanshu.o(.constdata)
    p409                                     0x080067b0   Data           8  moshicanshu.o(.constdata)
    p410                                     0x080067b8   Data           8  moshicanshu.o(.constdata)
    p411                                     0x080067c0   Data           8  moshicanshu.o(.constdata)
    p412                                     0x080067c8   Data           8  moshicanshu.o(.constdata)
    p413                                     0x080067d0   Data           8  moshicanshu.o(.constdata)
    p414                                     0x080067d8   Data           8  moshicanshu.o(.constdata)
    p415                                     0x080067e0   Data           8  moshicanshu.o(.constdata)
    p416                                     0x080067e8   Data           8  moshicanshu.o(.constdata)
    p4101                                    0x080067f0   Data           5  moshicanshu.o(.constdata)
    p4102                                    0x080067f5   Data           5  moshicanshu.o(.constdata)
    p4103                                    0x080067fa   Data           6  moshicanshu.o(.constdata)
    p4104                                    0x08006800   Data           5  moshicanshu.o(.constdata)
    p4105                                    0x08006805   Data           6  moshicanshu.o(.constdata)
    p4106                                    0x0800680b   Data           5  moshicanshu.o(.constdata)
    p4107                                    0x08006810   Data           5  moshicanshu.o(.constdata)
    p4108                                    0x08006815   Data           6  moshicanshu.o(.constdata)
    p4109                                    0x0800681b   Data           6  moshicanshu.o(.constdata)
    p4110                                    0x08006821   Data           5  moshicanshu.o(.constdata)
    p4111                                    0x08006826   Data           6  moshicanshu.o(.constdata)
    p4112                                    0x0800682c   Data           5  moshicanshu.o(.constdata)
    p4113                                    0x08006831   Data           5  moshicanshu.o(.constdata)
    p4114                                    0x08006836   Data           5  moshicanshu.o(.constdata)
    p4115                                    0x0800683b   Data           5  moshicanshu.o(.constdata)
    p4116                                    0x08006840   Data           6  moshicanshu.o(.constdata)
    p4201                                    0x08006846   Data           5  moshicanshu.o(.constdata)
    p4202                                    0x0800684b   Data           5  moshicanshu.o(.constdata)
    p4203                                    0x08006850   Data           5  moshicanshu.o(.constdata)
    p4204                                    0x08006855   Data           5  moshicanshu.o(.constdata)
    p4205                                    0x0800685a   Data           5  moshicanshu.o(.constdata)
    p4206                                    0x0800685f   Data           6  moshicanshu.o(.constdata)
    p4207                                    0x08006865   Data           6  moshicanshu.o(.constdata)
    p4208                                    0x0800686b   Data           6  moshicanshu.o(.constdata)
    p4209                                    0x08006871   Data           6  moshicanshu.o(.constdata)
    p4210                                    0x08006877   Data           6  moshicanshu.o(.constdata)
    p4211                                    0x0800687d   Data           6  moshicanshu.o(.constdata)
    p4212                                    0x08006883   Data           5  moshicanshu.o(.constdata)
    p4213                                    0x08006888   Data           5  moshicanshu.o(.constdata)
    p4214                                    0x0800688d   Data           5  moshicanshu.o(.constdata)
    p4215                                    0x08006892   Data           5  moshicanshu.o(.constdata)
    p4216                                    0x08006897   Data           6  moshicanshu.o(.constdata)
    p4301                                    0x0800689d   Data           5  moshicanshu.o(.constdata)
    p4302                                    0x080068a2   Data           5  moshicanshu.o(.constdata)
    p4303                                    0x080068a7   Data           6  moshicanshu.o(.constdata)
    p4304                                    0x080068ad   Data           6  moshicanshu.o(.constdata)
    p4305                                    0x080068b3   Data           6  moshicanshu.o(.constdata)
    p4306                                    0x080068b9   Data           6  moshicanshu.o(.constdata)
    p4307                                    0x080068bf   Data           6  moshicanshu.o(.constdata)
    p4308                                    0x080068c5   Data           5  moshicanshu.o(.constdata)
    p4309                                    0x080068ca   Data           5  moshicanshu.o(.constdata)
    p4310                                    0x080068cf   Data           5  moshicanshu.o(.constdata)
    p4311                                    0x080068d4   Data           5  moshicanshu.o(.constdata)
    p4312                                    0x080068d9   Data           5  moshicanshu.o(.constdata)
    p4313                                    0x080068de   Data           5  moshicanshu.o(.constdata)
    p4314                                    0x080068e3   Data           5  moshicanshu.o(.constdata)
    p4315                                    0x080068e8   Data           5  moshicanshu.o(.constdata)
    p4316                                    0x080068ed   Data           5  moshicanshu.o(.constdata)
    p201                                     0x080068f2   Data           9  moshicanshu.o(.constdata)
    p202                                     0x080068fb   Data           9  moshicanshu.o(.constdata)
    p203                                     0x08006904   Data           9  moshicanshu.o(.constdata)
    p204                                     0x0800690d   Data           9  moshicanshu.o(.constdata)
    p205                                     0x08006916   Data           9  moshicanshu.o(.constdata)
    p206                                     0x0800691f   Data           9  moshicanshu.o(.constdata)
    p207                                     0x08006928   Data           9  moshicanshu.o(.constdata)
    p208                                     0x08006931   Data           9  moshicanshu.o(.constdata)
    p209                                     0x0800693a   Data           9  moshicanshu.o(.constdata)
    p210                                     0x08006943   Data           9  moshicanshu.o(.constdata)
    p211                                     0x0800694c   Data           9  moshicanshu.o(.constdata)
    p212                                     0x08006955   Data           9  moshicanshu.o(.constdata)
    p213                                     0x0800695e   Data           9  moshicanshu.o(.constdata)
    p214                                     0x08006967   Data           9  moshicanshu.o(.constdata)
    p215                                     0x08006970   Data           9  moshicanshu.o(.constdata)
    p216                                     0x08006979   Data           9  moshicanshu.o(.constdata)
    p2101                                    0x08006982   Data           9  moshicanshu.o(.constdata)
    p2102                                    0x0800698b   Data           9  moshicanshu.o(.constdata)
    p2103                                    0x08006994   Data           9  moshicanshu.o(.constdata)
    p2104                                    0x0800699d   Data           9  moshicanshu.o(.constdata)
    p2105                                    0x080069a6   Data           9  moshicanshu.o(.constdata)
    p2106                                    0x080069af   Data           9  moshicanshu.o(.constdata)
    p2107                                    0x080069b8   Data           9  moshicanshu.o(.constdata)
    p2108                                    0x080069c1   Data           9  moshicanshu.o(.constdata)
    p2109                                    0x080069ca   Data           9  moshicanshu.o(.constdata)
    p2110                                    0x080069d3   Data           9  moshicanshu.o(.constdata)
    p2111                                    0x080069dc   Data           9  moshicanshu.o(.constdata)
    p2112                                    0x080069e5   Data           9  moshicanshu.o(.constdata)
    p2113                                    0x080069ee   Data           9  moshicanshu.o(.constdata)
    p2114                                    0x080069f7   Data           9  moshicanshu.o(.constdata)
    p2115                                    0x08006a00   Data           9  moshicanshu.o(.constdata)
    p2116                                    0x08006a09   Data           9  moshicanshu.o(.constdata)
    p301                                     0x08006a12   Data           3  moshicanshu.o(.constdata)
    p302                                     0x08006a15   Data           3  moshicanshu.o(.constdata)
    p303                                     0x08006a18   Data           9  moshicanshu.o(.constdata)
    p304                                     0x08006a21   Data           9  moshicanshu.o(.constdata)
    p305                                     0x08006a2a   Data           3  moshicanshu.o(.constdata)
    p306                                     0x08006a2d   Data           3  moshicanshu.o(.constdata)
    p307                                     0x08006a30   Data           3  moshicanshu.o(.constdata)
    p308                                     0x08006a33   Data           9  moshicanshu.o(.constdata)
    p309                                     0x08006a3c   Data           9  moshicanshu.o(.constdata)
    p310                                     0x08006a45   Data           3  moshicanshu.o(.constdata)
    p311                                     0x08006a48   Data           3  moshicanshu.o(.constdata)
    p312                                     0x08006a4b   Data           3  moshicanshu.o(.constdata)
    p313                                     0x08006a4e   Data           9  moshicanshu.o(.constdata)
    p314                                     0x08006a57   Data           9  moshicanshu.o(.constdata)
    p315                                     0x08006a60   Data           3  moshicanshu.o(.constdata)
    p316                                     0x08006a63   Data           3  moshicanshu.o(.constdata)
    Region$$Table$$Base                      0x08006a68   Number         0  anon$$obj.o(Region$$Table)
    Region$$Table$$Limit                     0x08006a88   Number         0  anon$$obj.o(Region$$Table)
    uwTick                                   0x20000000   Data           4  stm32f4xx_hal.o(.data)
    SystemCoreClock                          0x20000004   Data           4  system_stm32f4xx.o(.data)
    dchuli_sw                                0x20000008   Data           1  main.o(.data)
    QJJX_sw                                  0x20000009   Data           1  main.o(.data)
    QJ_STAR                                  0x2000000a   Data           1  main.o(.data)
    Run_MS                                   0x2000000c   Data           1  main.o(.data)
    Run_fanwei                               0x2000000d   Data           1  main.o(.data)
    DMA_RES                                  0x2000000e   Data           1  main.o(.data)
    BD_IN_OUT                                0x2000000f   Data           1  main.o(.data)
    AM8192_WD                                0x20000010   Data           1  main.o(.data)
    RUN_ST                                   0x20000011   Data           1  main.o(.data)
    RUN_out                                  0x20000012   Data           1  main.o(.data)
    Run_KeyCMD                               0x20000013   Data           1  main.o(.data)
    DMA_Key_EN                               0x20000014   Data           1  main.o(.data)
    Key_one                                  0x20000015   Data           1  main.o(.data)
    XJ_setp                                  0x20000016   Data           1  main.o(.data)
    XJ_stop                                  0x20000017   Data           1  main.o(.data)
    PG_JG_sw                                 0x20000018   Data           1  main.o(.data)
    EP_HOME                                  0x20000019   Data           1  main.o(.data)
    EP_ense                                  0x2000001a   Data           1  main.o(.data)
    EP_stop                                  0x2000001b   Data           1  main.o(.data)
    XT_reset                                 0x2000001c   Data           1  main.o(.data)
    TS_SP_zt                                 0x2000001d   Data           1  main.o(.data)
    TS_RD_en                                 0x2000001e   Data           1  main.o(.data)
    SET_BDen                                 0x2000001f   Data           1  main.o(.data)
    BD_en                                    0x20000020   Data           1  main.o(.data)
    EP_en                                    0x20000021   Data           1  main.o(.data)
    shitouleixin                             0x20000022   Data           1  main.o(.data)
    TiaoFan_en                               0x20000023   Data           1  main.o(.data)
    MF_ST                                    0x20000024   Data           1  main.o(.data)
    MF_mode                                  0x20000025   Data           1  main.o(.data)
    GD_DW_mode                               0x20000026   Data           1  main.o(.data)
    DW_fanshu                                0x20000027   Data           1  main.o(.data)
    SET_PX                                   0x20000028   Data           1  main.o(.data)
    ZSFW_dp                                  0x20000029   Data           1  main.o(.data)
    FanWei_XB                                0x2000002a   Data           1  main.o(.data)
    f8_f16                                   0x2000002b   Data           1  main.o(.data)
    en_8f                                    0x2000002c   Data           1  main.o(.data)
    en_16f                                   0x2000002d   Data           1  main.o(.data)
    DP_tim_sw                                0x2000002e   Data           1  main.o(.data)
    CHF_DDP_ERROR                            0x2000002f   Data           1  main.o(.data)
    FW_XiaBiao                               0x20000030   Data           1  main.o(.data)
    SW_JG_PG_mode                            0x20000031   Data           1  main.o(.data)
    xs_sw                                    0x20000032   Data           1  main.o(.data)
    BD_Maxsetp                               0x20000034   Data           2  main.o(.data)
    BD_spu                                   0x20000036   Data           2  main.o(.data)
    BD_Minsetp                               0x20000038   Data           2  main.o(.data)
    BD_SHC                                   0x2000003a   Data           2  main.o(.data)
    XJ_equ                                   0x2000003c   Data           2  main.o(.data)
    EP_equ                                   0x2000003e   Data           2  main.o(.data)
    XJ_YL_kz                                 0x20000040   Data           2  main.o(.data)
    START_JD                                 0x20000042   Data           2  main.o(.data)
    bushu_dat                                0x20000044   Data           4  main.o(.data)
    js_mc                                    0x20000048   Data           4  main.o(.data)
    GD_cankao                                0x2000004c   Data           4  main.o(.data)
    XJ_bjdat                                 0x20000050   Data           4  main.o(.data)
    EP_bjdat                                 0x20000054   Data           4  main.o(.data)
    EP_JS_dat                                0x20000058   Data           4  main.o(.data)
    EP_GD_dat                                0x2000005c   Data           4  main.o(.data)
    BD_bjdat                                 0x20000060   Data           4  main.o(.data)
    DP_HMS_dat                               0x20000064   Data           4  main.o(.data)
    BD_JS_dat                                0x20000068   Data           4  main.o(.data)
    BD_RUN                                   0x2000006c   Data           4  main.o(.data)
    BD_JS_DATT                               0x20000070   Data           4  main.o(.data)
    RD_SD_dat                                0x20000074   Data           6  main.o(.data)
    CAN_RX                                   0x2000007c   Data           8  main.o(.data)
    CAN_TX                                   0x20000084   Data           8  main.o(.data)
    AM8192_UM                                0x2000008c   Data           6  main.o(.data)
    AM8192_CP                                0x20000092   Data           2  main.o(.data)
    AM8192_DAT                               0x20000094   Data           4  main.o(.data)
    AM8192_STOP                              0x20000098   Data           4  main.o(.data)
    H_F_STOP_GD                              0x2000009c   Data           4  main.o(.data)
    AM8192_CS                                0x200000a0   Data           1  main.o(.data)
    BD_cnc                                   0x200000a1   Data           1  main.o(.data)
    H_F_check                                0x200000a2   Data           1  main.o(.data)
    XJ_en                                    0x200000a3   Data           1  main.o(.data)
    GD_CHA_IN                                0x200000a4   Data           4  main.o(.data)
    GD_CHA_OUT                               0x200000a8   Data           4  main.o(.data)
    START                                    0x200000ac   Data           1  main.o(.data)
    FW_Fixed                                 0x200000ad   Data           1  main.o(.data)
    TS_RD_wz                                 0x200000ae   Data           1  main.o(.data)
    BD_setp                                  0x200000af   Data           1  main.o(.data)
    BD_stop                                  0x200000b0   Data           1  main.o(.data)
    CF_tim                                   0x200000b1   Data           1  main.o(.data)
    DF_tim_en                                0x200000b2   Data           1  main.o(.data)
    AD_Read_en                               0x200000b3   Data           1  main.o(.data)
    EP_offset                                0x200000b4   Data           1  main.o(.data)
    auto_YL_ts                               0x200000b5   Data           1  main.o(.data)
    KS_XJ_en                                 0x200000b6   Data           1  main.o(.data)
    MS_Auto                                  0x200000b7   Data           1  main.o(.data)
    COMM_CF                                  0x200000b8   Data           1  main.o(.data)
    tiaofan_enp                              0x200000b9   Data           1  main.o(.data)
    fw_ready                                 0x200000ba   Data           1  main.o(.data)
    f16_end                                  0x200000bb   Data           1  main.o(.data)
    f8_end                                   0x200000bc   Data           1  main.o(.data)
    Stop_en                                  0x200000bd   Data           1  main.o(.data)
    BD_equ                                   0x200000be   Data           2  main.o(.data)
    XWJ_BJ_dat                               0x200000c0   Data           2  main.o(.data)
    CF_time                                  0x200000c2   Data           2  main.o(.data)
    tx_fanwei_tim                            0x200000c4   Data           2  main.o(.data)
    YL_dat                                   0x200000c8   Data           4  main.o(.data)
    YL_tnp                                   0x200000cc   Data           4  main.o(.data)
    XJ_js_dat                                0x200000d0   Data           4  main.o(.data)
    YL_max                                   0x200000d4   Data           4  main.o(.data)
    YL_min                                   0x200000d8   Data           4  main.o(.data)
    XJ_bjs                                   0x200000dc   Data           4  main.o(.data)
    Read_buj_um                              0x200000e0   Data           2  main.o(.data)
    QJ_data                                  0x200000e2   Data           2  main.o(.data)
    offset_shangwei                          0x200000e4   Data           2  main.o(.data)
    offset_xiawei                            0x200000e6   Data           2  main.o(.data)
    XJ_Read_dat                              0x200000e8   Data           4  main.o(.data)
    DP_DMS_dat                               0x200000ec   Data           4  main.o(.data)
    min_SD_dat                               0x200000f0   Data           2  main.o(.data)
    Read_dat_en                              0x200000f2   Data           1  main.o(.data)
    TS_tx_en                                 0x200000f3   Data           1  main.o(.data)
    RD_ens                                   0x200000f4   Data           1  main.o(.data)
    TMP1                                     0x200000f5   Data           1  main.o(.data)
    CF_int_js                                0x200000f6   Data           1  main.o(.data)
    shangwei_BZ                              0x200000f7   Data           1  main.o(.data)
    xiawei_BZ                                0x200000f8   Data           1  main.o(.data)
    BD_OPD                                   0x200000fa   Data           2  main.o(.data)
    BD_home                                  0x200000fc   Data           1  main.o(.data)
    ylcunwz                                  0x20000100   Data           1  stm32f4xx_hal_msp.o(.data)
    tmpp                                     0x20000104   Data           4  stm32f4xx_hal_msp.o(.data)
    tenp                                     0x20000108   Data           1  stm32f4xx_it.o(.data)
    tmpd                                     0x20000109   Data           1  stm32f4xx_it.o(.data)
    XT_IncTick                               0x2000010a   Data           1  stm32f4xx_it.o(.data)
    AM8192_RD_time                           0x2000010b   Data           1  stm32f4xx_it.o(.data)
    QT_SD_tim                                0x2000010c   Data           1  stm32f4xx_it.o(.data)
    Run_tim                                  0x2000010d   Data           1  stm32f4xx_it.o(.data)
    RD_jshu                                  0x2000010e   Data           1  stm32f4xx_it.o(.data)
    tx_tim                                   0x2000010f   Data           1  stm32f4xx_it.o(.data)
    Read_tim                                 0x20000110   Data           2  stm32f4xx_it.o(.data)
    yli_dat                                  0x20000114   Data           4  stm32f4xx_it.o(.data)
    P41                                      0x20000118   Data          64  moshicanshu.o(.data)
    P42                                      0x20000158   Data          64  moshicanshu.o(.data)
    P43                                      0x20000198   Data          64  moshicanshu.o(.data)
    P44                                      0x200001d8   Data          64  moshicanshu.o(.data)
    P21                                      0x20000218   Data          64  moshicanshu.o(.data)
    P22                                      0x20000258   Data          64  moshicanshu.o(.data)
    P31                                      0x20000298   Data          64  moshicanshu.o(.data)
    P32                                      0x200002d8   Data          64  moshicanshu.o(.data)
    PS                                       0x20000318   Data          32  moshicanshu.o(.data)
    ROM_Data                                 0x20000338   Data         128  main.o(.bss)
    DMA_TX                                   0x200003b8   Data         512  main.o(.bss)
    DMA_RX                                   0x200005b8   Data         510  main.o(.bss)
    hcan1                                    0x200007b8   Data          68  main.o(.bss)
    hi2c2                                    0x200007fc   Data          84  main.o(.bss)
    hspi1                                    0x20000850   Data          88  main.o(.bss)
    htim2                                    0x200008a8   Data          60  main.o(.bss)
    htim3                                    0x200008e4   Data          60  main.o(.bss)
    htim4                                    0x20000920   Data          60  main.o(.bss)
    Fan_Set                                  0x2000095c   Data          16  main.o(.bss)
    AM8192_R                                 0x2000096c   Data         384  main.o(.bss)
    fanwei_data                              0x20000aec   Data        3648  main.o(.bss)
    hdma_spi1_rx                             0x2000192c   Data          96  main.o(.bss)
    hdma_spi1_tx                             0x2000198c   Data          96  main.o(.bss)
    TxMessage                                0x200019ec   Data          28  main.o(.bss)
    RxMessage                                0x20001a08   Data          36  main.o(.bss)
    ts_shupin                                0x20001a2c   Data          48  main.o(.bss)
    yldat                                    0x20001a5c   Data          40  stm32f4xx_hal_msp.o(.bss)
    __initial_sp                             0x20002188   Data           0  startup_stm32f405xx.o(STACK)



==============================================================================

Memory Map of the image

  Image Entry point : 0x08000189

  Load Region LR_IROM1 (Base: 0x08000000, Size: 0x00006dc0, Max: 0x00100000, ABSOLUTE, COMPRESSED[0x00006c04])

    Execution Region ER_IROM1 (Base: 0x08000000, Size: 0x00006a88, Max: 0x00100000, ABSOLUTE)

    Base Addr    Size         Type   Attr      Idx    E Section Name        Object

    0x08000000   0x00000188   Data   RO         2889    RESET               startup_stm32f405xx.o
    0x08000188   0x00000000   Code   RO         3941  * .ARM.Collect$$$$00000000  mc_w.l(entry.o)
    0x08000188   0x00000004   Code   RO         3964    .ARM.Collect$$$$00000001  mc_w.l(entry2.o)
    0x0800018c   0x00000004   Code   RO         3967    .ARM.Collect$$$$00000004  mc_w.l(entry5.o)
    0x08000190   0x00000000   Code   RO         3969    .ARM.Collect$$$$00000008  mc_w.l(entry7b.o)
    0x08000190   0x00000000   Code   RO         3971    .ARM.Collect$$$$0000000A  mc_w.l(entry8b.o)
    0x08000190   0x00000008   Code   RO         3972    .ARM.Collect$$$$0000000B  mc_w.l(entry9a.o)
    0x08000198   0x00000000   Code   RO         3974    .ARM.Collect$$$$0000000D  mc_w.l(entry10a.o)
    0x08000198   0x00000000   Code   RO         3976    .ARM.Collect$$$$0000000F  mc_w.l(entry11a.o)
    0x08000198   0x00000004   Code   RO         3965    .ARM.Collect$$$$00002712  mc_w.l(entry2.o)
    0x0800019c   0x00000024   Code   RO         2890    .text               startup_stm32f405xx.o
    0x080001c0   0x00000024   Code   RO         3944    .text               mc_w.l(memcpya.o)
    0x080001e4   0x000000e4   Code   RO         3948    .text               mf_w.l(dmul.o)
    0x080002c8   0x000000de   Code   RO         3950    .text               mf_w.l(ddiv.o)
    0x080003a6   0x00000022   Code   RO         3952    .text               mf_w.l(dflti.o)
    0x080003c8   0x0000001a   Code   RO         3954    .text               mf_w.l(dfltui.o)
    0x080003e2   0x0000003e   Code   RO         3956    .text               mf_w.l(dfixi.o)
    0x08000420   0x00000032   Code   RO         3958    .text               mf_w.l(dfixui.o)
    0x08000452   0x00000026   Code   RO         3960    .text               mf_w.l(f2d.o)
    0x08000478   0x00000038   Code   RO         3962    .text               mf_w.l(d2f.o)
    0x080004b0   0x00000020   Code   RO         3978    .text               mc_w.l(llushr.o)
    0x080004d0   0x00000000   Code   RO         3980    .text               mc_w.l(iusefp.o)
    0x080004d0   0x0000006e   Code   RO         3981    .text               mf_w.l(fepilogue.o)
    0x0800053e   0x000000ba   Code   RO         3983    .text               mf_w.l(depilogue.o)
    0x080005f8   0x00000024   Code   RO         3985    .text               mc_w.l(init.o)
    0x0800061c   0x0000001e   Code   RO         3987    .text               mc_w.l(llshl.o)
    0x0800063a   0x00000056   Code   RO         3997    .text               mc_w.l(__dczerorl2.o)
    0x08000690   0x00000002   Code   RO         3346    i.BusFault_Handler  stm32f4xx_it.o
    0x08000692   0x00000002   PAD
    0x08000694   0x00000104   Code   RO         3347    i.CAN1_RX0_IRQHandler  stm32f4xx_it.o
    0x08000798   0x0000000c   Code   RO         3348    i.CAN1_TX_IRQHandler  stm32f4xx_it.o
    0x080007a4   0x00000126   Code   RO            4    i.CAN_Receive_IT    stm32f4xx_hal_can.o
    0x080008ca   0x00000002   PAD
    0x080008cc   0x00000034   Code   RO         3563    i.Can_WriteData     moshicanshu.o
    0x08000900   0x00000050   Code   RO         3242    i.DATDDP            stm32f4xx_hal_msp.o
    0x08000950   0x000000ec   Code   RO         3349    i.DMA2_Stream0_IRQHandler  stm32f4xx_it.o
    0x08000a3c   0x0000000c   Code   RO         3350    i.DMA2_Stream3_IRQHandler  stm32f4xx_it.o
    0x08000a48   0x00000028   Code   RO         2746    i.DMA_CalcBaseAndBitshift  stm32f4xx_hal_dma.o
    0x08000a70   0x00000054   Code   RO         2747    i.DMA_CheckFifoParam  stm32f4xx_hal_dma.o
    0x08000ac4   0x00000028   Code   RO         2748    i.DMA_SetConfig     stm32f4xx_hal_dma.o
    0x08000aec   0x00000002   Code   RO         3351    i.DebugMon_Handler  stm32f4xx_it.o
    0x08000aee   0x00000002   PAD
    0x08000af0   0x0000038c   Code   RO         3352    i.EXTI15_10_IRQHandler  stm32f4xx_it.o
    0x08000e7c   0x000000f4   Code   RO         3353    i.EXTI3_IRQHandler  stm32f4xx_it.o
    0x08000f70   0x00000014   Code   RO         3354    i.EXTI4_IRQHandler  stm32f4xx_it.o
    0x08000f84   0x00000138   Code   RO         3564    i.FW_Fixed_Exec     moshicanshu.o
    0x080010bc   0x000000f8   Code   RO            5    i.HAL_CAN_ConfigFilter  stm32f4xx_hal_can.o
    0x080011b4   0x00000002   Code   RO            7    i.HAL_CAN_ErrorCallback  stm32f4xx_hal_can.o
    0x080011b6   0x00000002   PAD
    0x080011b8   0x00000234   Code   RO           10    i.HAL_CAN_IRQHandler  stm32f4xx_hal_can.o
    0x080013ec   0x00000148   Code   RO           11    i.HAL_CAN_Init      stm32f4xx_hal_can.o
    0x08001534   0x00000110   Code   RO         3244    i.HAL_CAN_MspInit   stm32f4xx_hal_msp.o
    0x08001644   0x000000b4   Code   RO           15    i.HAL_CAN_Receive_IT  stm32f4xx_hal_can.o
    0x080016f8   0x00000002   Code   RO           16    i.HAL_CAN_RxCpltCallback  stm32f4xx_hal_can.o
    0x080016fa   0x00000124   Code   RO           19    i.HAL_CAN_Transmit_IT  stm32f4xx_hal_can.o
    0x0800181e   0x00000002   Code   RO           20    i.HAL_CAN_TxCpltCallback  stm32f4xx_hal_can.o
    0x08001820   0x00000056   Code   RO         2751    i.HAL_DMA_DeInit    stm32f4xx_hal_dma.o
    0x08001876   0x00000002   PAD
    0x08001878   0x000001a8   Code   RO         2754    i.HAL_DMA_IRQHandler  stm32f4xx_hal_dma.o
    0x08001a20   0x000000d4   Code   RO         2755    i.HAL_DMA_Init      stm32f4xx_hal_dma.o
    0x08001af4   0x00000078   Code   RO         2759    i.HAL_DMA_Start_IT  stm32f4xx_hal_dma.o
    0x08001b6c   0x00000148   Code   RO         1437    i.HAL_GPIO_DeInit   stm32f4xx_hal_gpio.o
    0x08001cb4   0x00000002   Code   RO         1438    i.HAL_GPIO_EXTI_Callback  stm32f4xx_hal_gpio.o
    0x08001cb6   0x00000002   PAD
    0x08001cb8   0x00000018   Code   RO         1439    i.HAL_GPIO_EXTI_IRQHandler  stm32f4xx_hal_gpio.o
    0x08001cd0   0x000001b0   Code   RO         1440    i.HAL_GPIO_Init     stm32f4xx_hal_gpio.o
    0x08001e80   0x0000000a   Code   RO         1442    i.HAL_GPIO_ReadPin  stm32f4xx_hal_gpio.o
    0x08001e8a   0x0000000a   Code   RO         1444    i.HAL_GPIO_WritePin  stm32f4xx_hal_gpio.o
    0x08001e94   0x0000000c   Code   RO         1117    i.HAL_GetTick       stm32f4xx_hal.o
    0x08001ea0   0x00000004   Code   RO         2338    i.HAL_I2C_GetError  stm32f4xx_hal_i2c.o
    0x08001ea4   0x00000108   Code   RO         2341    i.HAL_I2C_Init      stm32f4xx_hal_i2c.o
    0x08001fac   0x000001fc   Code   RO         2357    i.HAL_I2C_Mem_Read  stm32f4xx_hal_i2c.o
    0x080021a8   0x0000013c   Code   RO         2360    i.HAL_I2C_Mem_Write  stm32f4xx_hal_i2c.o
    0x080022e4   0x0000004c   Code   RO         3246    i.HAL_I2C_MspInit   stm32f4xx_hal_msp.o
    0x08002330   0x00000010   Code   RO         1119    i.HAL_IncTick       stm32f4xx_hal.o
    0x08002340   0x00000034   Code   RO         1120    i.HAL_Init          stm32f4xx_hal.o
    0x08002374   0x00000028   Code   RO         1121    i.HAL_InitTick      stm32f4xx_hal.o
    0x0800239c   0x00000058   Code   RO         3247    i.HAL_MspInit       stm32f4xx_hal_msp.o
    0x080023f4   0x00000016   Code   RO         1628    i.HAL_NVIC_EnableIRQ  stm32f4xx_hal_cortex.o
    0x0800240a   0x00000002   PAD
    0x0800240c   0x00000040   Code   RO         1634    i.HAL_NVIC_SetPriority  stm32f4xx_hal_cortex.o
    0x0800244c   0x00000024   Code   RO         1635    i.HAL_NVIC_SetPriorityGrouping  stm32f4xx_hal_cortex.o
    0x08002470   0x0000017c   Code   RO         1258    i.HAL_RCC_ClockConfig  stm32f4xx_hal_rcc.o
    0x080025ec   0x0000000c   Code   RO         1263    i.HAL_RCC_GetHCLKFreq  stm32f4xx_hal_rcc.o
    0x080025f8   0x00000030   Code   RO         1265    i.HAL_RCC_GetPCLK1Freq  stm32f4xx_hal_rcc.o
    0x08002628   0x00000070   Code   RO         1267    i.HAL_RCC_GetSysClockFreq  stm32f4xx_hal_rcc.o
    0x08002698   0x00000314   Code   RO         1270    i.HAL_RCC_OscConfig  stm32f4xx_hal_rcc.o
    0x080029ac   0x0000002e   Code   RO         1924    i.HAL_SPI_DeInit    stm32f4xx_hal_spi.o
    0x080029da   0x00000002   Code   RO         1925    i.HAL_SPI_ErrorCallback  stm32f4xx_hal_spi.o
    0x080029dc   0x00000080   Code   RO         1929    i.HAL_SPI_Init      stm32f4xx_hal_spi.o
    0x08002a5c   0x0000003c   Code   RO         3248    i.HAL_SPI_MspDeInit  stm32f4xx_hal_msp.o
    0x08002a98   0x000000e4   Code   RO         3249    i.HAL_SPI_MspInit   stm32f4xx_hal_msp.o
    0x08002b7c   0x00000002   Code   RO         1935    i.HAL_SPI_RxCpltCallback  stm32f4xx_hal_spi.o
    0x08002b7e   0x00000002   Code   RO         1936    i.HAL_SPI_RxHalfCpltCallback  stm32f4xx_hal_spi.o
    0x08002b80   0x00000108   Code   RO         1939    i.HAL_SPI_TransmitReceive_DMA  stm32f4xx_hal_spi.o
    0x08002c88   0x00000002   Code   RO         1945    i.HAL_SPI_TxRxCpltCallback  stm32f4xx_hal_spi.o
    0x08002c8a   0x00000002   Code   RO         1946    i.HAL_SPI_TxRxHalfCpltCallback  stm32f4xx_hal_spi.o
    0x08002c8c   0x00000018   Code   RO         1637    i.HAL_SYSTICK_CLKSourceConfig  stm32f4xx_hal_cortex.o
    0x08002ca4   0x00000002   Code   RO         1638    i.HAL_SYSTICK_Callback  stm32f4xx_hal_cortex.o
    0x08002ca6   0x00000028   Code   RO         1639    i.HAL_SYSTICK_Config  stm32f4xx_hal_cortex.o
    0x08002cce   0x00000008   Code   RO         1640    i.HAL_SYSTICK_IRQHandler  stm32f4xx_hal_cortex.o
    0x08002cd6   0x00000002   Code   RO          865    i.HAL_TIMEx_BreakCallback  stm32f4xx_hal_tim_ex.o
    0x08002cd8   0x00000002   Code   RO          866    i.HAL_TIMEx_CommutationCallback  stm32f4xx_hal_tim_ex.o
    0x08002cda   0x00000050   Code   RO          882    i.HAL_TIMEx_MasterConfigSynchronization  stm32f4xx_hal_tim_ex.o
    0x08002d2a   0x00000036   Code   RO          236    i.HAL_TIM_Base_Init  stm32f4xx_hal_tim.o
    0x08002d60   0x00000058   Code   RO         3251    i.HAL_TIM_Base_MspInit  stm32f4xx_hal_msp.o
    0x08002db8   0x00000018   Code   RO          241    i.HAL_TIM_Base_Start_IT  stm32f4xx_hal_tim.o
    0x08002dd0   0x000000f2   Code   RO          245    i.HAL_TIM_ConfigClockSource  stm32f4xx_hal_tim.o
    0x08002ec2   0x00000002   Code   RO          265    i.HAL_TIM_IC_CaptureCallback  stm32f4xx_hal_tim.o
    0x08002ec4   0x00000166   Code   RO          278    i.HAL_TIM_IRQHandler  stm32f4xx_hal_tim.o
    0x0800302a   0x00000002   Code   RO          281    i.HAL_TIM_OC_DelayElapsedCallback  stm32f4xx_hal_tim.o
    0x0800302c   0x00000002   Code   RO          308    i.HAL_TIM_PWM_PulseFinishedCallback  stm32f4xx_hal_tim.o
    0x0800302e   0x00000002   Code   RO          315    i.HAL_TIM_PeriodElapsedCallback  stm32f4xx_hal_tim.o
    0x08003030   0x00000002   Code   RO          319    i.HAL_TIM_TriggerCallback  stm32f4xx_hal_tim.o
    0x08003032   0x00000002   PAD
    0x08003034   0x00000104   Code   RO         3252    i.HX530_Senddata    stm32f4xx_hal_msp.o
    0x08003138   0x000000f0   Code   RO         3253    i.HX530_readdata    stm32f4xx_hal_msp.o
    0x08003228   0x0000007c   Code   RO         3565    i.H_Xy_fan          moshicanshu.o
    0x080032a4   0x00000002   Code   RO         3355    i.HardFault_Handler  stm32f4xx_it.o
    0x080032a6   0x00000002   PAD
    0x080032a8   0x00000090   Code   RO         3356    i.HuanFan           stm32f4xx_it.o
    0x08003338   0x00000028   Code   RO         2379    i.I2C_IsAcknowledgeFailed  stm32f4xx_hal_i2c.o
    0x08003360   0x000000f0   Code   RO         2388    i.I2C_RequestMemoryRead  stm32f4xx_hal_i2c.o
    0x08003450   0x000000a0   Code   RO         2389    i.I2C_RequestMemoryWrite  stm32f4xx_hal_i2c.o
    0x080034f0   0x0000004e   Code   RO         2392    i.I2C_WaitOnBTFFlagUntilTimeout  stm32f4xx_hal_i2c.o
    0x0800353e   0x00000060   Code   RO         2393    i.I2C_WaitOnFlagUntilTimeout  stm32f4xx_hal_i2c.o
    0x0800359e   0x00000002   PAD
    0x080035a0   0x00000088   Code   RO         2394    i.I2C_WaitOnMasterAddressFlagUntilTimeout  stm32f4xx_hal_i2c.o
    0x08003628   0x00000062   Code   RO         2395    i.I2C_WaitOnRXNEFlagUntilTimeout  stm32f4xx_hal_i2c.o
    0x0800368a   0x0000004e   Code   RO         2396    i.I2C_WaitOnTXEFlagUntilTimeout  stm32f4xx_hal_i2c.o
    0x080036d8   0x00000040   Code   RO         2897    i.MX_CAN1_Init      main.o
    0x08003718   0x00000164   Code   RO         2898    i.MX_GPIO_Init      main.o
    0x0800387c   0x00000038   Code   RO         2899    i.MX_I2C2_Init      main.o
    0x080038b4   0x000000a6   Code   RO         2900    i.MX_NVIC_Init      main.o
    0x0800395a   0x00000002   PAD
    0x0800395c   0x0000003c   Code   RO         2901    i.MX_SPI1_Init      main.o
    0x08003998   0x00000050   Code   RO         2902    i.MX_TIM2_Init      main.o
    0x080039e8   0x00000024   Code   RO         2903    i.MX_TIM2_SET       main.o
    0x08003a0c   0x00000054   Code   RO         2904    i.MX_TIM3_Init      main.o
    0x08003a60   0x00000024   Code   RO         2905    i.MX_TIM3_SET       main.o
    0x08003a84   0x00000054   Code   RO         2906    i.MX_TIM4_Init      main.o
    0x08003ad8   0x00000024   Code   RO         2907    i.MX_TIM4_SET       main.o
    0x08003afc   0x00000002   Code   RO         3357    i.MemManage_Handler  stm32f4xx_it.o
    0x08003afe   0x00000002   Code   RO         3358    i.NMI_Handler       stm32f4xx_it.o
    0x08003b00   0x00000020   Code   RO         1641    i.NVIC_SetPriority  stm32f4xx_hal_cortex.o
    0x08003b20   0x00000002   Code   RO         3359    i.PendSV_Handler    stm32f4xx_it.o
    0x08003b22   0x00000002   PAD
    0x08003b24   0x00000058   Code   RO         3360    i.RD_AM8192         stm32f4xx_it.o
    0x08003b7c   0x0000005c   Code   RO         3361    i.Read_AM8192       stm32f4xx_it.o
    0x08003bd8   0x00000020   Code   RO         1953    i.SPI_CheckFlag_BSY  stm32f4xx_hal_spi.o
    0x08003bf8   0x00000022   Code   RO         1958    i.SPI_DMAError      stm32f4xx_hal_spi.o
    0x08003c1a   0x0000000a   Code   RO         1959    i.SPI_DMAHalfReceiveCplt  stm32f4xx_hal_spi.o
    0x08003c24   0x0000000a   Code   RO         1961    i.SPI_DMAHalfTransmitReceiveCplt  stm32f4xx_hal_spi.o
    0x08003c2e   0x00000052   Code   RO         1962    i.SPI_DMAReceiveCplt  stm32f4xx_hal_spi.o
    0x08003c80   0x00000050   Code   RO         1965    i.SPI_DMATransmitReceiveCplt  stm32f4xx_hal_spi.o
    0x08003cd0   0x00000096   Code   RO         1971    i.SPI_WaitFlagStateUntilTimeout  stm32f4xx_hal_spi.o
    0x08003d66   0x00000002   Code   RO         3362    i.SVC_Handler       stm32f4xx_it.o
    0x08003d68   0x00000fb0   Code   RO         3365    i.SysTick_Handler   stm32f4xx_it.o
    0x08004d18   0x0000009c   Code   RO         2908    i.SystemClock_Config  main.o
    0x08004db4   0x00000054   Code   RO         2853    i.SystemInit        system_stm32f4xx.o
    0x08004e08   0x000002dc   Code   RO         3366    i.TIM2_IRQHandler   stm32f4xx_it.o
    0x080050e4   0x000000b0   Code   RO         3367    i.TIM3_IRQHandler   stm32f4xx_it.o
    0x08005194   0x000000ac   Code   RO         3368    i.TIM4_IRQHandler   stm32f4xx_it.o
    0x08005240   0x000000c0   Code   RO          320    i.TIM_Base_SetConfig  stm32f4xx_hal_tim.o
    0x08005300   0x00000014   Code   RO          327    i.TIM_ETR_SetConfig  stm32f4xx_hal_tim.o
    0x08005314   0x00000010   Code   RO          328    i.TIM_ITRx_SetConfig  stm32f4xx_hal_tim.o
    0x08005324   0x00000022   Code   RO          334    i.TIM_TI1_ConfigInputStage  stm32f4xx_hal_tim.o
    0x08005346   0x00000024   Code   RO          336    i.TIM_TI2_ConfigInputStage  stm32f4xx_hal_tim.o
    0x0800536a   0x00000002   Code   RO         3369    i.UsageFault_Handler  stm32f4xx_it.o
    0x0800536c   0x00000028   Code   RO         3370    i.XJ_ext            stm32f4xx_it.o
    0x08005394   0x00000104   Code   RO         3371    i.Z_H_SaoMiao       stm32f4xx_it.o
    0x08005498   0x00000002   Code   RO         2909    i._Error_Handler    main.o
    0x0800549a   0x0000000e   Code   RO         3991    i.__scatterload_copy  mc_w.l(handlers.o)
    0x080054a8   0x00000002   Code   RO         3992    i.__scatterload_null  mc_w.l(handlers.o)
    0x080054aa   0x0000000e   Code   RO         3993    i.__scatterload_zeroinit  mc_w.l(handlers.o)
    0x080054b8   0x000000a8   Code   RO         3372    i.allfwei           stm32f4xx_it.o
    0x08005560   0x0000003c   Code   RO         3373    i.chk_kuaifan_24    stm32f4xx_it.o
    0x0800559c   0x0000003c   Code   RO         3374    i.chk_mowan         stm32f4xx_it.o
    0x080055d8   0x0000002c   Code   RO         3566    i.clr_8192_RD       moshicanshu.o
    0x08005604   0x00000040   Code   RO         3568    i.clr_f8            moshicanshu.o
    0x08005644   0x00000050   Code   RO         3569    i.dpdatclr          moshicanshu.o
    0x08005694   0x0000003c   Code   RO         3570    i.excfanwei         moshicanshu.o
    0x080056d0   0x0000003c   Code   RO         3571    i.excfanwei_STOP    moshicanshu.o
    0x0800570c   0x0000001c   Code   RO         3572    i.excomm_QJkz       moshicanshu.o
    0x08005728   0x00000030   Code   RO         3573    i.exczsfanwei_BJ    moshicanshu.o
    0x08005758   0x00000020   Code   RO         3574    i.exczsfanwei_ST    moshicanshu.o
    0x08005778   0x00000064   Code   RO         3576    i.exppfw            moshicanshu.o
    0x080057dc   0x0000001c   Code   RO         3577    i.fanchafanweixiabiao  moshicanshu.o
    0x080057f8   0x00000014   Code   RO         3578    i.fweipandin        moshicanshu.o
    0x0800580c   0x00000da8   Code   RO         2910    i.main              main.o
    0x080065b4   0x00000024   Code   RO         2911    i.setfanwei         main.o
    0x080065d8   0x00000134   Code   RO         3376    i.smypfwei          stm32f4xx_it.o
    0x0800670c   0x00000008   Data   RO         2761    .constdata          stm32f4xx_hal_dma.o
    0x08006714   0x00000010   Data   RO         2854    .constdata          system_stm32f4xx.o
    0x08006724   0x00000008   Data   RO         2855    .constdata          system_stm32f4xx.o
    0x0800672c   0x00000044   Data   RO         3579    .constdata          moshicanshu.o
    0x08006770   0x00000008   Data   RO         3583    .constdata          moshicanshu.o
    0x08006778   0x00000008   Data   RO         3584    .constdata          moshicanshu.o
    0x08006780   0x00000008   Data   RO         3585    .constdata          moshicanshu.o
    0x08006788   0x00000008   Data   RO         3586    .constdata          moshicanshu.o
    0x08006790   0x00000008   Data   RO         3587    .constdata          moshicanshu.o
    0x08006798   0x00000008   Data   RO         3588    .constdata          moshicanshu.o
    0x080067a0   0x00000008   Data   RO         3589    .constdata          moshicanshu.o
    0x080067a8   0x00000008   Data   RO         3590    .constdata          moshicanshu.o
    0x080067b0   0x00000008   Data   RO         3591    .constdata          moshicanshu.o
    0x080067b8   0x00000008   Data   RO         3592    .constdata          moshicanshu.o
    0x080067c0   0x00000008   Data   RO         3593    .constdata          moshicanshu.o
    0x080067c8   0x00000008   Data   RO         3594    .constdata          moshicanshu.o
    0x080067d0   0x00000008   Data   RO         3595    .constdata          moshicanshu.o
    0x080067d8   0x00000008   Data   RO         3596    .constdata          moshicanshu.o
    0x080067e0   0x00000008   Data   RO         3597    .constdata          moshicanshu.o
    0x080067e8   0x00000008   Data   RO         3598    .constdata          moshicanshu.o
    0x080067f0   0x00000005   Data   RO         3599    .constdata          moshicanshu.o
    0x080067f5   0x00000005   Data   RO         3600    .constdata          moshicanshu.o
    0x080067fa   0x00000006   Data   RO         3601    .constdata          moshicanshu.o
    0x08006800   0x00000005   Data   RO         3602    .constdata          moshicanshu.o
    0x08006805   0x00000006   Data   RO         3603    .constdata          moshicanshu.o
    0x0800680b   0x00000005   Data   RO         3604    .constdata          moshicanshu.o
    0x08006810   0x00000005   Data   RO         3605    .constdata          moshicanshu.o
    0x08006815   0x00000006   Data   RO         3606    .constdata          moshicanshu.o
    0x0800681b   0x00000006   Data   RO         3607    .constdata          moshicanshu.o
    0x08006821   0x00000005   Data   RO         3608    .constdata          moshicanshu.o
    0x08006826   0x00000006   Data   RO         3609    .constdata          moshicanshu.o
    0x0800682c   0x00000005   Data   RO         3610    .constdata          moshicanshu.o
    0x08006831   0x00000005   Data   RO         3611    .constdata          moshicanshu.o
    0x08006836   0x00000005   Data   RO         3612    .constdata          moshicanshu.o
    0x0800683b   0x00000005   Data   RO         3613    .constdata          moshicanshu.o
    0x08006840   0x00000006   Data   RO         3614    .constdata          moshicanshu.o
    0x08006846   0x00000005   Data   RO         3615    .constdata          moshicanshu.o
    0x0800684b   0x00000005   Data   RO         3616    .constdata          moshicanshu.o
    0x08006850   0x00000005   Data   RO         3617    .constdata          moshicanshu.o
    0x08006855   0x00000005   Data   RO         3618    .constdata          moshicanshu.o
    0x0800685a   0x00000005   Data   RO         3619    .constdata          moshicanshu.o
    0x0800685f   0x00000006   Data   RO         3620    .constdata          moshicanshu.o
    0x08006865   0x00000006   Data   RO         3621    .constdata          moshicanshu.o
    0x0800686b   0x00000006   Data   RO         3622    .constdata          moshicanshu.o
    0x08006871   0x00000006   Data   RO         3623    .constdata          moshicanshu.o
    0x08006877   0x00000006   Data   RO         3624    .constdata          moshicanshu.o
    0x0800687d   0x00000006   Data   RO         3625    .constdata          moshicanshu.o
    0x08006883   0x00000005   Data   RO         3626    .constdata          moshicanshu.o
    0x08006888   0x00000005   Data   RO         3627    .constdata          moshicanshu.o
    0x0800688d   0x00000005   Data   RO         3628    .constdata          moshicanshu.o
    0x08006892   0x00000005   Data   RO         3629    .constdata          moshicanshu.o
    0x08006897   0x00000006   Data   RO         3630    .constdata          moshicanshu.o
    0x0800689d   0x00000005   Data   RO         3631    .constdata          moshicanshu.o
    0x080068a2   0x00000005   Data   RO         3632    .constdata          moshicanshu.o
    0x080068a7   0x00000006   Data   RO         3633    .constdata          moshicanshu.o
    0x080068ad   0x00000006   Data   RO         3634    .constdata          moshicanshu.o
    0x080068b3   0x00000006   Data   RO         3635    .constdata          moshicanshu.o
    0x080068b9   0x00000006   Data   RO         3636    .constdata          moshicanshu.o
    0x080068bf   0x00000006   Data   RO         3637    .constdata          moshicanshu.o
    0x080068c5   0x00000005   Data   RO         3638    .constdata          moshicanshu.o
    0x080068ca   0x00000005   Data   RO         3639    .constdata          moshicanshu.o
    0x080068cf   0x00000005   Data   RO         3640    .constdata          moshicanshu.o
    0x080068d4   0x00000005   Data   RO         3641    .constdata          moshicanshu.o
    0x080068d9   0x00000005   Data   RO         3642    .constdata          moshicanshu.o
    0x080068de   0x00000005   Data   RO         3643    .constdata          moshicanshu.o
    0x080068e3   0x00000005   Data   RO         3644    .constdata          moshicanshu.o
    0x080068e8   0x00000005   Data   RO         3645    .constdata          moshicanshu.o
    0x080068ed   0x00000005   Data   RO         3646    .constdata          moshicanshu.o
    0x080068f2   0x00000009   Data   RO         3647    .constdata          moshicanshu.o
    0x080068fb   0x00000009   Data   RO         3648    .constdata          moshicanshu.o
    0x08006904   0x00000009   Data   RO         3649    .constdata          moshicanshu.o
    0x0800690d   0x00000009   Data   RO         3650    .constdata          moshicanshu.o
    0x08006916   0x00000009   Data   RO         3651    .constdata          moshicanshu.o
    0x0800691f   0x00000009   Data   RO         3652    .constdata          moshicanshu.o
    0x08006928   0x00000009   Data   RO         3653    .constdata          moshicanshu.o
    0x08006931   0x00000009   Data   RO         3654    .constdata          moshicanshu.o
    0x0800693a   0x00000009   Data   RO         3655    .constdata          moshicanshu.o
    0x08006943   0x00000009   Data   RO         3656    .constdata          moshicanshu.o
    0x0800694c   0x00000009   Data   RO         3657    .constdata          moshicanshu.o
    0x08006955   0x00000009   Data   RO         3658    .constdata          moshicanshu.o
    0x0800695e   0x00000009   Data   RO         3659    .constdata          moshicanshu.o
    0x08006967   0x00000009   Data   RO         3660    .constdata          moshicanshu.o
    0x08006970   0x00000009   Data   RO         3661    .constdata          moshicanshu.o
    0x08006979   0x00000009   Data   RO         3662    .constdata          moshicanshu.o
    0x08006982   0x00000009   Data   RO         3663    .constdata          moshicanshu.o
    0x0800698b   0x00000009   Data   RO         3664    .constdata          moshicanshu.o
    0x08006994   0x00000009   Data   RO         3665    .constdata          moshicanshu.o
    0x0800699d   0x00000009   Data   RO         3666    .constdata          moshicanshu.o
    0x080069a6   0x00000009   Data   RO         3667    .constdata          moshicanshu.o
    0x080069af   0x00000009   Data   RO         3668    .constdata          moshicanshu.o
    0x080069b8   0x00000009   Data   RO         3669    .constdata          moshicanshu.o
    0x080069c1   0x00000009   Data   RO         3670    .constdata          moshicanshu.o
    0x080069ca   0x00000009   Data   RO         3671    .constdata          moshicanshu.o
    0x080069d3   0x00000009   Data   RO         3672    .constdata          moshicanshu.o
    0x080069dc   0x00000009   Data   RO         3673    .constdata          moshicanshu.o
    0x080069e5   0x00000009   Data   RO         3674    .constdata          moshicanshu.o
    0x080069ee   0x00000009   Data   RO         3675    .constdata          moshicanshu.o
    0x080069f7   0x00000009   Data   RO         3676    .constdata          moshicanshu.o
    0x08006a00   0x00000009   Data   RO         3677    .constdata          moshicanshu.o
    0x08006a09   0x00000009   Data   RO         3678    .constdata          moshicanshu.o
    0x08006a12   0x00000003   Data   RO         3679    .constdata          moshicanshu.o
    0x08006a15   0x00000003   Data   RO         3680    .constdata          moshicanshu.o
    0x08006a18   0x00000009   Data   RO         3681    .constdata          moshicanshu.o
    0x08006a21   0x00000009   Data   RO         3682    .constdata          moshicanshu.o
    0x08006a2a   0x00000003   Data   RO         3683    .constdata          moshicanshu.o
    0x08006a2d   0x00000003   Data   RO         3684    .constdata          moshicanshu.o
    0x08006a30   0x00000003   Data   RO         3685    .constdata          moshicanshu.o
    0x08006a33   0x00000009   Data   RO         3686    .constdata          moshicanshu.o
    0x08006a3c   0x00000009   Data   RO         3687    .constdata          moshicanshu.o
    0x08006a45   0x00000003   Data   RO         3688    .constdata          moshicanshu.o
    0x08006a48   0x00000003   Data   RO         3689    .constdata          moshicanshu.o
    0x08006a4b   0x00000003   Data   RO         3690    .constdata          moshicanshu.o
    0x08006a4e   0x00000009   Data   RO         3691    .constdata          moshicanshu.o
    0x08006a57   0x00000009   Data   RO         3692    .constdata          moshicanshu.o
    0x08006a60   0x00000003   Data   RO         3693    .constdata          moshicanshu.o
    0x08006a63   0x00000003   Data   RO         3694    .constdata          moshicanshu.o
    0x08006a66   0x00000002   PAD
    0x08006a68   0x00000020   Data   RO         3989    Region$$Table       anon$$obj.o


    Execution Region RW_IRAM1 (Base: 0x20000000, Size: 0x00002188, Max: 0x00020000, ABSOLUTE, COMPRESSED[0x0000017c])

    Base Addr    Size         Type   Attr      Idx    E Section Name        Object

    0x20000000   0x00000004   Data   RW         1126    .data               stm32f4xx_hal.o
    0x20000004   0x00000004   Data   RW         2856    .data               system_stm32f4xx.o
    0x20000008   0x00000001   Data   RW         2921    .data               main.o
    0x20000009   0x00000001   Data   RW         2922    .data               main.o
    0x2000000a   0x00000001   Data   RW         2923    .data               main.o
    0x2000000b   0x00000001   PAD
    0x2000000c   0x0000006e   Data   RW         2924    .data               main.o
    0x2000007a   0x00000002   PAD
    0x2000007c   0x00000008   Data   RW         2926    .data               main.o
    0x20000084   0x00000008   Data   RW         2927    .data               main.o
    0x2000008c   0x00000006   Data   RW         2928    .data               main.o
    0x20000092   0x00000002   Data   RW         2929    .data               main.o
    0x20000094   0x00000004   Data   RW         2930    .data               main.o
    0x20000098   0x00000004   Data   RW         2931    .data               main.o
    0x2000009c   0x00000004   Data   RW         2932    .data               main.o
    0x200000a0   0x00000001   Data   RW         2937    .data               main.o
    0x200000a1   0x00000001   Data   RW         2938    .data               main.o
    0x200000a2   0x00000001   Data   RW         2939    .data               main.o
    0x200000a3   0x00000001   Data   RW         2940    .data               main.o
    0x200000a4   0x00000004   Data   RW         2941    .data               main.o
    0x200000a8   0x00000004   Data   RW         2942    .data               main.o
    0x200000ac   0x00000001   Data   RW         2944    .data               main.o
    0x200000ad   0x00000001   Data   RW         2946    .data               main.o
    0x200000ae   0x00000001   Data   RW         2951    .data               main.o
    0x200000af   0x00000001   Data   RW         2955    .data               main.o
    0x200000b0   0x00000001   Data   RW         2956    .data               main.o
    0x200000b1   0x00000001   Data   RW         2958    .data               main.o
    0x200000b2   0x00000001   Data   RW         2959    .data               main.o
    0x200000b3   0x00000001   Data   RW         2960    .data               main.o
    0x200000b4   0x00000001   Data   RW         2961    .data               main.o
    0x200000b5   0x00000001   Data   RW         2970    .data               main.o
    0x200000b6   0x00000001   Data   RW         2971    .data               main.o
    0x200000b7   0x00000001   Data   RW         2972    .data               main.o
    0x200000b8   0x00000001   Data   RW         2974    .data               main.o
    0x200000b9   0x00000001   Data   RW         2975    .data               main.o
    0x200000ba   0x00000001   Data   RW         2977    .data               main.o
    0x200000bb   0x00000001   Data   RW         2979    .data               main.o
    0x200000bc   0x00000001   Data   RW         2980    .data               main.o
    0x200000bd   0x00000001   Data   RW         2981    .data               main.o
    0x200000be   0x00000002   Data   RW         2984    .data               main.o
    0x200000c0   0x00000002   Data   RW         2985    .data               main.o
    0x200000c2   0x00000002   Data   RW         2987    .data               main.o
    0x200000c4   0x00000002   Data   RW         2988    .data               main.o
    0x200000c6   0x00000002   PAD
    0x200000c8   0x00000004   Data   RW         2989    .data               main.o
    0x200000cc   0x00000004   Data   RW         2991    .data               main.o
    0x200000d0   0x00000004   Data   RW         2994    .data               main.o
    0x200000d4   0x00000004   Data   RW         2995    .data               main.o
    0x200000d8   0x00000004   Data   RW         2996    .data               main.o
    0x200000dc   0x00000004   Data   RW         2998    .data               main.o
    0x200000e0   0x00000002   Data   RW         2999    .data               main.o
    0x200000e2   0x00000002   Data   RW         3001    .data               main.o
    0x200000e4   0x00000002   Data   RW         3002    .data               main.o
    0x200000e6   0x00000002   Data   RW         3003    .data               main.o
    0x200000e8   0x00000004   Data   RW         3006    .data               main.o
    0x200000ec   0x00000004   Data   RW         3009    .data               main.o
    0x200000f0   0x00000002   Data   RW         3014    .data               main.o
    0x200000f2   0x00000001   Data   RW         3024    .data               main.o
    0x200000f3   0x00000001   Data   RW         3026    .data               main.o
    0x200000f4   0x00000001   Data   RW         3027    .data               main.o
    0x200000f5   0x00000001   Data   RW         3030    .data               main.o
    0x200000f6   0x00000001   Data   RW         3032    .data               main.o
    0x200000f7   0x00000001   Data   RW         3033    .data               main.o
    0x200000f8   0x00000001   Data   RW         3034    .data               main.o
    0x200000f9   0x00000001   PAD
    0x200000fa   0x00000002   Data   RW         3038    .data               main.o
    0x200000fc   0x00000001   Data   RW         3040    .data               main.o
    0x200000fd   0x00000003   PAD
    0x20000100   0x00000008   Data   RW         3256    .data               stm32f4xx_hal_msp.o
    0x20000108   0x00000010   Data   RW         3377    .data               stm32f4xx_it.o
    0x20000118   0x00000040   Data   RW         3818    .data               moshicanshu.o
    0x20000158   0x00000040   Data   RW         3819    .data               moshicanshu.o
    0x20000198   0x00000040   Data   RW         3820    .data               moshicanshu.o
    0x200001d8   0x00000040   Data   RW         3821    .data               moshicanshu.o
    0x20000218   0x00000040   Data   RW         3822    .data               moshicanshu.o
    0x20000258   0x00000040   Data   RW         3823    .data               moshicanshu.o
    0x20000298   0x00000040   Data   RW         3824    .data               moshicanshu.o
    0x200002d8   0x00000040   Data   RW         3825    .data               moshicanshu.o
    0x20000318   0x00000020   Data   RW         3826    .data               moshicanshu.o
    0x20000338   0x000015f4   Zero   RW         2912    .bss                main.o
    0x2000192c   0x00000060   Zero   RW         2913    .bss                main.o
    0x2000198c   0x00000060   Zero   RW         2914    .bss                main.o
    0x200019ec   0x0000001c   Zero   RW         2916    .bss                main.o
    0x20001a08   0x00000024   Zero   RW         2917    .bss                main.o
    0x20001a2c   0x00000030   Zero   RW         2920    .bss                main.o
    0x20001a5c   0x00000028   Zero   RW         3255    .bss                stm32f4xx_hal_msp.o
    0x20001a84   0x00000004   PAD
    0x20001a88   0x00000700   Zero   RW         2887    STACK               startup_stm32f405xx.o


==============================================================================

Image component sizes


      Code (inc. data)   RO Data    RW Data    ZI Data      Debug   Object Name

      4748        326          0        239       5924     667830   main.o
      1052        196        826        544          0      19538   moshicanshu.o
        36          8        392          0       1792        840   startup_stm32f405xx.o
       120         22          0          4          0       4119   stm32f4xx_hal.o
      1912         20          0          0          0     649512   stm32f4xx_hal_can.o
       228         14          0          0          0      32593   stm32f4xx_hal_cortex.o
      1006         22          8          0          0       6956   stm32f4xx_hal_dma.o
       806         90          0          0          0       5553   stm32f4xx_hal_gpio.o
      2018         36          0          0          0      14165   stm32f4xx_hal_i2c.o
      1392        168          0          8         40       8493   stm32f4xx_hal_msp.o
      1340         62          0          0          0       5365   stm32f4xx_hal_rcc.o
       846         22          0          0          0      11242   stm32f4xx_hal_spi.o
       986         44          0          0          0      11187   stm32f4xx_hal_tim.o
        84          0          0          0          0       2614   stm32f4xx_hal_tim_ex.o
      8024       1226          0         16          0      23133   stm32f4xx_it.o
        84         18         24          4          0       1303   system_stm32f4xx.o

    ----------------------------------------------------------------------
     24706       2274       1284        824       7760    1464443   Object Totals
         0          0         32          0          0          0   (incl. Generated)
        24          0          2          9          4          0   (incl. Padding)

    ----------------------------------------------------------------------

      Code (inc. data)   RO Data    RW Data    ZI Data      Debug   Library Member Name

        86          0          0          0          0          0   __dczerorl2.o
         0          0          0          0          0          0   entry.o
         0          0          0          0          0          0   entry10a.o
         0          0          0          0          0          0   entry11a.o
         8          4          0          0          0          0   entry2.o
         4          0          0          0          0          0   entry5.o
         0          0          0          0          0          0   entry7b.o
         0          0          0          0          0          0   entry8b.o
         8          4          0          0          0          0   entry9a.o
        30          0          0          0          0          0   handlers.o
        36          8          0          0          0         68   init.o
         0          0          0          0          0          0   iusefp.o
        30          0          0          0          0         68   llshl.o
        32          0          0          0          0         68   llushr.o
        36          0          0          0          0         68   memcpya.o
        56          0          0          0          0         88   d2f.o
       222          0          0          0          0        100   ddiv.o
       186          0          0          0          0        176   depilogue.o
        62          0          0          0          0         80   dfixi.o
        50          0          0          0          0         76   dfixui.o
        34          0          0          0          0         76   dflti.o
        26          0          0          0          0         76   dfltui.o
       228          0          0          0          0         96   dmul.o
        38          0          0          0          0         68   f2d.o
       110          0          0          0          0        168   fepilogue.o

    ----------------------------------------------------------------------
      1282         16          0          0          0       1276   Library Totals
         0          0          0          0          0          0   (incl. Padding)

    ----------------------------------------------------------------------

      Code (inc. data)   RO Data    RW Data    ZI Data      Debug   Library Name

       270         16          0          0          0        272   mc_w.l
      1012          0          0          0          0       1004   mf_w.l

    ----------------------------------------------------------------------
      1282         16          0          0          0       1276   Library Totals

    ----------------------------------------------------------------------

==============================================================================


      Code (inc. data)   RO Data    RW Data    ZI Data      Debug   

     25988       2290       1284        824       7760    1451131   Grand Totals
     25988       2290       1284        380       7760    1451131   ELF Image Totals (compressed)
     25988       2290       1284        380          0          0   ROM Totals

==============================================================================

    Total RO  Size (Code + RO Data)                27272 (  26.63kB)
    Total RW  Size (RW Data + ZI Data)              8584 (   8.38kB)
    Total ROM Size (Code + RO Data + RW Data)      27652 (  27.00kB)

==============================================================================

